Archive member included to satisfy reference by file (symbol)

.\CortexM3\ARM_GCC_541\Debug\Green_House.a(CyLib.o)
                              .\CortexM3\ARM_GCC_541\Debug\Cm3Start.o (CyHalt)
.\CortexM3\ARM_GCC_541\Debug\Green_House.a(cyPm.o)
                              .\CortexM3\ARM_GCC_541\Debug\Green_House.a(CyLib.o) (CyPmReadStatus)
.\CortexM3\ARM_GCC_541\Debug\Green_House.a(cy_em_eeprom.o)
                              .\CortexM3\ARM_GCC_541\Debug\main.o (Cy_Em_EEPROM_Read)
.\CortexM3\ARM_GCC_541\Debug\Green_House.a(UART.o)
                              .\CortexM3\ARM_GCC_541\Debug\main.o (UART_Start)
.\CortexM3\ARM_GCC_541\Debug\Green_House.a(isr_UART.o)
                              .\CortexM3\ARM_GCC_541\Debug\main.o (isr_UART_StartEx)
.\CortexM3\ARM_GCC_541\Debug\Green_House.a(UART_IntClock.o)
                              .\CortexM3\ARM_GCC_541\Debug\Green_House.a(UART.o) (UART_IntClock_Start)
.\CortexM3\ARM_GCC_541\Debug\Green_House.a(Timer.o)
                              .\CortexM3\ARM_GCC_541\Debug\main.o (Timer_ReadStatusRegister)
.\CortexM3\ARM_GCC_541\Debug\Green_House.a(PWM.o)
                              .\CortexM3\ARM_GCC_541\Debug\main.o (PWM_WriteCompare)
.\CortexM3\ARM_GCC_541\Debug\Green_House.a(isr_PWM.o)
                              .\CortexM3\ARM_GCC_541\Debug\main.o (isr_PWM_StartEx)
.\CortexM3\ARM_GCC_541\Debug\Green_House.a(isr_Timer.o)
                              .\CortexM3\ARM_GCC_541\Debug\main.o (isr_Timer_StartEx)
.\CortexM3\ARM_GCC_541\Debug\Green_House.a(LED_Heating.o)
                              .\CortexM3\ARM_GCC_541\Debug\main.o (LED_Heating_Write)
.\CortexM3\ARM_GCC_541\Debug\Green_House.a(OneWirePin.o)
                              .\CortexM3\ARM_GCC_541\Debug\OneWireLab.o (OneWirePin_Write)
.\CortexM3\ARM_GCC_541\Debug\Green_House.a(CapSense.o)
                              .\CortexM3\ARM_GCC_541\Debug\main.o (CapSense_IsBusy)
.\CortexM3\ARM_GCC_541\Debug\Green_House.a(CapSense_INT.o)
                              .\CortexM3\ARM_GCC_541\Debug\Green_House.a(CapSense.o) (CapSense_IsrCH0_ISR)
.\CortexM3\ARM_GCC_541\Debug\Green_House.a(CapSense_SMS_Wrapper.o)
                              .\CortexM3\ARM_GCC_541\Debug\Green_House.a(CapSense.o) (CapSense_AutoTune)
.\CortexM3\ARM_GCC_541\Debug\Green_House.a(CapSense_CompCH0.o)
                              .\CortexM3\ARM_GCC_541\Debug\Green_House.a(CapSense.o) (CapSense_CompCH0_Enable)
.\CortexM3\ARM_GCC_541\Debug\Green_House.a(CapSense_IdacCH0.o)
                              .\CortexM3\ARM_GCC_541\Debug\Green_House.a(CapSense.o) (CapSense_IdacCH0_Enable)
.\CortexM3\ARM_GCC_541\Debug\Green_House.a(CapSense_AMuxCH0.o)
                              .\CortexM3\ARM_GCC_541\Debug\Green_House.a(CapSense.o) (CapSense_AMuxCH0_Init)
.\CortexM3\ARM_GCC_541\Debug\Green_House.a(CapSense_IntClock.o)
                              .\CortexM3\ARM_GCC_541\Debug\Green_House.a(CapSense.o) (CapSense_IntClock_Start)
.\CortexM3\ARM_GCC_541\Debug\Green_House.a(OneWirePin2.o)
                              .\CortexM3\ARM_GCC_541\Debug\OneWireLab.o (OneWirePin2_Write)
.\CortexM3\ARM_GCC_541\Debug\Green_House.a(Em_EEPROM.o)
                              .\CortexM3\ARM_GCC_541\Debug\main.o (Em_EEPROM_Init)
.\CortexM3\ARM_GCC_541\Debug\Green_House.a(RTC.o)
                              .\CortexM3\ARM_GCC_541\Debug\main.o (RTC_Init)
.\CortexM3\ARM_GCC_541\Debug\Green_House.a(RTC_INT.o)
                              .\CortexM3\ARM_GCC_541\Debug\Green_House.a(RTC.o) (RTC_ISR)
.\CortexM3\ARM_GCC_541\Debug\Green_House.a(CyBootAsmGnu.o)
                              .\CortexM3\ARM_GCC_541\Debug\cyfitter_cfg.o (CyDelayCycles)
.\CortexM3\ARM_GCC_541\Debug\Green_House.a(CyFlash.o)
                              .\CortexM3\ARM_GCC_541\Debug\Green_House.a(cy_em_eeprom.o) (CySetTemp)
.\CortexM3\ARM_GCC_541\Debug\Green_House.a(CySpc.o)
                              .\CortexM3\ARM_GCC_541\Debug\Green_House.a(CyFlash.o) (CySpcStart)
.\CortexM3\ARM_GCC_541\Debug\Green_House.a(CapSense_CSHL.o)
                              .\CortexM3\ARM_GCC_541\Debug\Green_House.a(CapSense_SMS_Wrapper.o) (CapSense_sensorBaseline)
C:\Program Files (x86)\Cypress\PSoC Creator\4.4\PSoC Creator\psoc\content\CyComponentLibrary\CyComponentLibrary.cylib\CapSense_CSD_v3_50\Library\CapSenseLibrary_GCC.a(CapSense_CSD_SmartSense_v3_50.o)
                              .\CortexM3\ARM_GCC_541\Debug\Green_House.a(CapSense_SMS_Wrapper.o) (SMS_LIB_V3_50_CalculateThresholds)
c:/program files (x86)/cypress/psoc creator/4.4/psoc creator/import/gnu/arm/5.4.1/bin/../lib/gcc/arm-none-eabi/5.4.1/armv7-m\libgcc.a(_udivsi3.o)
                              C:\Program Files (x86)\Cypress\PSoC Creator\4.4\PSoC Creator\psoc\content\CyComponentLibrary\CyComponentLibrary.cylib\CapSense_CSD_v3_50\Library\CapSenseLibrary_GCC.a(CapSense_CSD_SmartSense_v3_50.o) (__aeabi_uidiv)
[...]
Memory Configuration

Name             Origin             Length             Attributes
rom              0x00000000         0x00040000         xr
ram              0x1fff8000         0x00010000         xrw
*default*        0x00000000         0xffffffff

Linker script and memory map

LOAD c:/program files (x86)/cypress/psoc creator/4.4/psoc creator/import/gnu/arm/5.4.1/bin/../lib/gcc/arm-none-eabi/5.4.1/armv7-m/crti.o
LOAD c:/program files (x86)/cypress/psoc creator/4.4/psoc creator/import/gnu/arm/5.4.1/bin/../lib/gcc/arm-none-eabi/5.4.1/armv7-m/crtbegin.o
LOAD c:/program files (x86)/cypress/psoc creator/4.4/psoc creator/import/gnu/arm/5.4.1/bin/../lib/gcc/arm-none-eabi/5.4.1/../../../../arm-none-eabi/lib/armv7-m/crt0.o
START GROUP
LOAD .\CortexM3\ARM_GCC_541\Debug\main.o
LOAD .\CortexM3\ARM_GCC_541\Debug\OneWireLab.o
LOAD .\CortexM3\ARM_GCC_541\Debug\cyfitter_cfg.o
LOAD .\CortexM3\ARM_GCC_541\Debug\cymetadata.o
LOAD .\CortexM3\ARM_GCC_541\Debug\Cm3Start.o
LOAD .\CortexM3\ARM_GCC_541\Debug\Green_House.a
LOAD C:\Program Files (x86)\Cypress\PSoC Creator\4.4\PSoC Creator\psoc\content\CyComponentLibrary\CyComponentLibrary.cylib\CapSense_CSD_v3_50\Library\CapSenseLibrary_GCC.a
LOAD C:\Program Files (x86)\Cypress\PSoC Creator\4.4\PSoC Creator\psoc\content\cycomponentlibrary\CyComponentLibrary.cylib\CortexM3\ARM_GCC_541\Debug\CyComponentLibrary.a
END GROUP
START GROUP
LOAD c:/program files (x86)/cypress/psoc creator/4.4/psoc creator/import/gnu/arm/5.4.1/bin/../lib/gcc/arm-none-eabi/5.4.1/armv7-m\libgcc.a
LOAD c:/program files (x86)/cypress/psoc creator/4.4/psoc creator/import/gnu/arm/5.4.1/bin/../lib/gcc/arm-none-eabi/5.4.1/../../../../arm-none-eabi/lib/armv7-m\libg_nano.a
LOAD c:/program files (x86)/cypress/psoc creator/4.4/psoc creator/import/gnu/arm/5.4.1/bin/../lib/gcc/arm-none-eabi/5.4.1/../../../../arm-none-eabi/lib/armv7-m\libc_nano.a
END GROUP
START GROUP
LOAD c:/program files (x86)/cypress/psoc creator/4.4/psoc creator/import/gnu/arm/5.4.1/bin/../lib/gcc/arm-none-eabi/5.4.1/armv7-m\libgcc.a
LOAD c:/program files (x86)/cypress/psoc creator/4.4/psoc creator/import/gnu/arm/5.4.1/bin/../lib/gcc/arm-none-eabi/5.4.1/../../../../arm-none-eabi/lib/armv7-m\libc_nano.a
END GROUP
LOAD c:/program files (x86)/cypress/psoc creator/4.4/psoc creator/import/gnu/arm/5.4.1/bin/../lib/gcc/arm-none-eabi/5.4.1/armv7-m/crtend.o
LOAD c:/program files (x86)/cypress/psoc creator/4.4/psoc creator/import/gnu/arm/5.4.1/bin/../lib/gcc/arm-none-eabi/5.4.1/armv7-m/crtn.o
START GROUP
LOAD c:/program files (x86)/cypress/psoc creator/4.4/psoc creator/import/gnu/arm/5.4.1/bin/../lib/gcc/arm-none-eabi/5.4.1/armv7-m\libgcc.a
LOAD c:/program files (x86)/cypress/psoc creator/4.4/psoc creator/import/gnu/arm/5.4.1/bin/../lib/gcc/arm-none-eabi/5.4.1/../../../../arm-none-eabi/lib/armv7-m\libc.a
LOAD c:/program files (x86)/cypress/psoc creator/4.4/psoc creator/import/gnu/arm/5.4.1/bin/../lib/gcc/arm-none-eabi/5.4.1/../../../../arm-none-eabi/lib/armv7-m\libnosys.a
END GROUP
                0x00000000                CY_APPL_ORIGIN = 0x0
                0x00000100                CY_FLASH_ROW_SIZE = 0x100
                0x00000020                CY_ECC_ROW_SIZE = 0x20
                0x00000000                CY_EE_IN_BTLDR = 0x0
                0x00000000                CY_APPL_LOADABLE = 0x0
                0x00000800                CY_EE_SIZE = 0x800
                0x00000001                CY_APPL_NUM = 0x1
                0x00000001                CY_APPL_MAX = 0x1
                0x00000040                CY_METADATA_SIZE = 0x40
                0x00000000                CY_APPL_LOADABLE = 0x0
                0x00000000                CY_CHECKSUM_EXCLUDE_SIZE = ALIGN (0x0, CY_FLASH_ROW_SIZE)
                [!provide]                PROVIDE (__cy_heap_start, _end)
                0x00000001                PROVIDE (__cy_region_num, ((__cy_regions_end - __cy_regions) / 0x10))
                0x20008000                PROVIDE (__cy_stack, (ORIGIN (ram) + LENGTH (ram)))
                [!provide]                PROVIDE (__cy_heap_end, (__cy_stack - 0x800))

.cybootloader   0x00000000        0x0
 *(.cybootloader)
                0x00000000                appl1_start = CY_APPL_ORIGIN?CY_APPL_ORIGIN:ALIGN (CY_FLASH_ROW_SIZE)
                0x0001ff00                appl2_start = (appl1_start + ALIGN ((((LENGTH (rom) - appl1_start) - (0x2 * CY_FLASH_ROW_SIZE)) / 0x2), CY_FLASH_ROW_SIZE))
                0x00000000                appl_start = (CY_APPL_NUM == 0x1)?appl1_start:appl2_start
                0x00000000                ecc_offset = ((appl_start / CY_FLASH_ROW_SIZE) * CY_ECC_ROW_SIZE)
                0x00000000                ee_offset = (CY_APPL_LOADABLE && ! (CY_EE_IN_BTLDR))?((CY_EE_SIZE / CY_APPL_MAX) * (CY_APPL_NUM - 0x1)):0x0
                0x00000800                ee_size = (CY_APPL_LOADABLE && ! (CY_EE_IN_BTLDR))?(CY_EE_SIZE / CY_APPL_MAX):CY_EE_SIZE
                [!provide]                PROVIDE (CY_ECC_OFFSET, ecc_offset)

.text           0x00000000     0x542c
 CREATE_OBJECT_SYMBOLS
                0x00000000                PROVIDE (__cy_interrupt_vector, RomVectors)
 *(.romvectors)
 .romvectors    0x00000000       0x10 .\CortexM3\ARM_GCC_541\Debug\Cm3Start.o
                0x00000000                RomVectors
                0x00000001                ASSERT ((. != __cy_interrupt_vector), No interrupt vector)
                0x00000001                ASSERT (CY_APPL_ORIGIN?(SIZEOF (.cybootloader) <= CY_APPL_ORIGIN):0x1, Wrong image location)
                0x00000010                PROVIDE (__cy_reset, Reset)
 *(.text.Reset)
 .text.Reset    0x00000010       0x18 .\CortexM3\ARM_GCC_541\Debug\Cm3Start.o
                0x00000010                Reset
                0x00000001                ASSERT ((. != __cy_reset), No reset code)
 *(.dma_init)
                0x00000001                ASSERT ((((appl_start + .) <= 0x10000) || 0x1), DMA Init must be within the first 64k of flash)
 *(.text .text.* .gnu.linkonce.t.*)
 .text          0x00000028       0x5c c:/program files (x86)/cypress/psoc creator/4.4/psoc creator/import/gnu/arm/5.4.1/bin/../lib/gcc/arm-none-eabi/5.4.1/armv7-m/crtbegin.o
 .text.Rtc_PrintDateTime
                0x00000084       0x4c .\CortexM3\ARM_GCC_541\Debug\main.o
 .text.my_isr_PWM
                0x000000d0       0x4c .\CortexM3\ARM_GCC_541\Debug\main.o
                0x000000d0                my_isr_PWM
 .text.heating_control
                0x0000011c       0x2c .\CortexM3\ARM_GCC_541\Debug\main.o
                0x0000011c                heating_control
 .text.window_position_control
                0x00000148       0x68 .\CortexM3\ARM_GCC_541\Debug\main.o
                0x00000148                window_position_control
 .text.read_Room_Temp
                0x000001b0       0x1c .\CortexM3\ARM_GCC_541\Debug\main.o
                0x000001b0                read_Room_Temp
 .text.get_soil_temp
                0x000001cc        0xc .\CortexM3\ARM_GCC_541\Debug\main.o
                0x000001cc                get_soil_temp
 .text.get_CapData
                0x000001d8       0x20 .\CortexM3\ARM_GCC_541\Debug\main.o
                0x000001d8                get_CapData
 .text.save_str_to_eeprom
                0x000001f8       0x3c .\CortexM3\ARM_GCC_541\Debug\main.o
                0x000001f8                save_str_to_eeprom
 .text.my_isr_TIMER
                0x00000234       0x64 .\CortexM3\ARM_GCC_541\Debug\main.o
                0x00000234                my_isr_TIMER
 .text.get_str_from_eeprom
                0x00000298       0x4c .\CortexM3\ARM_GCC_541\Debug\main.o
                0x00000298                get_str_from_eeprom
 .text.print_data_from_eeprom
                0x000002e4       0x4c .\CortexM3\ARM_GCC_541\Debug\main.o
                0x000002e4                print_data_from_eeprom
 .text.print_em_eeprom_error
                0x00000330       0x68 .\CortexM3\ARM_GCC_541\Debug\main.o
                0x00000330                print_em_eeprom_error
 .text.main     0x00000398       0xb8 .\CortexM3\ARM_GCC_541\Debug\main.o
                0x00000398                main
 .text.ValidateDateTime
                0x00000450       0xc8 .\CortexM3\ARM_GCC_541\Debug\main.o
                0x00000450                ValidateDateTime
 .text.Rtc_SetTime
                0x00000518      0x10c .\CortexM3\ARM_GCC_541\Debug\main.o
 .text.my_isr_UART
                0x00000624       0xe4 .\CortexM3\ARM_GCC_541\Debug\main.o
                0x00000624                my_isr_UART
 .text.OwReset  0x00000708       0x30 .\CortexM3\ARM_GCC_541\Debug\OneWireLab.o
                0x00000708                OwReset
 .text.Ow2Reset
                0x00000738       0x30 .\CortexM3\ARM_GCC_541\Debug\OneWireLab.o
                0x00000738                Ow2Reset
 .text.OwWriteBit
                0x00000768       0x3c .\CortexM3\ARM_GCC_541\Debug\OneWireLab.o
                0x00000768                OwWriteBit
 .text.Ow2WriteBit
                0x000007a4       0x3c .\CortexM3\ARM_GCC_541\Debug\OneWireLab.o
                0x000007a4                Ow2WriteBit
 .text.OwReadBit
                0x000007e0       0x2c .\CortexM3\ARM_GCC_541\Debug\OneWireLab.o
                0x000007e0                OwReadBit
 .text.Ow2ReadBit
                0x0000080c       0x2c .\CortexM3\ARM_GCC_541\Debug\OneWireLab.o
                0x0000080c                Ow2ReadBit
 .text.OwWriteByte
                0x00000838       0x1c .\CortexM3\ARM_GCC_541\Debug\OneWireLab.o
                0x00000838                OwWriteByte
 .text.Ow2WriteByte
                0x00000854       0x1c .\CortexM3\ARM_GCC_541\Debug\OneWireLab.o
                0x00000854                Ow2WriteByte
 .text.OneWireStart
                0x00000870       0x48 .\CortexM3\ARM_GCC_541\Debug\OneWireLab.o
                0x00000870                OneWireStart
 .text.OwReadByte
                0x000008b8       0x20 .\CortexM3\ARM_GCC_541\Debug\OneWireLab.o
                0x000008b8                OwReadByte
 .text.Ow2ReadByte
                0x000008d8       0x20 .\CortexM3\ARM_GCC_541\Debug\OneWireLab.o
                0x000008d8                Ow2ReadByte
 .text.OneWireRead_data
                0x000008f8      0x14c .\CortexM3\ARM_GCC_541\Debug\OneWireLab.o
                0x000008f8                OneWireRead_data
 .text.CyClockStartupError
                0x00000a44        0x4 .\CortexM3\ARM_GCC_541\Debug\cyfitter_cfg.o
 .text.cfg_write_bytes32
                0x00000a48       0x34 .\CortexM3\ARM_GCC_541\Debug\cyfitter_cfg.o
 .text.AnalogSetDefault
                0x00000a7c       0x40 .\CortexM3\ARM_GCC_541\Debug\cyfitter_cfg.o
 .text.CYMEMZERO
                0x00000abc        0xc .\CortexM3\ARM_GCC_541\Debug\cyfitter_cfg.o
 .text.ClockSetup
                0x00000ac8      0x130 .\CortexM3\ARM_GCC_541\Debug\cyfitter_cfg.o
 .text.CYCONFIGCPY
                0x00000bf8        0x8 .\CortexM3\ARM_GCC_541\Debug\cyfitter_cfg.o
 .text.CapSense_AMuxCH0_Set
                0x00000c00       0x1c .\CortexM3\ARM_GCC_541\Debug\cyfitter_cfg.o
                0x00000c00                CapSense_AMuxCH0_Set
 .text.cyfitter_cfg
                0x00000c1c      0x108 .\CortexM3\ARM_GCC_541\Debug\cyfitter_cfg.o
                0x00000c1c                cyfitter_cfg
 .text.IntDefaultHandler
                0x00000d24       0x10 .\CortexM3\ARM_GCC_541\Debug\Cm3Start.o
                0x00000d24                IntDefaultHandler
 .text._sbrk    0x00000d34       0x30 .\CortexM3\ARM_GCC_541\Debug\Cm3Start.o
                0x00000d34                _sbrk
 .text.Start_c  0x00000d64       0x4c .\CortexM3\ARM_GCC_541\Debug\Cm3Start.o
                0x00000d64                Start_c
 .text.initialize_psoc
                0x00000db0       0x68 .\CortexM3\ARM_GCC_541\Debug\Cm3Start.o
                0x00000db0                initialize_psoc
 .text.CyHalt   0x00000e18        0x4 .\CortexM3\ARM_GCC_541\Debug\Green_House.a(CyLib.o)
                0x00000e18                CyHalt
 .text.CyDelay  0x00000e1c       0x2c .\CortexM3\ARM_GCC_541\Debug\Green_House.a(CyLib.o)
                0x00000e1c                CyDelay
 .text.CyDelayUs
                0x00000e48       0x14 .\CortexM3\ARM_GCC_541\Debug\Green_House.a(CyLib.o)
                0x00000e48                CyDelayUs
 .text.CyFlushCache
                0x00000e5c       0x44 .\CortexM3\ARM_GCC_541\Debug\Green_House.a(CyLib.o)
                0x00000e5c                CyFlushCache
 .text.CyIntSetVector
                0x00000ea0       0x28 .\CortexM3\ARM_GCC_541\Debug\Green_House.a(CyLib.o)
                0x00000ea0                CyIntSetVector
 .text.CyIntSetPriority
                0x00000ec8       0x30 .\CortexM3\ARM_GCC_541\Debug\Green_House.a(CyLib.o)
                0x00000ec8                CyIntSetPriority
 .text.CyPmReadStatus
                0x00000ef8       0x30 .\CortexM3\ARM_GCC_541\Debug\Green_House.a(cyPm.o)
                0x00000ef8                CyPmReadStatus
 .text.FindLastWrittenRow
                0x00000f28       0x30 .\CortexM3\ARM_GCC_541\Debug\Green_House.a(cy_em_eeprom.o)
 .text.GetRowAddrBySeqNum
                0x00000f58       0x1c .\CortexM3\ARM_GCC_541\Debug\Green_House.a(cy_em_eeprom.o)
 .text.GetNextRowToWrite
                0x00000f74       0x5c .\CortexM3\ARM_GCC_541\Debug\Green_House.a(cy_em_eeprom.o)
 .text.CalcChecksum
                0x00000fd0       0x3c .\CortexM3\ARM_GCC_541\Debug\Green_House.a(cy_em_eeprom.o)
 .text.CheckRanges
                0x0000100c       0x34 .\CortexM3\ARM_GCC_541\Debug\Green_House.a(cy_em_eeprom.o)
 .text.GetAddresses
                0x00001040       0x90 .\CortexM3\ARM_GCC_541\Debug\Green_House.a(cy_em_eeprom.o)
 .text.WriteRow
                0x000010d0       0x2c .\CortexM3\ARM_GCC_541\Debug\Green_House.a(cy_em_eeprom.o)
 .text.FillChecksum
                0x000010fc       0x6c .\CortexM3\ARM_GCC_541\Debug\Green_House.a(cy_em_eeprom.o)
 .text.CheckCrcAndCopy
                0x00001168       0x78 .\CortexM3\ARM_GCC_541\Debug\Green_House.a(cy_em_eeprom.o)
 .text.EraseRow
                0x000011e0       0x30 .\CortexM3\ARM_GCC_541\Debug\Green_House.a(cy_em_eeprom.o)
 .text.Cy_Em_EEPROM_Init
                0x00001210       0x98 .\CortexM3\ARM_GCC_541\Debug\Green_House.a(cy_em_eeprom.o)
                0x00001210                Cy_Em_EEPROM_Init
 .text.Cy_Em_EEPROM_Read
                0x000012a8      0x1f4 .\CortexM3\ARM_GCC_541\Debug\Green_House.a(cy_em_eeprom.o)
                0x000012a8                Cy_Em_EEPROM_Read
 .text.Cy_Em_EEPROM_Write
                0x0000149c      0x16c .\CortexM3\ARM_GCC_541\Debug\Green_House.a(cy_em_eeprom.o)
                0x0000149c                Cy_Em_EEPROM_Write
 .text.Cy_Em_EEPROM_Erase
                0x00001608       0x64 .\CortexM3\ARM_GCC_541\Debug\Green_House.a(cy_em_eeprom.o)
                0x00001608                Cy_Em_EEPROM_Erase
 .text.UART_Init
                0x0000166c       0x28 .\CortexM3\ARM_GCC_541\Debug\Green_House.a(UART.o)
                0x0000166c                UART_Init
 .text.UART_Enable
                0x00001694       0x38 .\CortexM3\ARM_GCC_541\Debug\Green_House.a(UART.o)
                0x00001694                UART_Enable
 .text.UART_Start
                0x000016cc       0x1c .\CortexM3\ARM_GCC_541\Debug\Green_House.a(UART.o)
                0x000016cc                UART_Start
 .text.UART_GetChar
                0x000016e8       0x2c .\CortexM3\ARM_GCC_541\Debug\Green_House.a(UART.o)
                0x000016e8                UART_GetChar
 .text.UART_ClearRxBuffer
                0x00001714       0x24 .\CortexM3\ARM_GCC_541\Debug\Green_House.a(UART.o)
                0x00001714                UART_ClearRxBuffer
 .text.UART_PutChar
                0x00001738       0x18 .\CortexM3\ARM_GCC_541\Debug\Green_House.a(UART.o)
                0x00001738                UART_PutChar
 .text.UART_PutString
                0x00001750       0x24 .\CortexM3\ARM_GCC_541\Debug\Green_House.a(UART.o)
                0x00001750                UART_PutString
 .text.isr_UART_SetVector
                0x00001774        0xc .\CortexM3\ARM_GCC_541\Debug\Green_House.a(isr_UART.o)
                0x00001774                isr_UART_SetVector
 .text.isr_UART_SetPriority
                0x00001780       0x10 .\CortexM3\ARM_GCC_541\Debug\Green_House.a(isr_UART.o)
                0x00001780                isr_UART_SetPriority
 .text.isr_UART_Enable
                0x00001790        0xc .\CortexM3\ARM_GCC_541\Debug\Green_House.a(isr_UART.o)
                0x00001790                isr_UART_Enable
 .text.isr_UART_Disable
                0x0000179c        0xc .\CortexM3\ARM_GCC_541\Debug\Green_House.a(isr_UART.o)
                0x0000179c                isr_UART_Disable
 .text.isr_UART_StartEx
                0x000017a8       0x1c .\CortexM3\ARM_GCC_541\Debug\Green_House.a(isr_UART.o)
                0x000017a8                isr_UART_StartEx
 .text.isr_UART_ClearPending
                0x000017c4        0xc .\CortexM3\ARM_GCC_541\Debug\Green_House.a(isr_UART.o)
                0x000017c4                isr_UART_ClearPending
 .text.UART_IntClock_Start
                0x000017d0       0x1c .\CortexM3\ARM_GCC_541\Debug\Green_House.a(UART_IntClock.o)
                0x000017d0                UART_IntClock_Start
 .text.Timer_Enable
                0x000017ec       0x10 .\CortexM3\ARM_GCC_541\Debug\Green_House.a(Timer.o)
                0x000017ec                Timer_Enable
 .text.Timer_SetInterruptMode
                0x000017fc        0xc .\CortexM3\ARM_GCC_541\Debug\Green_House.a(Timer.o)
                0x000017fc                Timer_SetInterruptMode
 .text.Timer_ReadStatusRegister
                0x00001808        0xc .\CortexM3\ARM_GCC_541\Debug\Green_House.a(Timer.o)
                0x00001808                Timer_ReadStatusRegister
 .text.Timer_WritePeriod
                0x00001814        0xc .\CortexM3\ARM_GCC_541\Debug\Green_House.a(Timer.o)
                0x00001814                Timer_WritePeriod
 .text.Timer_ReadCapture
                0x00001820        0xc .\CortexM3\ARM_GCC_541\Debug\Green_House.a(Timer.o)
                0x00001820                Timer_ReadCapture
 .text.Timer_WriteCounter
                0x0000182c        0xc .\CortexM3\ARM_GCC_541\Debug\Green_House.a(Timer.o)
                0x0000182c                Timer_WriteCounter
 .text.Timer_ClearFIFO
                0x00001838       0x14 .\CortexM3\ARM_GCC_541\Debug\Green_House.a(Timer.o)
                0x00001838                Timer_ClearFIFO
 .text.Timer_Init
                0x0000184c       0x30 .\CortexM3\ARM_GCC_541\Debug\Green_House.a(Timer.o)
                0x0000184c                Timer_Init
 .text.Timer_Start
                0x0000187c       0x1c .\CortexM3\ARM_GCC_541\Debug\Green_House.a(Timer.o)
                0x0000187c                Timer_Start
 .text.PWM_Enable
                0x00001898       0x10 .\CortexM3\ARM_GCC_541\Debug\Green_House.a(PWM.o)
                0x00001898                PWM_Enable
 .text.PWM_WriteCounter
                0x000018a8        0xc .\CortexM3\ARM_GCC_541\Debug\Green_House.a(PWM.o)
                0x000018a8                PWM_WriteCounter
 .text.PWM_WritePeriod
                0x000018b4        0xc .\CortexM3\ARM_GCC_541\Debug\Green_House.a(PWM.o)
                0x000018b4                PWM_WritePeriod
 .text.PWM_WriteCompare
                0x000018c0        0xc .\CortexM3\ARM_GCC_541\Debug\Green_House.a(PWM.o)
                0x000018c0                PWM_WriteCompare
 .text.PWM_SetInterruptMode
                0x000018cc        0xc .\CortexM3\ARM_GCC_541\Debug\Green_House.a(PWM.o)
                0x000018cc                PWM_SetInterruptMode
 .text.PWM_ReadStatusRegister
                0x000018d8        0xc .\CortexM3\ARM_GCC_541\Debug\Green_House.a(PWM.o)
                0x000018d8                PWM_ReadStatusRegister
 .text.PWM_ReadCapture
                0x000018e4        0xc .\CortexM3\ARM_GCC_541\Debug\Green_House.a(PWM.o)
                0x000018e4                PWM_ReadCapture
 .text.PWM_ClearFIFO
                0x000018f0       0x14 .\CortexM3\ARM_GCC_541\Debug\Green_House.a(PWM.o)
                0x000018f0                PWM_ClearFIFO
 .text.PWM_Init
                0x00001904       0x60 .\CortexM3\ARM_GCC_541\Debug\Green_House.a(PWM.o)
                0x00001904                PWM_Init
 .text.PWM_Start
                0x00001964       0x1c .\CortexM3\ARM_GCC_541\Debug\Green_House.a(PWM.o)
                0x00001964                PWM_Start
 .text.isr_PWM_SetVector
                0x00001980        0xc .\CortexM3\ARM_GCC_541\Debug\Green_House.a(isr_PWM.o)
                0x00001980                isr_PWM_SetVector
 .text.isr_PWM_SetPriority
                0x0000198c       0x10 .\CortexM3\ARM_GCC_541\Debug\Green_House.a(isr_PWM.o)
                0x0000198c                isr_PWM_SetPriority
 .text.isr_PWM_Enable
                0x0000199c        0xc .\CortexM3\ARM_GCC_541\Debug\Green_House.a(isr_PWM.o)
                0x0000199c                isr_PWM_Enable
 .text.isr_PWM_Disable
                0x000019a8        0xc .\CortexM3\ARM_GCC_541\Debug\Green_House.a(isr_PWM.o)
                0x000019a8                isr_PWM_Disable
 .text.isr_PWM_StartEx
                0x000019b4       0x1c .\CortexM3\ARM_GCC_541\Debug\Green_House.a(isr_PWM.o)
                0x000019b4                isr_PWM_StartEx
 .text.isr_Timer_SetVector
                0x000019d0        0xc .\CortexM3\ARM_GCC_541\Debug\Green_House.a(isr_Timer.o)
                0x000019d0                isr_Timer_SetVector
 .text.isr_Timer_SetPriority
                0x000019dc       0x10 .\CortexM3\ARM_GCC_541\Debug\Green_House.a(isr_Timer.o)
                0x000019dc                isr_Timer_SetPriority
 .text.isr_Timer_Enable
                0x000019ec        0xc .\CortexM3\ARM_GCC_541\Debug\Green_House.a(isr_Timer.o)
                0x000019ec                isr_Timer_Enable
 .text.isr_Timer_Disable
                0x000019f8        0xc .\CortexM3\ARM_GCC_541\Debug\Green_House.a(isr_Timer.o)
                0x000019f8                isr_Timer_Disable
 .text.isr_Timer_StartEx
                0x00001a04       0x1c .\CortexM3\ARM_GCC_541\Debug\Green_House.a(isr_Timer.o)
                0x00001a04                isr_Timer_StartEx
 .text.LED_Heating_Write
                0x00001a20       0x18 .\CortexM3\ARM_GCC_541\Debug\Green_House.a(LED_Heating.o)
                0x00001a20                LED_Heating_Write
 .text.OneWirePin_Write
                0x00001a38       0x18 .\CortexM3\ARM_GCC_541\Debug\Green_House.a(OneWirePin.o)
                0x00001a38                OneWirePin_Write
 .text.OneWirePin_Read
                0x00001a50       0x10 .\CortexM3\ARM_GCC_541\Debug\Green_House.a(OneWirePin.o)
                0x00001a50                OneWirePin_Read
 .text.CapSense_IsBusy
                0x00001a60       0x10 .\CortexM3\ARM_GCC_541\Debug\Green_House.a(CapSense.o)
                0x00001a60                CapSense_IsBusy
 .text.CapSense_ReadSensorRaw
                0x00001a70        0xc .\CortexM3\ARM_GCC_541\Debug\Green_House.a(CapSense.o)
                0x00001a70                CapSense_ReadSensorRaw
 .text.CapSense_EnableSensor
                0x00001a7c       0x10 .\CortexM3\ARM_GCC_541\Debug\Green_House.a(CapSense.o)
                0x00001a7c                CapSense_EnableSensor
 .text.CapSense_SetPrescaler
                0x00001a8c       0x10 .\CortexM3\ARM_GCC_541\Debug\Green_House.a(CapSense.o)
                0x00001a8c                CapSense_SetPrescaler
 .text.CapSense_SetScanSlotSettings
                0x00001a9c       0x2c .\CortexM3\ARM_GCC_541\Debug\Green_House.a(CapSense.o)
                0x00001a9c                CapSense_SetScanSlotSettings
 .text.CapSense_PreScan
                0x00001ac8       0x34 .\CortexM3\ARM_GCC_541\Debug\Green_House.a(CapSense.o)
                0x00001ac8                CapSense_PreScan
 .text.CapSense_ScanSensor
                0x00001afc       0x20 .\CortexM3\ARM_GCC_541\Debug\Green_House.a(CapSense.o)
                0x00001afc                CapSense_ScanSensor
 .text.CapSense_IdacCH0_SetValue
                0x00001b1c        0xc .\CortexM3\ARM_GCC_541\Debug\Green_House.a(CapSense_IdacCH0.o)
                0x00001b1c                CapSense_IdacCH0_SetValue
 .text.OneWirePin2_Write
                0x00001b28       0x18 .\CortexM3\ARM_GCC_541\Debug\Green_House.a(OneWirePin2.o)
                0x00001b28                OneWirePin2_Write
 .text.OneWirePin2_Read
                0x00001b40        0xc .\CortexM3\ARM_GCC_541\Debug\Green_House.a(OneWirePin2.o)
                0x00001b40                OneWirePin2_Read
 .text.Em_EEPROM_Init
                0x00001b4c       0x2c .\CortexM3\ARM_GCC_541\Debug\Green_House.a(Em_EEPROM.o)
                0x00001b4c                Em_EEPROM_Init
 .text.RTC_DayOfWeek
                0x00001b78       0x50 .\CortexM3\ARM_GCC_541\Debug\Green_House.a(RTC.o)
 .text.RTC_SetInitValues
                0x00001bc8      0x2a0 .\CortexM3\ARM_GCC_541\Debug\Green_House.a(RTC.o)
 .text.RTC_EnableInt
                0x00001e68        0xc .\CortexM3\ARM_GCC_541\Debug\Green_House.a(RTC.o)
                0x00001e68                RTC_EnableInt
 .text.RTC_DisableInt
                0x00001e74        0xc .\CortexM3\ARM_GCC_541\Debug\Green_House.a(RTC.o)
                0x00001e74                RTC_DisableInt
 .text.RTC_Init
                0x00001e80       0x28 .\CortexM3\ARM_GCC_541\Debug\Green_House.a(RTC.o)
                0x00001e80                RTC_Init
 .text.RTC_Enable
                0x00001ea8       0x24 .\CortexM3\ARM_GCC_541\Debug\Green_House.a(RTC.o)
                0x00001ea8                RTC_Enable
 .text.RTC_Start
                0x00001ecc       0x1c .\CortexM3\ARM_GCC_541\Debug\Green_House.a(RTC.o)
                0x00001ecc                RTC_Start
 .text.RTC_ReadTime
                0x00001ee8        0x8 .\CortexM3\ARM_GCC_541\Debug\Green_House.a(RTC.o)
                0x00001ee8                RTC_ReadTime
 .text.RTC_WriteTime
                0x00001ef0       0x38 .\CortexM3\ARM_GCC_541\Debug\Green_House.a(RTC.o)
                0x00001ef0                RTC_WriteTime
 .text.RTC_ReadHour
                0x00001f28        0xc .\CortexM3\ARM_GCC_541\Debug\Green_House.a(RTC.o)
                0x00001f28                RTC_ReadHour
 .text.RTC_ReadStatus
                0x00001f34       0x14 .\CortexM3\ARM_GCC_541\Debug\Green_House.a(RTC.o)
                0x00001f34                RTC_ReadStatus
 .text.RTC_ISR  0x00001f48      0x434 .\CortexM3\ARM_GCC_541\Debug\Green_House.a(RTC_INT.o)
                0x00001f48                RTC_ISR
 *fill*         0x0000237c        0x4 
 .text          0x00002380       0x20 .\CortexM3\ARM_GCC_541\Debug\Green_House.a(CyBootAsmGnu.o)
                0x00002380                CyDelayCycles
                0x00002390                CyEnterCriticalSection
                0x00002398                CyExitCriticalSection
 .text.CySetTempInt
                0x000023a0       0x60 .\CortexM3\ARM_GCC_541\Debug\Green_House.a(CyFlash.o)
 .text.CyFlashGetSpcAlgorithm
                0x00002400       0x4c .\CortexM3\ARM_GCC_541\Debug\Green_House.a(CyFlash.o)
                0x00002400                CyFlashGetSpcAlgorithm
 .text.CySetTemp
                0x0000244c       0x14 .\CortexM3\ARM_GCC_541\Debug\Green_House.a(CyFlash.o)
                0x0000244c                CySetTemp
 .text.CyWriteRowFull
                0x00002460       0xf8 .\CortexM3\ARM_GCC_541\Debug\Green_House.a(CyFlash.o)
                0x00002460                CyWriteRowFull
 .text.CyWriteRowData
                0x00002558       0x14 .\CortexM3\ARM_GCC_541\Debug\Green_House.a(CyFlash.o)
                0x00002558                CyWriteRowData
 .text.CySpcStart
                0x0000256c       0x24 .\CortexM3\ARM_GCC_541\Debug\Green_House.a(CySpc.o)
                0x0000256c                CySpcStart
 .text.CySpcReadData
                0x00002590       0x34 .\CortexM3\ARM_GCC_541\Debug\Green_House.a(CySpc.o)
                0x00002590                CySpcReadData
 .text.CySpcLoadRowFull
                0x000025c4       0x80 .\CortexM3\ARM_GCC_541\Debug\Green_House.a(CySpc.o)
                0x000025c4                CySpcLoadRowFull
 .text.CySpcWriteRow
                0x00002644       0x4c .\CortexM3\ARM_GCC_541\Debug\Green_House.a(CySpc.o)
                0x00002644                CySpcWriteRow
 .text.CySpcGetTemp
                0x00002690       0x3c .\CortexM3\ARM_GCC_541\Debug\Green_House.a(CySpc.o)
                0x00002690                CySpcGetTemp
 .text.CySpcLock
                0x000026cc       0x4c .\CortexM3\ARM_GCC_541\Debug\Green_House.a(CySpc.o)
                0x000026cc                CySpcLock
 .text.CySpcUnlock
                0x00002718       0x38 .\CortexM3\ARM_GCC_541\Debug\Green_House.a(CySpc.o)
                0x00002718                CySpcUnlock
 .text.CySpcGetAlgorithm
                0x00002750       0x28 .\CortexM3\ARM_GCC_541\Debug\Green_House.a(CySpc.o)
                0x00002750                CySpcGetAlgorithm
 .text          0x00002778      0x370 c:/program files (x86)/cypress/psoc creator/4.4/psoc creator/import/gnu/arm/5.4.1/bin/../lib/gcc/arm-none-eabi/5.4.1/armv7-m\libgcc.a(_arm_addsubdf3.o)
                0x00002778                __aeabi_drsub
                0x00002780                __aeabi_dsub
                0x00002780                __subdf3
                0x00002784                __aeabi_dadd
                0x00002784                __adddf3
                0x000029fc                __floatunsidf
                0x000029fc                __aeabi_ui2d
                0x00002a1c                __floatsidf
                0x00002a1c                __aeabi_i2d
                0x00002a40                __aeabi_f2d
                0x00002a40                __extendsfdf2
                0x00002a7c                __floatundidf
                0x00002a7c                __aeabi_ul2d
                0x00002a8c                __floatdidf
                0x00002a8c                __aeabi_l2d
 .text          0x00002ae8      0x424 c:/program files (x86)/cypress/psoc creator/4.4/psoc creator/import/gnu/arm/5.4.1/bin/../lib/gcc/arm-none-eabi/5.4.1/armv7-m\libgcc.a(_arm_muldivdf3.o)
                0x00002ae8                __aeabi_dmul
                0x00002ae8                __muldf3
                0x00002d3c                __divdf3
                0x00002d3c                __aeabi_ddiv
 .text          0x00002f0c       0xa0 c:/program files (x86)/cypress/psoc creator/4.4/psoc creator/import/gnu/arm/5.4.1/bin/../lib/gcc/arm-none-eabi/5.4.1/armv7-m\libgcc.a(_arm_truncdfsf2.o)
                0x00002f0c                __truncdfsf2
                0x00002f0c                __aeabi_d2f
 .text          0x00002fac      0x21c c:/program files (x86)/cypress/psoc creator/4.4/psoc creator/import/gnu/arm/5.4.1/bin/../lib/gcc/arm-none-eabi/5.4.1/armv7-m\libgcc.a(_arm_addsubsf3.o)
                0x00002fac                __aeabi_frsub
                0x00002fb4                __subsf3
                0x00002fb4                __aeabi_fsub
                0x00002fb8                __aeabi_fadd
                0x00002fb8                __addsf3
                0x00003118                __aeabi_ui2f
                0x00003118                __floatunsisf
                0x00003120                __aeabi_i2f
                0x00003120                __floatsisf
                0x0000313c                __aeabi_ul2f
                0x0000313c                __floatundisf
                0x0000314c                __aeabi_l2f
                0x0000314c                __floatdisf
 .text          0x000031c8      0x2a0 c:/program files (x86)/cypress/psoc creator/4.4/psoc creator/import/gnu/arm/5.4.1/bin/../lib/gcc/arm-none-eabi/5.4.1/armv7-m\libgcc.a(_arm_muldivsf3.o)
                0x000031c8                __mulsf3
                0x000031c8                __aeabi_fmul
                0x00003330                __aeabi_fdiv
                0x00003330                __divsf3
 .text          0x00003468       0x4c c:/program files (x86)/cypress/psoc creator/4.4/psoc creator/import/gnu/arm/5.4.1/bin/../lib/gcc/arm-none-eabi/5.4.1/armv7-m\libgcc.a(_arm_fixsfsi.o)
                0x00003468                __aeabi_f2iz
                0x00003468                __fixsfsi
 .text.atoi     0x000034b4        0x8 c:/program files (x86)/cypress/psoc creator/4.4/psoc creator/import/gnu/arm/5.4.1/bin/../lib/gcc/arm-none-eabi/5.4.1/../../../../arm-none-eabi/lib/armv7-m\libg_nano.a(lib_a-atoi.o)
                0x000034b4                atoi
 .text.__errno  0x000034bc        0xc c:/program files (x86)/cypress/psoc creator/4.4/psoc creator/import/gnu/arm/5.4.1/bin/../lib/gcc/arm-none-eabi/5.4.1/../../../../arm-none-eabi/lib/armv7-m\libg_nano.a(lib_a-errno.o)
                0x000034bc                __errno
 .text.__libc_init_array
                0x000034c8       0x4c c:/program files (x86)/cypress/psoc creator/4.4/psoc creator/import/gnu/arm/5.4.1/bin/../lib/gcc/arm-none-eabi/5.4.1/../../../../arm-none-eabi/lib/armv7-m\libg_nano.a(lib_a-init.o)
                0x000034c8                __libc_init_array
 .text.memcpy   0x00003514       0x16 c:/program files (x86)/cypress/psoc creator/4.4/psoc creator/import/gnu/arm/5.4.1/bin/../lib/gcc/arm-none-eabi/5.4.1/../../../../arm-none-eabi/lib/armv7-m\libg_nano.a(lib_a-memcpy-stub.o)
                0x00003514                memcpy
 .text.memset   0x0000352a       0x10 c:/program files (x86)/cypress/psoc creator/4.4/psoc creator/import/gnu/arm/5.4.1/bin/../lib/gcc/arm-none-eabi/5.4.1/../../../../arm-none-eabi/lib/armv7-m\libg_nano.a(lib_a-memset.o)
                0x0000352a                memset
 *fill*         0x0000353a        0x2 
 .text._puts_r  0x0000353c       0xb4 c:/program files (x86)/cypress/psoc creator/4.4/psoc creator/import/gnu/arm/5.4.1/bin/../lib/gcc/arm-none-eabi/5.4.1/../../../../arm-none-eabi/lib/armv7-m\libg_nano.a(lib_a-puts.o)
                0x0000353c                _puts_r
 .text.puts     0x000035f0       0x10 c:/program files (x86)/cypress/psoc creator/4.4/psoc creator/import/gnu/arm/5.4.1/bin/../lib/gcc/arm-none-eabi/5.4.1/../../../../arm-none-eabi/lib/armv7-m\libg_nano.a(lib_a-puts.o)
                0x000035f0                puts
 .text.scanf    0x00003600       0x30 c:/program files (x86)/cypress/psoc creator/4.4/psoc creator/import/gnu/arm/5.4.1/bin/../lib/gcc/arm-none-eabi/5.4.1/../../../../arm-none-eabi/lib/armv7-m\libg_nano.a(lib_a-scanf.o)
                0x00003600                scanf
                0x00003600                iscanf
 .text.sprintf  0x00003630       0x48 c:/program files (x86)/cypress/psoc creator/4.4/psoc creator/import/gnu/arm/5.4.1/bin/../lib/gcc/arm-none-eabi/5.4.1/../../../../arm-none-eabi/lib/armv7-m\libg_nano.a(lib_a-sprintf.o)
                0x00003630                siprintf
                0x00003630                sprintf
 .text.sscanf   0x00003678       0x54 c:/program files (x86)/cypress/psoc creator/4.4/psoc creator/import/gnu/arm/5.4.1/bin/../lib/gcc/arm-none-eabi/5.4.1/../../../../arm-none-eabi/lib/armv7-m\libg_nano.a(lib_a-sscanf.o)
                0x00003678                siscanf
                0x00003678                sscanf
 .text.__sread  0x000036cc       0x22 c:/program files (x86)/cypress/psoc creator/4.4/psoc creator/import/gnu/arm/5.4.1/bin/../lib/gcc/arm-none-eabi/5.4.1/../../../../arm-none-eabi/lib/armv7-m\libg_nano.a(lib_a-stdio.o)
                0x000036cc                __sread
 .text.__seofread
                0x000036ee        0x4 c:/program files (x86)/cypress/psoc creator/4.4/psoc creator/import/gnu/arm/5.4.1/bin/../lib/gcc/arm-none-eabi/5.4.1/../../../../arm-none-eabi/lib/armv7-m\libg_nano.a(lib_a-stdio.o)
                0x000036ee                __seofread
 .text.__swrite
                0x000036f2       0x38 c:/program files (x86)/cypress/psoc creator/4.4/psoc creator/import/gnu/arm/5.4.1/bin/../lib/gcc/arm-none-eabi/5.4.1/../../../../arm-none-eabi/lib/armv7-m\libg_nano.a(lib_a-stdio.o)
                0x000036f2                __swrite
 .text.__sseek  0x0000372a       0x24 c:/program files (x86)/cypress/psoc creator/4.4/psoc creator/import/gnu/arm/5.4.1/bin/../lib/gcc/arm-none-eabi/5.4.1/../../../../arm-none-eabi/lib/armv7-m\libg_nano.a(lib_a-stdio.o)
                0x0000372a                __sseek
 .text.__sclose
                0x0000374e        0x8 c:/program files (x86)/cypress/psoc creator/4.4/psoc creator/import/gnu/arm/5.4.1/bin/../lib/gcc/arm-none-eabi/5.4.1/../../../../arm-none-eabi/lib/armv7-m\libg_nano.a(lib_a-stdio.o)
                0x0000374e                __sclose
 .text          0x00003756       0x10 c:/program files (x86)/cypress/psoc creator/4.4/psoc creator/import/gnu/arm/5.4.1/bin/../lib/gcc/arm-none-eabi/5.4.1/../../../../arm-none-eabi/lib/armv7-m\libg_nano.a(lib_a-strlen.o)
                0x00003756                strlen
 *fill*         0x00003766        0x2 
 .text._strtol_r
                0x00003768      0x10c c:/program files (x86)/cypress/psoc creator/4.4/psoc creator/import/gnu/arm/5.4.1/bin/../lib/gcc/arm-none-eabi/5.4.1/../../../../arm-none-eabi/lib/armv7-m\libg_nano.a(lib_a-strtol.o)
                0x00003768                _strtol_r
 .text.strtol   0x00003874       0x14 c:/program files (x86)/cypress/psoc creator/4.4/psoc creator/import/gnu/arm/5.4.1/bin/../lib/gcc/arm-none-eabi/5.4.1/../../../../arm-none-eabi/lib/armv7-m\libg_nano.a(lib_a-strtol.o)
                0x00003874                strtol
 .text.__swbuf_r
                0x00003888       0xa8 c:/program files (x86)/cypress/psoc creator/4.4/psoc creator/import/gnu/arm/5.4.1/bin/../lib/gcc/arm-none-eabi/5.4.1/../../../../arm-none-eabi/lib/armv7-m\libg_nano.a(lib_a-wbuf.o)
                0x00003888                __swbuf_r
 .text._write_r
                0x00003930       0x24 c:/program files (x86)/cypress/psoc creator/4.4/psoc creator/import/gnu/arm/5.4.1/bin/../lib/gcc/arm-none-eabi/5.4.1/../../../../arm-none-eabi/lib/armv7-m\libg_nano.a(lib_a-writer.o)
                0x00003930                _write_r
 .text.__swsetup_r
                0x00003954       0xdc c:/program files (x86)/cypress/psoc creator/4.4/psoc creator/import/gnu/arm/5.4.1/bin/../lib/gcc/arm-none-eabi/5.4.1/../../../../arm-none-eabi/lib/armv7-m\libg_nano.a(lib_a-wsetup.o)
                0x00003954                __swsetup_r
 .text._close_r
                0x00003a30       0x20 c:/program files (x86)/cypress/psoc creator/4.4/psoc creator/import/gnu/arm/5.4.1/bin/../lib/gcc/arm-none-eabi/5.4.1/../../../../arm-none-eabi/lib/armv7-m\libg_nano.a(lib_a-closer.o)
                0x00003a30                _close_r
 .text.__sflush_r
                0x00003a50      0x10c c:/program files (x86)/cypress/psoc creator/4.4/psoc creator/import/gnu/arm/5.4.1/bin/../lib/gcc/arm-none-eabi/5.4.1/../../../../arm-none-eabi/lib/armv7-m\libg_nano.a(lib_a-fflush.o)
                0x00003a50                __sflush_r
 .text._fflush_r
                0x00003b5c       0x54 c:/program files (x86)/cypress/psoc creator/4.4/psoc creator/import/gnu/arm/5.4.1/bin/../lib/gcc/arm-none-eabi/5.4.1/../../../../arm-none-eabi/lib/armv7-m\libg_nano.a(lib_a-fflush.o)
                0x00003b5c                _fflush_r
 .text.fflush   0x00003bb0       0x24 c:/program files (x86)/cypress/psoc creator/4.4/psoc creator/import/gnu/arm/5.4.1/bin/../lib/gcc/arm-none-eabi/5.4.1/../../../../arm-none-eabi/lib/armv7-m\libg_nano.a(lib_a-fflush.o)
                0x00003bb0                fflush
 .text._cleanup_r
                0x00003bd4        0xc c:/program files (x86)/cypress/psoc creator/4.4/psoc creator/import/gnu/arm/5.4.1/bin/../lib/gcc/arm-none-eabi/5.4.1/../../../../arm-none-eabi/lib/armv7-m\libg_nano.a(lib_a-findfp.o)
                0x00003bd4                _cleanup_r
 .text.std.isra.0
                0x00003be0       0x48 c:/program files (x86)/cypress/psoc creator/4.4/psoc creator/import/gnu/arm/5.4.1/bin/../lib/gcc/arm-none-eabi/5.4.1/../../../../arm-none-eabi/lib/armv7-m\libg_nano.a(lib_a-findfp.o)
 .text.__sfmoreglue
                0x00003c28       0x2c c:/program files (x86)/cypress/psoc creator/4.4/psoc creator/import/gnu/arm/5.4.1/bin/../lib/gcc/arm-none-eabi/5.4.1/../../../../arm-none-eabi/lib/armv7-m\libg_nano.a(lib_a-findfp.o)
                0x00003c28                __sfmoreglue
 .text.__sinit  0x00003c54       0x60 c:/program files (x86)/cypress/psoc creator/4.4/psoc creator/import/gnu/arm/5.4.1/bin/../lib/gcc/arm-none-eabi/5.4.1/../../../../arm-none-eabi/lib/armv7-m\libg_nano.a(lib_a-findfp.o)
                0x00003c54                __sinit
 .text.__sfp    0x00003cb4       0x78 c:/program files (x86)/cypress/psoc creator/4.4/psoc creator/import/gnu/arm/5.4.1/bin/../lib/gcc/arm-none-eabi/5.4.1/../../../../arm-none-eabi/lib/armv7-m\libg_nano.a(lib_a-findfp.o)
                0x00003cb4                __sfp
 .text._fwalk   0x00003d2c       0x38 c:/program files (x86)/cypress/psoc creator/4.4/psoc creator/import/gnu/arm/5.4.1/bin/../lib/gcc/arm-none-eabi/5.4.1/../../../../arm-none-eabi/lib/armv7-m\libg_nano.a(lib_a-fwalk.o)
                0x00003d2c                _fwalk
 .text._fwalk_reent
                0x00003d64       0x3c c:/program files (x86)/cypress/psoc creator/4.4/psoc creator/import/gnu/arm/5.4.1/bin/../lib/gcc/arm-none-eabi/5.4.1/../../../../arm-none-eabi/lib/armv7-m\libg_nano.a(lib_a-fwalk.o)
                0x00003d64                _fwalk_reent
 .text._lseek_r
                0x00003da0       0x24 c:/program files (x86)/cypress/psoc creator/4.4/psoc creator/import/gnu/arm/5.4.1/bin/../lib/gcc/arm-none-eabi/5.4.1/../../../../arm-none-eabi/lib/armv7-m\libg_nano.a(lib_a-lseekr.o)
                0x00003da0                _lseek_r
 .text.__swhatbuf_r
                0x00003dc4       0x46 c:/program files (x86)/cypress/psoc creator/4.4/psoc creator/import/gnu/arm/5.4.1/bin/../lib/gcc/arm-none-eabi/5.4.1/../../../../arm-none-eabi/lib/armv7-m\libg_nano.a(lib_a-makebuf.o)
                0x00003dc4                __swhatbuf_r
 *fill*         0x00003e0a        0x2 
 .text.__smakebuf_r
                0x00003e0c       0x78 c:/program files (x86)/cypress/psoc creator/4.4/psoc creator/import/gnu/arm/5.4.1/bin/../lib/gcc/arm-none-eabi/5.4.1/../../../../arm-none-eabi/lib/armv7-m\libg_nano.a(lib_a-makebuf.o)
                0x00003e0c                __smakebuf_r
 .text._free_r  0x00003e84       0x98 c:/program files (x86)/cypress/psoc creator/4.4/psoc creator/import/gnu/arm/5.4.1/bin/../lib/gcc/arm-none-eabi/5.4.1/../../../../arm-none-eabi/lib/armv7-m\libg_nano.a(lib_a-nano-freer.o)
                0x00003e84                _free_r
 .text._malloc_r
                0x00003f1c       0xbc c:/program files (x86)/cypress/psoc creator/4.4/psoc creator/import/gnu/arm/5.4.1/bin/../lib/gcc/arm-none-eabi/5.4.1/../../../../arm-none-eabi/lib/armv7-m\libg_nano.a(lib_a-nano-mallocr.o)
                0x00003f1c                _malloc_r
 .text.__ssputs_r
                0x00003fd8       0xb2 c:/program files (x86)/cypress/psoc creator/4.4/psoc creator/import/gnu/arm/5.4.1/bin/../lib/gcc/arm-none-eabi/5.4.1/../../../../arm-none-eabi/lib/armv7-m\libg_nano.a(lib_a-nano-svfprintf.o)
                0x00003fd8                __ssputs_r
 *fill*         0x0000408a        0x2 
 .text._svfprintf_r
                0x0000408c      0x1e8 c:/program files (x86)/cypress/psoc creator/4.4/psoc creator/import/gnu/arm/5.4.1/bin/../lib/gcc/arm-none-eabi/5.4.1/../../../../arm-none-eabi/lib/armv7-m\libg_nano.a(lib_a-nano-svfprintf.o)
                0x0000408c                _svfiprintf_r
                0x0000408c                _svfprintf_r
 .text._sungetc_r
                0x00004274       0x7c c:/program files (x86)/cypress/psoc creator/4.4/psoc creator/import/gnu/arm/5.4.1/bin/../lib/gcc/arm-none-eabi/5.4.1/../../../../arm-none-eabi/lib/armv7-m\libg_nano.a(lib_a-nano-svfscanf.o)
                0x00004274                _sungetc_r
 .text.__ssrefill_r
                0x000042f0       0x3a c:/program files (x86)/cypress/psoc creator/4.4/psoc creator/import/gnu/arm/5.4.1/bin/../lib/gcc/arm-none-eabi/5.4.1/../../../../arm-none-eabi/lib/armv7-m\libg_nano.a(lib_a-nano-svfscanf.o)
                0x000042f0                __ssrefill_r
 *fill*         0x0000432a        0x2 
 .text.__ssvfscanf_r
                0x0000432c      0x2a8 c:/program files (x86)/cypress/psoc creator/4.4/psoc creator/import/gnu/arm/5.4.1/bin/../lib/gcc/arm-none-eabi/5.4.1/../../../../arm-none-eabi/lib/armv7-m\libg_nano.a(lib_a-nano-svfscanf.o)
                0x0000432c                __ssvfiscanf_r
                0x0000432c                __ssvfscanf_r
 .text._printf_common
                0x000045d4       0xec c:/program files (x86)/cypress/psoc creator/4.4/psoc creator/import/gnu/arm/5.4.1/bin/../lib/gcc/arm-none-eabi/5.4.1/../../../../arm-none-eabi/lib/armv7-m\libg_nano.a(lib_a-nano-vfprintf_i.o)
                0x000045d4                _printf_common
 .text._printf_i
                0x000046c0      0x24c c:/program files (x86)/cypress/psoc creator/4.4/psoc creator/import/gnu/arm/5.4.1/bin/../lib/gcc/arm-none-eabi/5.4.1/../../../../arm-none-eabi/lib/armv7-m\libg_nano.a(lib_a-nano-vfprintf_i.o)
                0x000046c0                _printf_i
 .text.__svfscanf_r
                0x0000490c      0x2a8 c:/program files (x86)/cypress/psoc creator/4.4/psoc creator/import/gnu/arm/5.4.1/bin/../lib/gcc/arm-none-eabi/5.4.1/../../../../arm-none-eabi/lib/armv7-m\libg_nano.a(lib_a-nano-vfscanf.o)
                0x0000490c                __svfscanf_r
                0x0000490c                __svfiscanf_r
 .text._vfscanf_r
                0x00004bb4       0x50 c:/program files (x86)/cypress/psoc creator/4.4/psoc creator/import/gnu/arm/5.4.1/bin/../lib/gcc/arm-none-eabi/5.4.1/../../../../arm-none-eabi/lib/armv7-m\libg_nano.a(lib_a-nano-vfscanf.o)
                0x00004bb4                _vfscanf_r
                0x00004bb4                _vfiscanf_r
 .text._scanf_chars
                0x00004c04       0xcc c:/program files (x86)/cypress/psoc creator/4.4/psoc creator/import/gnu/arm/5.4.1/bin/../lib/gcc/arm-none-eabi/5.4.1/../../../../arm-none-eabi/lib/armv7-m\libg_nano.a(lib_a-nano-vfscanf_i.o)
                0x00004c04                _scanf_chars
 .text._scanf_i
                0x00004cd0      0x1e4 c:/program files (x86)/cypress/psoc creator/4.4/psoc creator/import/gnu/arm/5.4.1/bin/../lib/gcc/arm-none-eabi/5.4.1/../../../../arm-none-eabi/lib/armv7-m\libg_nano.a(lib_a-nano-vfscanf_i.o)
                0x00004cd0                _scanf_i
 .text._read_r  0x00004eb4       0x24 c:/program files (x86)/cypress/psoc creator/4.4/psoc creator/import/gnu/arm/5.4.1/bin/../lib/gcc/arm-none-eabi/5.4.1/../../../../arm-none-eabi/lib/armv7-m\libg_nano.a(lib_a-readr.o)
                0x00004eb4                _read_r
 .text.lflush   0x00004ed8       0x12 c:/program files (x86)/cypress/psoc creator/4.4/psoc creator/import/gnu/arm/5.4.1/bin/../lib/gcc/arm-none-eabi/5.4.1/../../../../arm-none-eabi/lib/armv7-m\libg_nano.a(lib_a-refill.o)
 *fill*         0x00004eea        0x2 
 .text.__srefill_r
                0x00004eec      0x110 c:/program files (x86)/cypress/psoc creator/4.4/psoc creator/import/gnu/arm/5.4.1/bin/../lib/gcc/arm-none-eabi/5.4.1/../../../../arm-none-eabi/lib/armv7-m\libg_nano.a(lib_a-refill.o)
                0x00004eec                __srefill_r
 .text._sbrk_r  0x00004ffc       0x20 c:/program files (x86)/cypress/psoc creator/4.4/psoc creator/import/gnu/arm/5.4.1/bin/../lib/gcc/arm-none-eabi/5.4.1/../../../../arm-none-eabi/lib/armv7-m\libg_nano.a(lib_a-sbrkr.o)
                0x00004ffc                _sbrk_r
 .text.__sccl   0x0000501c       0x60 c:/program files (x86)/cypress/psoc creator/4.4/psoc creator/import/gnu/arm/5.4.1/bin/../lib/gcc/arm-none-eabi/5.4.1/../../../../arm-none-eabi/lib/armv7-m\libg_nano.a(lib_a-sccl.o)
                0x0000501c                __sccl
 .text._strtoul_r
                0x0000507c       0xfc c:/program files (x86)/cypress/psoc creator/4.4/psoc creator/import/gnu/arm/5.4.1/bin/../lib/gcc/arm-none-eabi/5.4.1/../../../../arm-none-eabi/lib/armv7-m\libg_nano.a(lib_a-strtoul.o)
                0x0000507c                _strtoul_r
 .text.__submore
                0x00005178       0x72 c:/program files (x86)/cypress/psoc creator/4.4/psoc creator/import/gnu/arm/5.4.1/bin/../lib/gcc/arm-none-eabi/5.4.1/../../../../arm-none-eabi/lib/armv7-m\libg_nano.a(lib_a-ungetc.o)
                0x00005178                __submore
 *fill*         0x000051ea        0x2 
 .text._ungetc_r
                0x000051ec       0xe4 c:/program files (x86)/cypress/psoc creator/4.4/psoc creator/import/gnu/arm/5.4.1/bin/../lib/gcc/arm-none-eabi/5.4.1/../../../../arm-none-eabi/lib/armv7-m\libg_nano.a(lib_a-ungetc.o)
                0x000051ec                _ungetc_r
 .text._fstat_r
                0x000052d0       0x24 c:/program files (x86)/cypress/psoc creator/4.4/psoc creator/import/gnu/arm/5.4.1/bin/../lib/gcc/arm-none-eabi/5.4.1/../../../../arm-none-eabi/lib/armv7-m\libg_nano.a(lib_a-fstatr.o)
                0x000052d0                _fstat_r
 .text._isatty_r
                0x000052f4       0x20 c:/program files (x86)/cypress/psoc creator/4.4/psoc creator/import/gnu/arm/5.4.1/bin/../lib/gcc/arm-none-eabi/5.4.1/../../../../arm-none-eabi/lib/armv7-m\libg_nano.a(lib_a-isattyr.o)
                0x000052f4                _isatty_r
 .text.memchr   0x00005314       0x1c c:/program files (x86)/cypress/psoc creator/4.4/psoc creator/import/gnu/arm/5.4.1/bin/../lib/gcc/arm-none-eabi/5.4.1/../../../../arm-none-eabi/lib/armv7-m\libg_nano.a(lib_a-memchr-stub.o)
                0x00005314                memchr
 .text.memmove  0x00005330       0x36 c:/program files (x86)/cypress/psoc creator/4.4/psoc creator/import/gnu/arm/5.4.1/bin/../lib/gcc/arm-none-eabi/5.4.1/../../../../arm-none-eabi/lib/armv7-m\libg_nano.a(lib_a-memmove.o)
                0x00005330                memmove
 .text.__malloc_lock
                0x00005366        0x2 c:/program files (x86)/cypress/psoc creator/4.4/psoc creator/import/gnu/arm/5.4.1/bin/../lib/gcc/arm-none-eabi/5.4.1/../../../../arm-none-eabi/lib/armv7-m\libg_nano.a(lib_a-mlock.o)
                0x00005366                __malloc_lock
 .text.__malloc_unlock
                0x00005368        0x2 c:/program files (x86)/cypress/psoc creator/4.4/psoc creator/import/gnu/arm/5.4.1/bin/../lib/gcc/arm-none-eabi/5.4.1/../../../../arm-none-eabi/lib/armv7-m\libg_nano.a(lib_a-mlock.o)
                0x00005368                __malloc_unlock
 .text._realloc_r
                0x0000536a       0x4c c:/program files (x86)/cypress/psoc creator/4.4/psoc creator/import/gnu/arm/5.4.1/bin/../lib/gcc/arm-none-eabi/5.4.1/../../../../arm-none-eabi/lib/armv7-m\libg_nano.a(lib_a-nano-reallocr.o)
                0x0000536a                _realloc_r
 .text._malloc_usable_size_r
                0x000053b6       0x14 c:/program files (x86)/cypress/psoc creator/4.4/psoc creator/import/gnu/arm/5.4.1/bin/../lib/gcc/arm-none-eabi/5.4.1/../../../../arm-none-eabi/lib/armv7-m\libg_nano.a(lib_a-nano-msizer.o)
                0x000053b6                _malloc_usable_size_r
 *fill*         0x000053ca        0x2 
 .text._close   0x000053cc       0x10 c:/program files (x86)/cypress/psoc creator/4.4/psoc creator/import/gnu/arm/5.4.1/bin/../lib/gcc/arm-none-eabi/5.4.1/../../../../arm-none-eabi/lib/armv7-m\libnosys.a(close.o)
                0x000053cc                _close
 .text._fstat   0x000053dc       0x10 c:/program files (x86)/cypress/psoc creator/4.4/psoc creator/import/gnu/arm/5.4.1/bin/../lib/gcc/arm-none-eabi/5.4.1/../../../../arm-none-eabi/lib/armv7-m\libnosys.a(fstat.o)
                0x000053dc                _fstat
 .text._isatty  0x000053ec       0x10 c:/program files (x86)/cypress/psoc creator/4.4/psoc creator/import/gnu/arm/5.4.1/bin/../lib/gcc/arm-none-eabi/5.4.1/../../../../arm-none-eabi/lib/armv7-m\libnosys.a(isatty.o)
                0x000053ec                _isatty
 .text._lseek   0x000053fc       0x10 c:/program files (x86)/cypress/psoc creator/4.4/psoc creator/import/gnu/arm/5.4.1/bin/../lib/gcc/arm-none-eabi/5.4.1/../../../../arm-none-eabi/lib/armv7-m\libnosys.a(lseek.o)
                0x000053fc                _lseek
 .text._read    0x0000540c       0x10 c:/program files (x86)/cypress/psoc creator/4.4/psoc creator/import/gnu/arm/5.4.1/bin/../lib/gcc/arm-none-eabi/5.4.1/../../../../arm-none-eabi/lib/armv7-m\libnosys.a(read.o)
                0x0000540c                _read
 .text._write   0x0000541c       0x10 c:/program files (x86)/cypress/psoc creator/4.4/psoc creator/import/gnu/arm/5.4.1/bin/../lib/gcc/arm-none-eabi/5.4.1/../../../../arm-none-eabi/lib/armv7-m\libnosys.a(write.o)
                0x0000541c                _write
 *(.plt)
 *(.gnu.warning)
 *(.glue_7t)
 .glue_7t       0x0000542c        0x0 linker stubs
 *(.glue_7)
 .glue_7        0x0000542c        0x0 linker stubs
 *(.vfp11_veneer)
 .vfp11_veneer  0x0000542c        0x0 linker stubs
 *(.bootloader)
 *(.ARM.extab* .gnu.linkonce.armextab.*)
 *(.gcc_except_table)

.v4_bx          0x0000542c        0x0
 .v4_bx         0x0000542c        0x0 linker stubs

.iplt           0x0000542c        0x0
 .iplt          0x0000542c        0x0 c:/program files (x86)/cypress/psoc creator/4.4/psoc creator/import/gnu/arm/5.4.1/bin/../lib/gcc/arm-none-eabi/5.4.1/armv7-m/crtbegin.o

.eh_frame_hdr
 *(.eh_frame_hdr)

.eh_frame       0x0000542c        0x4
 *(.eh_frame)
 .eh_frame      0x0000542c        0x0 c:/program files (x86)/cypress/psoc creator/4.4/psoc creator/import/gnu/arm/5.4.1/bin/../lib/gcc/arm-none-eabi/5.4.1/armv7-m/crtbegin.o
 .eh_frame      0x0000542c        0x4 c:/program files (x86)/cypress/psoc creator/4.4/psoc creator/import/gnu/arm/5.4.1/bin/../lib/gcc/arm-none-eabi/5.4.1/armv7-m/crtend.o
                [!provide]                PROVIDE (__exidx_start, .)

.ARM.exidx
 *(.ARM.exidx* .gnu.linkonce.armexidx.*)
                0x00005430                __exidx_end = .

.rodata         0x00005500      0x818
 *(.rodata .rodata.* .gnu.linkonce.r.*)
 .rodata        0x00005500      0x240 .\CortexM3\ARM_GCC_541\Debug\main.o
                0x00005500                Em_EEPROM_em_EepromStorage
 .rodata.str1.4
                0x00005740      0x37c .\CortexM3\ARM_GCC_541\Debug\main.o
                                0x37a (size before relaxing)
 .rodata        0x00005abc       0x44 .\CortexM3\ARM_GCC_541\Debug\cyfitter_cfg.o
                0x00005abc                CapSense_AMuxCH0__addrTable
                0x00005acc                CapSense_AMuxCH0__maskTable
 .rodata        0x00005b00       0x18 .\CortexM3\ARM_GCC_541\Debug\Green_House.a(RTC.o)
                0x00005b0c                RTC_daysInMonths
 .rodata.str1.1
                0x00005b18        0x2 c:/program files (x86)/cypress/psoc creator/4.4/psoc creator/import/gnu/arm/5.4.1/bin/../lib/gcc/arm-none-eabi/5.4.1/../../../../arm-none-eabi/lib/armv7-m\libg_nano.a(lib_a-impure.o)
 *fill*         0x00005b1a        0x2 
 .rodata._global_impure_ptr
                0x00005b1c        0x4 c:/program files (x86)/cypress/psoc creator/4.4/psoc creator/import/gnu/arm/5.4.1/bin/../lib/gcc/arm-none-eabi/5.4.1/../../../../arm-none-eabi/lib/armv7-m\libg_nano.a(lib_a-impure.o)
                0x00005b1c                _global_impure_ptr
 .rodata._ctype_
                0x00005b20      0x101 c:/program files (x86)/cypress/psoc creator/4.4/psoc creator/import/gnu/arm/5.4.1/bin/../lib/gcc/arm-none-eabi/5.4.1/../../../../arm-none-eabi/lib/armv7-m\libg_nano.a(lib_a-ctype_.o)
                0x00005b20                _ctype_
 *fill*         0x00005c21        0x3 
 .rodata.__sf_fake_stdin
                0x00005c24       0x20 c:/program files (x86)/cypress/psoc creator/4.4/psoc creator/import/gnu/arm/5.4.1/bin/../lib/gcc/arm-none-eabi/5.4.1/../../../../arm-none-eabi/lib/armv7-m\libg_nano.a(lib_a-findfp.o)
                0x00005c24                __sf_fake_stdin
 .rodata.__sf_fake_stdout
                0x00005c44       0x20 c:/program files (x86)/cypress/psoc creator/4.4/psoc creator/import/gnu/arm/5.4.1/bin/../lib/gcc/arm-none-eabi/5.4.1/../../../../arm-none-eabi/lib/armv7-m\libg_nano.a(lib_a-findfp.o)
                0x00005c44                __sf_fake_stdout
 .rodata.__sf_fake_stderr
                0x00005c64       0x20 c:/program files (x86)/cypress/psoc creator/4.4/psoc creator/import/gnu/arm/5.4.1/bin/../lib/gcc/arm-none-eabi/5.4.1/../../../../arm-none-eabi/lib/armv7-m\libg_nano.a(lib_a-findfp.o)
                0x00005c64                __sf_fake_stderr
 .rodata.str1.1
                0x00005c84       0x11 c:/program files (x86)/cypress/psoc creator/4.4/psoc creator/import/gnu/arm/5.4.1/bin/../lib/gcc/arm-none-eabi/5.4.1/../../../../arm-none-eabi/lib/armv7-m\libg_nano.a(lib_a-nano-svfprintf.o)
 .rodata.str1.1
                0x00005c95        0x4 c:/program files (x86)/cypress/psoc creator/4.4/psoc creator/import/gnu/arm/5.4.1/bin/../lib/gcc/arm-none-eabi/5.4.1/../../../../arm-none-eabi/lib/armv7-m\libg_nano.a(lib_a-nano-svfscanf.o)
 .rodata.str1.1
                0x00005c95       0x22 c:/program files (x86)/cypress/psoc creator/4.4/psoc creator/import/gnu/arm/5.4.1/bin/../lib/gcc/arm-none-eabi/5.4.1/../../../../arm-none-eabi/lib/armv7-m\libg_nano.a(lib_a-nano-vfprintf_i.o)
 .rodata.str1.1
                0x00005cb7        0x4 c:/program files (x86)/cypress/psoc creator/4.4/psoc creator/import/gnu/arm/5.4.1/bin/../lib/gcc/arm-none-eabi/5.4.1/../../../../arm-none-eabi/lib/armv7-m\libg_nano.a(lib_a-nano-vfscanf.o)
 *fill*         0x00005cb7        0x1 
 .rodata        0x00005cb8        0xc c:/program files (x86)/cypress/psoc creator/4.4/psoc creator/import/gnu/arm/5.4.1/bin/../lib/gcc/arm-none-eabi/5.4.1/../../../../arm-none-eabi/lib/armv7-m\libg_nano.a(lib_a-nano-vfscanf_i.o)
 .rodata.str1.1
                0x00005cc4       0x1b c:/program files (x86)/cypress/psoc creator/4.4/psoc creator/import/gnu/arm/5.4.1/bin/../lib/gcc/arm-none-eabi/5.4.1/../../../../arm-none-eabi/lib/armv7-m\libg_nano.a(lib_a-nano-vfscanf_i.o)
                0x00005ce0                . = ALIGN (0x4)
 *fill*         0x00005cdf        0x1 
 *(.init)
 .init          0x00005ce0        0x4 c:/program files (x86)/cypress/psoc creator/4.4/psoc creator/import/gnu/arm/5.4.1/bin/../lib/gcc/arm-none-eabi/5.4.1/armv7-m/crti.o
                0x00005ce0                _init
 .init          0x00005ce4        0x8 c:/program files (x86)/cypress/psoc creator/4.4/psoc creator/import/gnu/arm/5.4.1/bin/../lib/gcc/arm-none-eabi/5.4.1/armv7-m/crtn.o
                0x00005cec                . = ALIGN (0x4)
                0x00005cec                __preinit_array_start = .
 *(.preinit_array)
                0x00005cec                __preinit_array_end = .
                0x00005cec                . = ALIGN (0x4)
                0x00005cec                __init_array_start = .
 *(SORT(.init_array.*))
 *(.init_array)
 .init_array    0x00005cec        0x4 c:/program files (x86)/cypress/psoc creator/4.4/psoc creator/import/gnu/arm/5.4.1/bin/../lib/gcc/arm-none-eabi/5.4.1/armv7-m/crtbegin.o
 .init_array    0x00005cf0        0x4 .\CortexM3\ARM_GCC_541\Debug\Cm3Start.o
                0x00005cf4                __init_array_end = .
                0x00005cf4                . = ALIGN (0x4)
 *(.fini)
 .fini          0x00005cf4        0x4 c:/program files (x86)/cypress/psoc creator/4.4/psoc creator/import/gnu/arm/5.4.1/bin/../lib/gcc/arm-none-eabi/5.4.1/armv7-m/crti.o
                0x00005cf4                _fini
 .fini          0x00005cf8        0x8 c:/program files (x86)/cypress/psoc creator/4.4/psoc creator/import/gnu/arm/5.4.1/bin/../lib/gcc/arm-none-eabi/5.4.1/armv7-m/crtn.o
                0x00005d00                . = ALIGN (0x4)
                0x00005d00                __fini_array_start = .
 *(.fini_array)
 .fini_array    0x00005d00        0x4 c:/program files (x86)/cypress/psoc creator/4.4/psoc creator/import/gnu/arm/5.4.1/bin/../lib/gcc/arm-none-eabi/5.4.1/armv7-m/crtbegin.o
 *(SORT(.fini_array.*))
                0x00005d04                __fini_array_end = .
                0x00005d04                . = ALIGN (0x4)
 *crtbegin.o(.ctors)
 *(EXCLUDE_FILE(*crtend.o) .ctors)
 *(SORT(.ctors.*))
 *crtend.o(.ctors)
                0x00005d04                . = ALIGN (0x4)
 *crtbegin.o(.dtors)
 *(EXCLUDE_FILE(*crtend.o) .dtors)
 *(SORT(.dtors.*))
 *crtend.o(.dtors)
                0x00005d04                . = ALIGN (0x4)
                0x00005d04                __cy_regions = .
                0x00005d04        0x4 LONG 0x5d18 __cy_region_init_ram
                0x00005d08        0x4 LONG 0x1fff80c8 __cy_region_start_data
                0x00005d0c        0x4 LONG 0xb8 __cy_region_init_size_ram
                0x00005d10        0x4 LONG 0x1f8 __cy_region_zero_size_ram
                0x00005d14                __cy_regions_end = .
                0x00005d18                . = ALIGN (0x8)
 *fill*         0x00005d14        0x4 
                0x00005d18                _etext = .

.cy_checksum_exclude
                0x00005d18        0x0
 *(.cy_checksum_exclude)

.ramvectors     0x1fff8000       0xc0
                0x1fff8000                __cy_region_start_ram = .
 *(.ramvectors)
 .ramvectors    0x1fff8000       0xc0 .\CortexM3\ARM_GCC_541\Debug\Cm3Start.o
                0x1fff8000                CyRamVectors

.noinit         0x1fff80c0        0x1
 *(.noinit)
 .noinit        0x1fff80c0        0x1 .\CortexM3\ARM_GCC_541\Debug\Green_House.a(CyLib.o)
                0x1fff80c0                CyResetStatus

.data           0x1fff80c8       0xb8 load address 0x00005d18
                0x1fff80c8                __cy_region_start_data = .
 *(.jcr)
 .jcr           0x1fff80c8        0x0 c:/program files (x86)/cypress/psoc creator/4.4/psoc creator/import/gnu/arm/5.4.1/bin/../lib/gcc/arm-none-eabi/5.4.1/armv7-m/crtbegin.o
 .jcr           0x1fff80c8        0x4 c:/program files (x86)/cypress/psoc creator/4.4/psoc creator/import/gnu/arm/5.4.1/bin/../lib/gcc/arm-none-eabi/5.4.1/armv7-m/crtend.o
 *(.got.plt)
 *(.got)
 *(.shdata)
 *(.data .data.* .gnu.linkonce.d.*)
 .data          0x1fff80cc        0xe .\CortexM3\ARM_GCC_541\Debug\main.o
                0x1fff80cc                window_position
 *fill*         0x1fff80da        0x2 
 .data          0x1fff80dc        0x4 .\CortexM3\ARM_GCC_541\Debug\Cm3Start.o
 .data          0x1fff80e0       0x10 .\CortexM3\ARM_GCC_541\Debug\Green_House.a(CyLib.o)
                0x1fff80e0                cydelay_32k_ms
                0x1fff80e4                cydelay_freq_khz
                0x1fff80e8                cydelay_freq_mhz
                0x1fff80ec                cydelay_freq_hz
 .data          0x1fff80f0        0xa .\CortexM3\ARM_GCC_541\Debug\Green_House.a(CapSense.o)
                0x1fff80f0                CapSense_sensorEnableMask
                0x1fff80f4                CapSense_idacSettings
                0x1fff80f8                CapSense_widgetResolution
                0x1fff80f9                CapSense_lowLevelTuningDone
 *fill*         0x1fff80fa        0x2 
 .data          0x1fff80fc       0x18 .\CortexM3\ARM_GCC_541\Debug\Green_House.a(RTC.o)
                0x1fff80fc                RTC_currentTimeDate
                0x1fff8108                RTC_alarmCfgTimeDate
 .data.impure_data
                0x1fff8114       0x60 c:/program files (x86)/cypress/psoc creator/4.4/psoc creator/import/gnu/arm/5.4.1/bin/../lib/gcc/arm-none-eabi/5.4.1/../../../../arm-none-eabi/lib/armv7-m\libg_nano.a(lib_a-impure.o)
 .data._impure_ptr
                0x1fff8174        0x4 c:/program files (x86)/cypress/psoc creator/4.4/psoc creator/import/gnu/arm/5.4.1/bin/../lib/gcc/arm-none-eabi/5.4.1/../../../../arm-none-eabi/lib/armv7-m\libg_nano.a(lib_a-impure.o)
                0x1fff8174                _impure_ptr
 .data.__ctype_ptr__
                0x1fff8178        0x4 c:/program files (x86)/cypress/psoc creator/4.4/psoc creator/import/gnu/arm/5.4.1/bin/../lib/gcc/arm-none-eabi/5.4.1/../../../../arm-none-eabi/lib/armv7-m\libg_nano.a(lib_a-ctype_.o)
                0x1fff8178                __ctype_ptr__
                0x1fff8180                . = ALIGN (0x8)
 *fill*         0x1fff817c        0x4 
 *(.ram)
                0x1fff8180                _edata = .

.igot.plt       0x1fff8180        0x0 load address 0x00005dd0
 .igot.plt      0x1fff8180        0x0 c:/program files (x86)/cypress/psoc creator/4.4/psoc creator/import/gnu/arm/5.4.1/bin/../lib/gcc/arm-none-eabi/5.4.1/armv7-m/crtbegin.o

.bss            0x1fff8180      0x1f8 load address 0x00005dd0
                0x1fff8180                PROVIDE (__bss_start__, .)
 *(.shbss)
 *(.bss .bss.* .gnu.linkonce.b.*)
 .bss           0x1fff8180       0x1c c:/program files (x86)/cypress/psoc creator/4.4/psoc creator/import/gnu/arm/5.4.1/bin/../lib/gcc/arm-none-eabi/5.4.1/armv7-m/crtbegin.o
 .bss           0x1fff819c       0x18 .\CortexM3\ARM_GCC_541\Debug\main.o
                0x1fff819c                window_position_index
                0x1fff819d                room_temp
                0x1fff819e                capData
                0x1fff81a0                em_eeprom_write_address
                0x1fff81a4                timerCount
                0x1fff81a8                len
                0x1fff81b0                em_eeprom_read_address
 .bss           0x1fff81b4       0x18 .\CortexM3\ARM_GCC_541\Debug\OneWireLab.o
                0x1fff81b4                resultTemp_1
                0x1fff81b8                resultTemp_2
                0x1fff81bc                OneWireSum
                0x1fff81c0                OneWireCnt
                0x1fff81c4                OneWireSum2
                0x1fff81c8                OneWireCnt2
 .bss           0x1fff81cc       0x43 .\CortexM3\ARM_GCC_541\Debug\Green_House.a(cyPm.o)
 .bss           0x1fff820f        0x2 .\CortexM3\ARM_GCC_541\Debug\Green_House.a(UART.o)
                0x1fff820f                UART_initVar
 .bss           0x1fff8211        0x1 .\CortexM3\ARM_GCC_541\Debug\Green_House.a(Timer.o)
                0x1fff8211                Timer_initVar
 .bss           0x1fff8212        0x1 .\CortexM3\ARM_GCC_541\Debug\Green_House.a(PWM.o)
                0x1fff8212                PWM_initVar
 .bss           0x1fff8213        0x5 .\CortexM3\ARM_GCC_541\Debug\Green_House.a(RTC.o)
                0x1fff8213                RTC_statusDateTime
                0x1fff8214                RTC_alarmCfgMask
                0x1fff8215                RTC_alarmCurStatus
                0x1fff8216                RTC_initVar
                0x1fff8217                RTC_intervalCfgMask
 .bss           0x1fff8218        0x8 .\CortexM3\ARM_GCC_541\Debug\Green_House.a(CySpc.o)
                0x1fff8218                SpcLockState
 .bss.__malloc_sbrk_start
                0x1fff8220        0x4 c:/program files (x86)/cypress/psoc creator/4.4/psoc creator/import/gnu/arm/5.4.1/bin/../lib/gcc/arm-none-eabi/5.4.1/../../../../arm-none-eabi/lib/armv7-m\libg_nano.a(lib_a-nano-mallocr.o)
                0x1fff8220                __malloc_sbrk_start
 .bss.__malloc_free_list
                0x1fff8224        0x4 c:/program files (x86)/cypress/psoc creator/4.4/psoc creator/import/gnu/arm/5.4.1/bin/../lib/gcc/arm-none-eabi/5.4.1/../../../../arm-none-eabi/lib/armv7-m\libg_nano.a(lib_a-nano-mallocr.o)
                0x1fff8224                __malloc_free_list
 *(COMMON)
 COMMON         0x1fff8228       0xe5 .\CortexM3\ARM_GCC_541\Debug\main.o
                0x1fff8228                TransmitBuffer
                0x1fff82be                p
                0x1fff82c0                baselineData
                0x1fff82c4                rtc_data
                0x1fff82cb                Stored
                0x1fff82cc                str
                0x1fff830c                em_eeprom_status
 *fill*         0x1fff830d        0x3 
 COMMON         0x1fff8310       0x38 .\CortexM3\ARM_GCC_541\Debug\OneWireLab.o
                0x1fff8310                temp_msb1
                0x1fff8314                temp
                0x1fff8318                temp2_16
                0x1fff831c                temp_lsb1
                0x1fff8320                temp1_16
                0x1fff8324                i
                0x1fff8328                scratchpad2
                0x1fff8334                temp_lsb2
                0x1fff8338                scratchpad1
                0x1fff8344                temp_msb2
 COMMON         0x1fff8348        0x7 .\CortexM3\ARM_GCC_541\Debug\Green_House.a(CapSense.o)
                0x1fff8348                CapSense_sensorRaw
                0x1fff834c                CapSense_analogSwitchDivider
                0x1fff834d                CapSense_sensorIndex
                0x1fff834e                CapSense_csv
 *fill*         0x1fff834f        0x1 
 COMMON         0x1fff8350       0x1c .\CortexM3\ARM_GCC_541\Debug\Green_House.a(Em_EEPROM.o)
                0x1fff8350                Em_EEPROM_context
 COMMON         0x1fff836c        0x2 .\CortexM3\ARM_GCC_541\Debug\Green_House.a(CyFlash.o)
                0x1fff836c                dieTemperature
 *fill*         0x1fff836e        0x2 
 COMMON         0x1fff8370        0x4 c:/program files (x86)/cypress/psoc creator/4.4/psoc creator/import/gnu/arm/5.4.1/bin/../lib/gcc/arm-none-eabi/5.4.1/../../../../arm-none-eabi/lib/armv7-m\libg_nano.a(lib_a-reent.o)
                0x1fff8370                errno
                0x1fff8378                . = ALIGN (0x8)
 *fill*         0x1fff8374        0x4 
 *(.ram.b)
                0x1fff8378                _end = .
                0x1fff8378                __end = .
                0x1fff8378                PROVIDE (end, .)
                0x1fff8378                PROVIDE (__bss_end__, .)
                0x00005d18                __cy_region_init_ram = LOADADDR (.data)
                0x000000b8                __cy_region_init_size_ram = (_edata - ADDR (.data))
                0x000001f8                __cy_region_zero_size_ram = (_end - _edata)

.heap           0x1fff8378       0x80 load address 0x00005dd0
                0x1fff8378                . = _end
                0x1fff83f8                . = (. + 0x80)
 *fill*         0x1fff8378       0x80 
                0x1fff83f8                __cy_heap_limit = .

.stack          0x20007800      0x800
                0x20007800                __cy_stack_limit = .
                0x20008000                . = (. + 0x800)
 *fill*         0x20007800      0x800 
                0x00000001                ASSERT ((__cy_stack_limit >= __cy_heap_limit), region RAM overflowed with stack)
                0x00000000                cy_checksum_exclude_size = (CY_APPL_LOADABLE == 0x1)?SIZEOF (.cy_checksum_exclude):0x0
                0x00000001                ASSERT ((cy_checksum_exclude_size <= CY_CHECKSUM_EXCLUDE_SIZE), CY_BOOT: Section .cy_checksum_exclude size exceedes specified limit.)

.cyloadermeta
 *(.cyloadermeta)

.cyloadablemeta
 *(.cyloadablemeta)

.cyconfigecc    0x80000000      0x88c
 *(.cyconfigecc)
 .cyconfigecc   0x80000000      0x88c .\CortexM3\ARM_GCC_541\Debug\cymetadata.o
                0x80000000                cy_meta_configecc

.cycustnvl      0x90000000        0x4
 *(.cycustnvl)
 .cycustnvl     0x90000000        0x4 .\CortexM3\ARM_GCC_541\Debug\cymetadata.o
                0x90000000                cy_meta_custnvl

.cywolatch      0x90100000        0x4
 *(.cywolatch)
 .cywolatch     0x90100000        0x4 .\CortexM3\ARM_GCC_541\Debug\cymetadata.o
                0x90100000                cy_meta_wonvl

.cyeeprom       0x90200000        0x0
 *(.cyeeprom)
                0x00000001                ASSERT ((. <= ((0x90200000 + ee_offset) + ee_size)), .cyeeprom data will not fit in EEPROM)

.cyflashprotect
                0x90400000      0x100
 *(.cyflashprotect)
 .cyflashprotect
                0x90400000      0x100 .\CortexM3\ARM_GCC_541\Debug\cymetadata.o
                0x90400000                cy_meta_flashprotect

.cymeta         0x90500000        0xc
 *(.cymeta)
 .cymeta        0x90500000        0xc .\CortexM3\ARM_GCC_541\Debug\cymetadata.o
                0x90500000                cy_metadata

.rel.dyn        0x00005dd0        0x0 load address 0x9050000c
 .rel.iplt      0x00005dd0        0x0 c:/program files (x86)/cypress/psoc creator/4.4/psoc creator/import/gnu/arm/5.4.1/bin/../lib/gcc/arm-none-eabi/5.4.1/armv7-m/crtbegin.o

.stab           0x00000000       0x9c
 *(.stab)
 .stab          0x00000000       0x24 c:/program files (x86)/cypress/psoc creator/4.4/psoc creator/import/gnu/arm/5.4.1/bin/../lib/gcc/arm-none-eabi/5.4.1/../../../../arm-none-eabi/lib/armv7-m\libnosys.a(close.o)
 .stab          0x00000024       0x18 c:/program files (x86)/cypress/psoc creator/4.4/psoc creator/import/gnu/arm/5.4.1/bin/../lib/gcc/arm-none-eabi/5.4.1/../../../../arm-none-eabi/lib/armv7-m\libnosys.a(fstat.o)
                                 0x24 (size before relaxing)
 .stab          0x0000003c       0x18 c:/program files (x86)/cypress/psoc creator/4.4/psoc creator/import/gnu/arm/5.4.1/bin/../lib/gcc/arm-none-eabi/5.4.1/../../../../arm-none-eabi/lib/armv7-m\libnosys.a(isatty.o)
                                 0x24 (size before relaxing)
 .stab          0x00000054       0x18 c:/program files (x86)/cypress/psoc creator/4.4/psoc creator/import/gnu/arm/5.4.1/bin/../lib/gcc/arm-none-eabi/5.4.1/../../../../arm-none-eabi/lib/armv7-m\libnosys.a(lseek.o)
                                 0x24 (size before relaxing)
 .stab          0x0000006c       0x18 c:/program files (x86)/cypress/psoc creator/4.4/psoc creator/import/gnu/arm/5.4.1/bin/../lib/gcc/arm-none-eabi/5.4.1/../../../../arm-none-eabi/lib/armv7-m\libnosys.a(read.o)
                                 0x24 (size before relaxing)
 .stab          0x00000084       0x18 c:/program files (x86)/cypress/psoc creator/4.4/psoc creator/import/gnu/arm/5.4.1/bin/../lib/gcc/arm-none-eabi/5.4.1/../../../../arm-none-eabi/lib/armv7-m\libnosys.a(write.o)
                                 0x24 (size before relaxing)

.stabstr        0x00000000      0x14d
 *(.stabstr)
 .stabstr       0x00000000      0x14d c:/program files (x86)/cypress/psoc creator/4.4/psoc creator/import/gnu/arm/5.4.1/bin/../lib/gcc/arm-none-eabi/5.4.1/../../../../arm-none-eabi/lib/armv7-m\libnosys.a(close.o)

.debug
 *(.debug)

.line
 *(.line)

.debug_srcinfo
 *(.debug_srcinfo)

.debug_sfnames
 *(.debug_sfnames)

.debug_aranges  0x00000000     0x10a8
 *(.debug_aranges)
 .debug_aranges
                0x00000000       0xa8 .\CortexM3\ARM_GCC_541\Debug\main.o
 .debug_aranges
                0x000000a8       0x78 .\CortexM3\ARM_GCC_541\Debug\OneWireLab.o
 .debug_aranges
                0x00000120       0x68 .\CortexM3\ARM_GCC_541\Debug\cyfitter_cfg.o
 .debug_aranges
                0x00000188       0x18 .\CortexM3\ARM_GCC_541\Debug\cymetadata.o
 .debug_aranges
                0x000001a0       0x48 .\CortexM3\ARM_GCC_541\Debug\Cm3Start.o
 .debug_aranges
                0x000001e8      0x2a0 .\CortexM3\ARM_GCC_541\Debug\Green_House.a(CyLib.o)
 .debug_aranges
                0x00000488       0x98 .\CortexM3\ARM_GCC_541\Debug\Green_House.a(cyPm.o)
 .debug_aranges
                0x00000520       0x90 .\CortexM3\ARM_GCC_541\Debug\Green_House.a(cy_em_eeprom.o)
 .debug_aranges
                0x000005b0       0xf0 .\CortexM3\ARM_GCC_541\Debug\Green_House.a(UART.o)
 .debug_aranges
                0x000006a0       0x80 .\CortexM3\ARM_GCC_541\Debug\Green_House.a(isr_UART.o)
 .debug_aranges
                0x00000720       0x70 .\CortexM3\ARM_GCC_541\Debug\Green_House.a(UART_IntClock.o)
 .debug_aranges
                0x00000790       0x90 .\CortexM3\ARM_GCC_541\Debug\Green_House.a(Timer.o)
 .debug_aranges
                0x00000820       0x98 .\CortexM3\ARM_GCC_541\Debug\Green_House.a(PWM.o)
 .debug_aranges
                0x000008b8       0x80 .\CortexM3\ARM_GCC_541\Debug\Green_House.a(isr_PWM.o)
 .debug_aranges
                0x00000938       0x80 .\CortexM3\ARM_GCC_541\Debug\Green_House.a(isr_Timer.o)
 .debug_aranges
                0x000009b8       0x38 .\CortexM3\ARM_GCC_541\Debug\Green_House.a(LED_Heating.o)
 .debug_aranges
                0x000009f0       0x38 .\CortexM3\ARM_GCC_541\Debug\Green_House.a(OneWirePin.o)
 .debug_aranges
                0x00000a28       0xb0 .\CortexM3\ARM_GCC_541\Debug\Green_House.a(CapSense.o)
 .debug_aranges
                0x00000ad8       0x20 .\CortexM3\ARM_GCC_541\Debug\Green_House.a(CapSense_INT.o)
 .debug_aranges
                0x00000af8       0x50 .\CortexM3\ARM_GCC_541\Debug\Green_House.a(CapSense_SMS_Wrapper.o)
 .debug_aranges
                0x00000b48       0x70 .\CortexM3\ARM_GCC_541\Debug\Green_House.a(CapSense_CompCH0.o)
 .debug_aranges
                0x00000bb8       0x60 .\CortexM3\ARM_GCC_541\Debug\Green_House.a(CapSense_IdacCH0.o)
 .debug_aranges
                0x00000c18       0x48 .\CortexM3\ARM_GCC_541\Debug\Green_House.a(CapSense_AMuxCH0.o)
 .debug_aranges
                0x00000c60       0x70 .\CortexM3\ARM_GCC_541\Debug\Green_House.a(CapSense_IntClock.o)
 .debug_aranges
                0x00000cd0       0x38 .\CortexM3\ARM_GCC_541\Debug\Green_House.a(OneWirePin2.o)
 .debug_aranges
                0x00000d08       0x20 .\CortexM3\ARM_GCC_541\Debug\Green_House.a(Em_EEPROM.o)
 .debug_aranges
                0x00000d28      0x160 .\CortexM3\ARM_GCC_541\Debug\Green_House.a(RTC.o)
 .debug_aranges
                0x00000e88       0x20 .\CortexM3\ARM_GCC_541\Debug\Green_House.a(RTC_INT.o)
 .debug_aranges
                0x00000ea8       0x20 .\CortexM3\ARM_GCC_541\Debug\Green_House.a(CyBootAsmGnu.o)
 .debug_aranges
                0x00000ec8       0x88 .\CortexM3\ARM_GCC_541\Debug\Green_House.a(CyFlash.o)
 .debug_aranges
                0x00000f50       0x80 .\CortexM3\ARM_GCC_541\Debug\Green_House.a(CySpc.o)
 .debug_aranges
                0x00000fd0       0x78 .\CortexM3\ARM_GCC_541\Debug\Green_House.a(CapSense_CSHL.o)
 .debug_aranges
                0x00001048       0x60 C:\Program Files (x86)\Cypress\PSoC Creator\4.4\PSoC Creator\psoc\content\CyComponentLibrary\CyComponentLibrary.cylib\CapSense_CSD_v3_50\Library\CapSenseLibrary_GCC.a(CapSense_CSD_SmartSense_v3_50.o)

.debug_pubnames
 *(.debug_pubnames)

.debug_info     0x00000000     0xa7c9
 *(.debug_info .gnu.linkonce.wi.*)
 .debug_info    0x00000000      0xff8 .\CortexM3\ARM_GCC_541\Debug\main.o
 .debug_info    0x00000ff8      0x912 .\CortexM3\ARM_GCC_541\Debug\OneWireLab.o
 .debug_info    0x0000190a      0x5ab .\CortexM3\ARM_GCC_541\Debug\cyfitter_cfg.o
 .debug_info    0x00001eb5      0x139 .\CortexM3\ARM_GCC_541\Debug\cymetadata.o
 .debug_info    0x00001fee      0x3bb .\CortexM3\ARM_GCC_541\Debug\Cm3Start.o
 .debug_info    0x000023a9     0x1374 .\CortexM3\ARM_GCC_541\Debug\Green_House.a(CyLib.o)
 .debug_info    0x0000371d      0xa2a .\CortexM3\ARM_GCC_541\Debug\Green_House.a(cyPm.o)
 .debug_info    0x00004147      0xef6 .\CortexM3\ARM_GCC_541\Debug\Green_House.a(cy_em_eeprom.o)
 .debug_info    0x0000503d      0x60c .\CortexM3\ARM_GCC_541\Debug\Green_House.a(UART.o)
 .debug_info    0x00005649      0x2d2 .\CortexM3\ARM_GCC_541\Debug\Green_House.a(isr_UART.o)
 .debug_info    0x0000591b      0x283 .\CortexM3\ARM_GCC_541\Debug\Green_House.a(UART_IntClock.o)
 .debug_info    0x00005b9e      0x2d1 .\CortexM3\ARM_GCC_541\Debug\Green_House.a(Timer.o)
 .debug_info    0x00005e6f      0x354 .\CortexM3\ARM_GCC_541\Debug\Green_House.a(PWM.o)
 .debug_info    0x000061c3      0x2d2 .\CortexM3\ARM_GCC_541\Debug\Green_House.a(isr_PWM.o)
 .debug_info    0x00006495      0x2d2 .\CortexM3\ARM_GCC_541\Debug\Green_House.a(isr_Timer.o)
 .debug_info    0x00006767      0x11f .\CortexM3\ARM_GCC_541\Debug\Green_House.a(LED_Heating.o)
 .debug_info    0x00006886      0x11f .\CortexM3\ARM_GCC_541\Debug\Green_House.a(OneWirePin.o)
 .debug_info    0x000069a5      0x81a .\CortexM3\ARM_GCC_541\Debug\Green_House.a(CapSense.o)
 .debug_info    0x000071bf      0x10d .\CortexM3\ARM_GCC_541\Debug\Green_House.a(CapSense_INT.o)
 .debug_info    0x000072cc      0x4b3 .\CortexM3\ARM_GCC_541\Debug\Green_House.a(CapSense_SMS_Wrapper.o)
 .debug_info    0x0000777f      0x2c8 .\CortexM3\ARM_GCC_541\Debug\Green_House.a(CapSense_CompCH0.o)
 .debug_info    0x00007a47      0x209 .\CortexM3\ARM_GCC_541\Debug\Green_House.a(CapSense_IdacCH0.o)
 .debug_info    0x00007c50      0x1d3 .\CortexM3\ARM_GCC_541\Debug\Green_House.a(CapSense_AMuxCH0.o)
 .debug_info    0x00007e23      0x283 .\CortexM3\ARM_GCC_541\Debug\Green_House.a(CapSense_IntClock.o)
 .debug_info    0x000080a6      0x11f .\CortexM3\ARM_GCC_541\Debug\Green_House.a(OneWirePin2.o)
 .debug_info    0x000081c5      0x242 .\CortexM3\ARM_GCC_541\Debug\Green_House.a(Em_EEPROM.o)
 .debug_info    0x00008407      0x7ca .\CortexM3\ARM_GCC_541\Debug\Green_House.a(RTC.o)
 .debug_info    0x00008bd1      0x1d4 .\CortexM3\ARM_GCC_541\Debug\Green_House.a(RTC_INT.o)
 .debug_info    0x00008da5       0x98 .\CortexM3\ARM_GCC_541\Debug\Green_House.a(CyBootAsmGnu.o)
 .debug_info    0x00008e3d      0x64d .\CortexM3\ARM_GCC_541\Debug\Green_House.a(CyFlash.o)
 .debug_info    0x0000948a      0x550 .\CortexM3\ARM_GCC_541\Debug\Green_House.a(CySpc.o)
 .debug_info    0x000099da      0x687 .\CortexM3\ARM_GCC_541\Debug\Green_House.a(CapSense_CSHL.o)
 .debug_info    0x0000a061      0x768 C:\Program Files (x86)\Cypress\PSoC Creator\4.4\PSoC Creator\psoc\content\CyComponentLibrary\CyComponentLibrary.cylib\CapSense_CSD_v3_50\Library\CapSenseLibrary_GCC.a(CapSense_CSD_SmartSense_v3_50.o)

.debug_abbrev   0x00000000     0x2cc8
 *(.debug_abbrev)
 .debug_abbrev  0x00000000      0x2b1 .\CortexM3\ARM_GCC_541\Debug\main.o
 .debug_abbrev  0x000002b1      0x1a3 .\CortexM3\ARM_GCC_541\Debug\OneWireLab.o
 .debug_abbrev  0x00000454      0x21e .\CortexM3\ARM_GCC_541\Debug\cyfitter_cfg.o
 .debug_abbrev  0x00000672       0x77 .\CortexM3\ARM_GCC_541\Debug\cymetadata.o
 .debug_abbrev  0x000006e9      0x1e8 .\CortexM3\ARM_GCC_541\Debug\Cm3Start.o
 .debug_abbrev  0x000008d1      0x254 .\CortexM3\ARM_GCC_541\Debug\Green_House.a(CyLib.o)
 .debug_abbrev  0x00000b25      0x1ab .\CortexM3\ARM_GCC_541\Debug\Green_House.a(cyPm.o)
 .debug_abbrev  0x00000cd0      0x21a .\CortexM3\ARM_GCC_541\Debug\Green_House.a(cy_em_eeprom.o)
 .debug_abbrev  0x00000eea      0x175 .\CortexM3\ARM_GCC_541\Debug\Green_House.a(UART.o)
 .debug_abbrev  0x0000105f      0x173 .\CortexM3\ARM_GCC_541\Debug\Green_House.a(isr_UART.o)
 .debug_abbrev  0x000011d2      0x139 .\CortexM3\ARM_GCC_541\Debug\Green_House.a(UART_IntClock.o)
 .debug_abbrev  0x0000130b      0x12b .\CortexM3\ARM_GCC_541\Debug\Green_House.a(Timer.o)
 .debug_abbrev  0x00001436      0x133 .\CortexM3\ARM_GCC_541\Debug\Green_House.a(PWM.o)
 .debug_abbrev  0x00001569      0x173 .\CortexM3\ARM_GCC_541\Debug\Green_House.a(isr_PWM.o)
 .debug_abbrev  0x000016dc      0x173 .\CortexM3\ARM_GCC_541\Debug\Green_House.a(isr_Timer.o)
 .debug_abbrev  0x0000184f       0x90 .\CortexM3\ARM_GCC_541\Debug\Green_House.a(LED_Heating.o)
 .debug_abbrev  0x000018df       0x90 .\CortexM3\ARM_GCC_541\Debug\Green_House.a(OneWirePin.o)
 .debug_abbrev  0x0000196f      0x1b3 .\CortexM3\ARM_GCC_541\Debug\Green_House.a(CapSense.o)
 .debug_abbrev  0x00001b22       0x85 .\CortexM3\ARM_GCC_541\Debug\Green_House.a(CapSense_INT.o)
 .debug_abbrev  0x00001ba7      0x104 .\CortexM3\ARM_GCC_541\Debug\Green_House.a(CapSense_SMS_Wrapper.o)
 .debug_abbrev  0x00001cab      0x16e .\CortexM3\ARM_GCC_541\Debug\Green_House.a(CapSense_CompCH0.o)
 .debug_abbrev  0x00001e19      0x106 .\CortexM3\ARM_GCC_541\Debug\Green_House.a(CapSense_IdacCH0.o)
 .debug_abbrev  0x00001f1f       0xb3 .\CortexM3\ARM_GCC_541\Debug\Green_House.a(CapSense_AMuxCH0.o)
 .debug_abbrev  0x00001fd2      0x139 .\CortexM3\ARM_GCC_541\Debug\Green_House.a(CapSense_IntClock.o)
 .debug_abbrev  0x0000210b       0x90 .\CortexM3\ARM_GCC_541\Debug\Green_House.a(OneWirePin2.o)
 .debug_abbrev  0x0000219b      0x110 .\CortexM3\ARM_GCC_541\Debug\Green_House.a(Em_EEPROM.o)
 .debug_abbrev  0x000022ab      0x1f7 .\CortexM3\ARM_GCC_541\Debug\Green_House.a(RTC.o)
 .debug_abbrev  0x000024a2       0xf1 .\CortexM3\ARM_GCC_541\Debug\Green_House.a(RTC_INT.o)
 .debug_abbrev  0x00002593       0x14 .\CortexM3\ARM_GCC_541\Debug\Green_House.a(CyBootAsmGnu.o)
 .debug_abbrev  0x000025a7      0x1a7 .\CortexM3\ARM_GCC_541\Debug\Green_House.a(CyFlash.o)
 .debug_abbrev  0x0000274e      0x194 .\CortexM3\ARM_GCC_541\Debug\Green_House.a(CySpc.o)
 .debug_abbrev  0x000028e2      0x1e1 .\CortexM3\ARM_GCC_541\Debug\Green_House.a(CapSense_CSHL.o)
 .debug_abbrev  0x00002ac3      0x205 C:\Program Files (x86)\Cypress\PSoC Creator\4.4\PSoC Creator\psoc\content\CyComponentLibrary\CyComponentLibrary.cylib\CapSense_CSD_v3_50\Library\CapSenseLibrary_GCC.a(CapSense_CSD_SmartSense_v3_50.o)

.debug_line     0x00000000     0x436b
 *(.debug_line)
 .debug_line    0x00000000      0x5d5 .\CortexM3\ARM_GCC_541\Debug\main.o
 .debug_line    0x000005d5      0x313 .\CortexM3\ARM_GCC_541\Debug\OneWireLab.o
 .debug_line    0x000008e8      0x224 .\CortexM3\ARM_GCC_541\Debug\cyfitter_cfg.o
 .debug_line    0x00000b0c      0x141 .\CortexM3\ARM_GCC_541\Debug\cymetadata.o
 .debug_line    0x00000c4d      0x234 .\CortexM3\ARM_GCC_541\Debug\Cm3Start.o
 .debug_line    0x00000e81      0x816 .\CortexM3\ARM_GCC_541\Debug\Green_House.a(CyLib.o)
 .debug_line    0x00001697      0x367 .\CortexM3\ARM_GCC_541\Debug\Green_House.a(cyPm.o)
 .debug_line    0x000019fe      0x49e .\CortexM3\ARM_GCC_541\Debug\Green_House.a(cy_em_eeprom.o)
 .debug_line    0x00001e9c      0x2bc .\CortexM3\ARM_GCC_541\Debug\Green_House.a(UART.o)
 .debug_line    0x00002158      0x135 .\CortexM3\ARM_GCC_541\Debug\Green_House.a(isr_UART.o)
 .debug_line    0x0000228d      0x17c .\CortexM3\ARM_GCC_541\Debug\Green_House.a(UART_IntClock.o)
 .debug_line    0x00002409      0x170 .\CortexM3\ARM_GCC_541\Debug\Green_House.a(Timer.o)
 .debug_line    0x00002579      0x186 .\CortexM3\ARM_GCC_541\Debug\Green_House.a(PWM.o)
 .debug_line    0x000026ff      0x134 .\CortexM3\ARM_GCC_541\Debug\Green_House.a(isr_PWM.o)
 .debug_line    0x00002833      0x136 .\CortexM3\ARM_GCC_541\Debug\Green_House.a(isr_Timer.o)
 .debug_line    0x00002969       0x98 .\CortexM3\ARM_GCC_541\Debug\Green_House.a(LED_Heating.o)
 .debug_line    0x00002a01       0x97 .\CortexM3\ARM_GCC_541\Debug\Green_House.a(OneWirePin.o)
 .debug_line    0x00002a98      0x2b2 .\CortexM3\ARM_GCC_541\Debug\Green_House.a(CapSense.o)
 .debug_line    0x00002d4a       0x79 .\CortexM3\ARM_GCC_541\Debug\Green_House.a(CapSense_INT.o)
 .debug_line    0x00002dc3       0xf4 .\CortexM3\ARM_GCC_541\Debug\Green_House.a(CapSense_SMS_Wrapper.o)
 .debug_line    0x00002eb7      0x16f .\CortexM3\ARM_GCC_541\Debug\Green_House.a(CapSense_CompCH0.o)
 .debug_line    0x00003026      0x104 .\CortexM3\ARM_GCC_541\Debug\Green_House.a(CapSense_IdacCH0.o)
 .debug_line    0x0000312a       0xe7 .\CortexM3\ARM_GCC_541\Debug\Green_House.a(CapSense_AMuxCH0.o)
 .debug_line    0x00003211      0x180 .\CortexM3\ARM_GCC_541\Debug\Green_House.a(CapSense_IntClock.o)
 .debug_line    0x00003391       0x98 .\CortexM3\ARM_GCC_541\Debug\Green_House.a(OneWirePin2.o)
 .debug_line    0x00003429       0x79 .\CortexM3\ARM_GCC_541\Debug\Green_House.a(Em_EEPROM.o)
 .debug_line    0x000034a2      0x3c2 .\CortexM3\ARM_GCC_541\Debug\Green_House.a(RTC.o)
 .debug_line    0x00003864      0x13a .\CortexM3\ARM_GCC_541\Debug\Green_House.a(RTC_INT.o)
 .debug_line    0x0000399e       0x66 .\CortexM3\ARM_GCC_541\Debug\Green_House.a(CyBootAsmGnu.o)
 .debug_line    0x00003a04      0x21a .\CortexM3\ARM_GCC_541\Debug\Green_House.a(CyFlash.o)
 .debug_line    0x00003c1e      0x260 .\CortexM3\ARM_GCC_541\Debug\Green_House.a(CySpc.o)
 .debug_line    0x00003e7e      0x1ff .\CortexM3\ARM_GCC_541\Debug\Green_House.a(CapSense_CSHL.o)
 .debug_line    0x0000407d      0x2ee C:\Program Files (x86)\Cypress\PSoC Creator\4.4\PSoC Creator\psoc\content\CyComponentLibrary\CyComponentLibrary.cylib\CapSense_CSD_v3_50\Library\CapSenseLibrary_GCC.a(CapSense_CSD_SmartSense_v3_50.o)

.debug_frame    0x00000000     0x36c8
 *(.debug_frame)
 .debug_frame   0x00000000      0x23c .\CortexM3\ARM_GCC_541\Debug\main.o
 .debug_frame   0x0000023c      0x17c .\CortexM3\ARM_GCC_541\Debug\OneWireLab.o
 .debug_frame   0x000003b8      0x104 .\CortexM3\ARM_GCC_541\Debug\cyfitter_cfg.o
 .debug_frame   0x000004bc       0xb8 .\CortexM3\ARM_GCC_541\Debug\Cm3Start.o
 .debug_frame   0x00000574      0x738 .\CortexM3\ARM_GCC_541\Debug\Green_House.a(CyLib.o)
 .debug_frame   0x00000cac      0x1f8 .\CortexM3\ARM_GCC_541\Debug\Green_House.a(cyPm.o)
 .debug_frame   0x00000ea4      0x22c .\CortexM3\ARM_GCC_541\Debug\Green_House.a(cy_em_eeprom.o)
 .debug_frame   0x000010d0      0x250 .\CortexM3\ARM_GCC_541\Debug\Green_House.a(UART.o)
 .debug_frame   0x00001320      0x104 .\CortexM3\ARM_GCC_541\Debug\Green_House.a(isr_UART.o)
 .debug_frame   0x00001424       0xe0 .\CortexM3\ARM_GCC_541\Debug\Green_House.a(UART_IntClock.o)
 .debug_frame   0x00001504      0x124 .\CortexM3\ARM_GCC_541\Debug\Green_House.a(Timer.o)
 .debug_frame   0x00001628      0x134 .\CortexM3\ARM_GCC_541\Debug\Green_House.a(PWM.o)
 .debug_frame   0x0000175c      0x104 .\CortexM3\ARM_GCC_541\Debug\Green_House.a(isr_PWM.o)
 .debug_frame   0x00001860      0x104 .\CortexM3\ARM_GCC_541\Debug\Green_House.a(isr_Timer.o)
 .debug_frame   0x00001964       0x50 .\CortexM3\ARM_GCC_541\Debug\Green_House.a(LED_Heating.o)
 .debug_frame   0x000019b4       0x50 .\CortexM3\ARM_GCC_541\Debug\Green_House.a(OneWirePin.o)
 .debug_frame   0x00001a04      0x1dc .\CortexM3\ARM_GCC_541\Debug\Green_House.a(CapSense.o)
 .debug_frame   0x00001be0       0x2c .\CortexM3\ARM_GCC_541\Debug\Green_House.a(CapSense_INT.o)
 .debug_frame   0x00001c0c       0xc8 .\CortexM3\ARM_GCC_541\Debug\Green_House.a(CapSense_SMS_Wrapper.o)
 .debug_frame   0x00001cd4      0x108 .\CortexM3\ARM_GCC_541\Debug\Green_House.a(CapSense_CompCH0.o)
 .debug_frame   0x00001ddc       0xd0 .\CortexM3\ARM_GCC_541\Debug\Green_House.a(CapSense_IdacCH0.o)
 .debug_frame   0x00001eac       0xb8 .\CortexM3\ARM_GCC_541\Debug\Green_House.a(CapSense_AMuxCH0.o)
 .debug_frame   0x00001f64       0xe0 .\CortexM3\ARM_GCC_541\Debug\Green_House.a(CapSense_IntClock.o)
 .debug_frame   0x00002044       0x50 .\CortexM3\ARM_GCC_541\Debug\Green_House.a(OneWirePin2.o)
 .debug_frame   0x00002094       0x2c .\CortexM3\ARM_GCC_541\Debug\Green_House.a(Em_EEPROM.o)
 .debug_frame   0x000020c0      0x2f8 .\CortexM3\ARM_GCC_541\Debug\Green_House.a(RTC.o)
 .debug_frame   0x000023b8       0x2c .\CortexM3\ARM_GCC_541\Debug\Green_House.a(RTC_INT.o)
 .debug_frame   0x000023e4      0x194 .\CortexM3\ARM_GCC_541\Debug\Green_House.a(CyFlash.o)
 .debug_frame   0x00002578      0x180 .\CortexM3\ARM_GCC_541\Debug\Green_House.a(CySpc.o)
 .debug_frame   0x000026f8      0x154 .\CortexM3\ARM_GCC_541\Debug\Green_House.a(CapSense_CSHL.o)
 .debug_frame   0x0000284c      0x168 C:\Program Files (x86)\Cypress\PSoC Creator\4.4\PSoC Creator\psoc\content\CyComponentLibrary\CyComponentLibrary.cylib\CapSense_CSD_v3_50\Library\CapSenseLibrary_GCC.a(CapSense_CSD_SmartSense_v3_50.o)
 .debug_frame   0x000029b4       0x20 c:/program files (x86)/cypress/psoc creator/4.4/psoc creator/import/gnu/arm/5.4.1/bin/../lib/gcc/arm-none-eabi/5.4.1/armv7-m\libgcc.a(_udivsi3.o)
 .debug_frame   0x000029d4       0x30 c:/program files (x86)/cypress/psoc creator/4.4/psoc creator/import/gnu/arm/5.4.1/bin/../lib/gcc/arm-none-eabi/5.4.1/../../../../arm-none-eabi/lib/armv7-m\libg_nano.a(lib_a-atoi.o)
 .debug_frame   0x00002a04       0x20 c:/program files (x86)/cypress/psoc creator/4.4/psoc creator/import/gnu/arm/5.4.1/bin/../lib/gcc/arm-none-eabi/5.4.1/../../../../arm-none-eabi/lib/armv7-m\libg_nano.a(lib_a-errno.o)
 .debug_frame   0x00002a24       0x28 c:/program files (x86)/cypress/psoc creator/4.4/psoc creator/import/gnu/arm/5.4.1/bin/../lib/gcc/arm-none-eabi/5.4.1/../../../../arm-none-eabi/lib/armv7-m\libg_nano.a(lib_a-exit.o)
 .debug_frame   0x00002a4c       0x2c c:/program files (x86)/cypress/psoc creator/4.4/psoc creator/import/gnu/arm/5.4.1/bin/../lib/gcc/arm-none-eabi/5.4.1/../../../../arm-none-eabi/lib/armv7-m\libg_nano.a(lib_a-init.o)
 .debug_frame   0x00002a78       0x28 c:/program files (x86)/cypress/psoc creator/4.4/psoc creator/import/gnu/arm/5.4.1/bin/../lib/gcc/arm-none-eabi/5.4.1/../../../../arm-none-eabi/lib/armv7-m\libg_nano.a(lib_a-memcpy-stub.o)
 .debug_frame   0x00002aa0       0x20 c:/program files (x86)/cypress/psoc creator/4.4/psoc creator/import/gnu/arm/5.4.1/bin/../lib/gcc/arm-none-eabi/5.4.1/../../../../arm-none-eabi/lib/armv7-m\libg_nano.a(lib_a-memset.o)
 .debug_frame   0x00002ac0       0x3c c:/program files (x86)/cypress/psoc creator/4.4/psoc creator/import/gnu/arm/5.4.1/bin/../lib/gcc/arm-none-eabi/5.4.1/../../../../arm-none-eabi/lib/armv7-m\libg_nano.a(lib_a-puts.o)
 .debug_frame   0x00002afc       0x74 c:/program files (x86)/cypress/psoc creator/4.4/psoc creator/import/gnu/arm/5.4.1/bin/../lib/gcc/arm-none-eabi/5.4.1/../../../../arm-none-eabi/lib/armv7-m\libg_nano.a(lib_a-scanf.o)
 .debug_frame   0x00002b70       0x70 c:/program files (x86)/cypress/psoc creator/4.4/psoc creator/import/gnu/arm/5.4.1/bin/../lib/gcc/arm-none-eabi/5.4.1/../../../../arm-none-eabi/lib/armv7-m\libg_nano.a(lib_a-sprintf.o)
 .debug_frame   0x00002be0       0x80 c:/program files (x86)/cypress/psoc creator/4.4/psoc creator/import/gnu/arm/5.4.1/bin/../lib/gcc/arm-none-eabi/5.4.1/../../../../arm-none-eabi/lib/armv7-m\libg_nano.a(lib_a-sscanf.o)
 .debug_frame   0x00002c60       0x88 c:/program files (x86)/cypress/psoc creator/4.4/psoc creator/import/gnu/arm/5.4.1/bin/../lib/gcc/arm-none-eabi/5.4.1/../../../../arm-none-eabi/lib/armv7-m\libg_nano.a(lib_a-stdio.o)
 .debug_frame   0x00002ce8       0x44 c:/program files (x86)/cypress/psoc creator/4.4/psoc creator/import/gnu/arm/5.4.1/bin/../lib/gcc/arm-none-eabi/5.4.1/../../../../arm-none-eabi/lib/armv7-m\libg_nano.a(lib_a-strtol.o)
 .debug_frame   0x00002d2c       0x40 c:/program files (x86)/cypress/psoc creator/4.4/psoc creator/import/gnu/arm/5.4.1/bin/../lib/gcc/arm-none-eabi/5.4.1/../../../../arm-none-eabi/lib/armv7-m\libg_nano.a(lib_a-wbuf.o)
 .debug_frame   0x00002d6c       0x2c c:/program files (x86)/cypress/psoc creator/4.4/psoc creator/import/gnu/arm/5.4.1/bin/../lib/gcc/arm-none-eabi/5.4.1/../../../../arm-none-eabi/lib/armv7-m\libg_nano.a(lib_a-writer.o)
 .debug_frame   0x00002d98       0x2c c:/program files (x86)/cypress/psoc creator/4.4/psoc creator/import/gnu/arm/5.4.1/bin/../lib/gcc/arm-none-eabi/5.4.1/../../../../arm-none-eabi/lib/armv7-m\libg_nano.a(lib_a-wsetup.o)