Archive member included to satisfy reference by file (symbol)

.\CortexM3\ARM_GCC_541\Debug\Green_House.a(CyLib.o)
                              .\CortexM3\ARM_GCC_541\Debug\Cm3Start.o (CyHalt)
.\CortexM3\ARM_GCC_541\Debug\Green_House.a(cyPm.o)
                              .\CortexM3\ARM_GCC_541\Debug\Green_House.a(CyLib.o) (CyPmReadStatus)
.\CortexM3\ARM_GCC_541\Debug\Green_House.a(UART.o)
                              .\CortexM3\ARM_GCC_541\Debug\main.o (UART_Start)
.\CortexM3\ARM_GCC_541\Debug\Green_House.a(isr_UART.o)
                              .\CortexM3\ARM_GCC_541\Debug\main.o (isr_UART_StartEx)
.\CortexM3\ARM_GCC_541\Debug\Green_House.a(UART_IntClock.o)
                              .\CortexM3\ARM_GCC_541\Debug\Green_House.a(UART.o) (UART_IntClock_Start)
.\CortexM3\ARM_GCC_541\Debug\Green_House.a(I2C_RTC.o)
                              .\CortexM3\ARM_GCC_541\Debug\main.o (I2C_RTC_Start)
.\CortexM3\ARM_GCC_541\Debug\Green_House.a(I2C_RTC_INT.o)
                              .\CortexM3\ARM_GCC_541\Debug\Green_House.a(I2C_RTC.o) (I2C_RTC_ISR)
.\CortexM3\ARM_GCC_541\Debug\Green_House.a(I2C_RTC_PM.o)
                              .\CortexM3\ARM_GCC_541\Debug\Green_House.a(I2C_RTC.o) (I2C_RTC_backup)
.\CortexM3\ARM_GCC_541\Debug\Green_House.a(I2C_RTC_MASTER.o)
                              .\CortexM3\ARM_GCC_541\Debug\Green_House.a(I2C_RTC.o) (I2C_RTC_mstrStatus)
.\CortexM3\ARM_GCC_541\Debug\Green_House.a(Timer.o)
                              .\CortexM3\ARM_GCC_541\Debug\main.o (Timer_ReadStatusRegister)
.\CortexM3\ARM_GCC_541\Debug\Green_House.a(PWM.o)
                              .\CortexM3\ARM_GCC_541\Debug\main.o (PWM_WriteCompare)
.\CortexM3\ARM_GCC_541\Debug\Green_House.a(isr_PWM.o)
                              .\CortexM3\ARM_GCC_541\Debug\main.o (isr_PWM_StartEx)
.\CortexM3\ARM_GCC_541\Debug\Green_House.a(isr_Timer.o)
                              .\CortexM3\ARM_GCC_541\Debug\main.o (isr_Timer_StartEx)
.\CortexM3\ARM_GCC_541\Debug\Green_House.a(LED_Heating.o)
                              .\CortexM3\ARM_GCC_541\Debug\main.o (LED_Heating_Write)
.\CortexM3\ARM_GCC_541\Debug\Green_House.a(OneWirePin.o)
                              .\CortexM3\ARM_GCC_541\Debug\OneWireLab.o (OneWirePin_Write)
.\CortexM3\ARM_GCC_541\Debug\Green_House.a(CyBootAsmGnu.o)
                              .\CortexM3\ARM_GCC_541\Debug\cyfitter_cfg.o (CyDelayCycles)
.\CortexM3\ARM_GCC_541\Debug\Green_House.a(CyFlash.o)
                              .\CortexM3\ARM_GCC_541\Debug\Green_House.a(cyPm.o) (CyFlash_SetWaitCycles)
.\CortexM3\ARM_GCC_541\Debug\Green_House.a(CySpc.o)
                              .\CortexM3\ARM_GCC_541\Debug\Green_House.a(CyFlash.o) (CySpcStart)
c:/program files (x86)/cypress/psoc creator/4.4/psoc creator/import/gnu/arm/5.4.1/bin/../lib/gcc/arm-none-eabi/5.4.1/armv7-m\libgcc.a(_arm_addsubdf3.o)
                              .\CortexM3\ARM_GCC_541\Debug\OneWireLab.o (__aeabi_i2d)
c:/program files (x86)/cypress/psoc creator/4.4/psoc creator/import/gnu/arm/5.4.1/bin/../lib/gcc/arm-none-eabi/5.4.1/armv7-m\libgcc.a(_arm_muldivdf3.o)
                              .\CortexM3\ARM_GCC_541\Debug\OneWireLab.o (__aeabi_dmul)
c:/program files (x86)/cypress/psoc creator/4.4/psoc creator/import/gnu/arm/5.4.1/bin/../lib/gcc/arm-none-eabi/5.4.1/armv7-m\libgcc.a(_arm_truncdfsf2.o)
                              .\CortexM3\ARM_GCC_541\Debug\OneWireLab.o (__aeabi_d2f)
c:/program files (x86)/cypress/psoc creator/4.4/psoc creator/import/gnu/arm/5.4.1/bin/../lib/gcc/arm-none-eabi/5.4.1/armv7-m\libgcc.a(_arm_addsubsf3.o)
                              .\CortexM3\ARM_GCC_541\Debug\OneWireLab.o (__aeabi_fadd)
c:/program files (x86)/cypress/psoc creator/4.4/psoc creator/import/gnu/arm/5.4.1/bin/../lib/gcc/arm-none-eabi/5.4.1/armv7-m\libgcc.a(_arm_fixunssfsi.o)
                              .\CortexM3\ARM_GCC_541\Debug\main.o (__aeabi_f2uiz)
c:/program files (x86)/cypress/psoc creator/4.4/psoc creator/import/gnu/arm/5.4.1/bin/../lib/gcc/arm-none-eabi/5.4.1/../../../../arm-none-eabi/lib/armv7-m\libg_nano.a(lib_a-errno.o)
                              .\CortexM3\ARM_GCC_541\Debug\Cm3Start.o (__errno)
c:/program files (x86)/cypress/psoc creator/4.4/psoc creator/import/gnu/arm/5.4.1/bin/../lib/gcc/arm-none-eabi/5.4.1/../../../../arm-none-eabi/lib/armv7-m\libg_nano.a(lib_a-exit.o)
                              c:/program files (x86)/cypress/psoc creator/4.4/psoc creator/import/gnu/arm/5.4.1/bin/../lib/gcc/arm-none-eabi/5.4.1/../../../../arm-none-eabi/lib/armv7-m/crt0.o (exit)
c:/program files (x86)/cypress/psoc creator/4.4/psoc creator/import/gnu/arm/5.4.1/bin/../lib/gcc/arm-none-eabi/5.4.1/../../../../arm-none-eabi/lib/armv7-m\libg_nano.a(lib_a-impure.o)
                              c:/program files (x86)/cypress/psoc creator/4.4/psoc creator/import/gnu/arm/5.4.1/bin/../lib/gcc/arm-none-eabi/5.4.1/../../../../arm-none-eabi/lib/armv7-m\libg_nano.a(lib_a-exit.o) (_global_impure_ptr)
[...]
Memory Configuration

Name             Origin             Length             Attributes
rom              0x00000000         0x00040000         xr
ram              0x1fff8000         0x00010000         xrw
*default*        0x00000000         0xffffffff

Linker script and memory map

LOAD c:/program files (x86)/cypress/psoc creator/4.4/psoc creator/import/gnu/arm/5.4.1/bin/../lib/gcc/arm-none-eabi/5.4.1/armv7-m/crti.o
LOAD c:/program files (x86)/cypress/psoc creator/4.4/psoc creator/import/gnu/arm/5.4.1/bin/../lib/gcc/arm-none-eabi/5.4.1/armv7-m/crtbegin.o
LOAD c:/program files (x86)/cypress/psoc creator/4.4/psoc creator/import/gnu/arm/5.4.1/bin/../lib/gcc/arm-none-eabi/5.4.1/../../../../arm-none-eabi/lib/armv7-m/crt0.o
START GROUP
LOAD .\CortexM3\ARM_GCC_541\Debug\main.o
LOAD .\CortexM3\ARM_GCC_541\Debug\OneWireLab.o
LOAD .\CortexM3\ARM_GCC_541\Debug\cyfitter_cfg.o
LOAD .\CortexM3\ARM_GCC_541\Debug\cymetadata.o
LOAD .\CortexM3\ARM_GCC_541\Debug\Cm3Start.o
LOAD .\CortexM3\ARM_GCC_541\Debug\Green_House.a
LOAD C:\Program Files (x86)\Cypress\PSoC Creator\4.4\PSoC Creator\psoc\content\cycomponentlibrary\CyComponentLibrary.cylib\CortexM3\ARM_GCC_541\Debug\CyComponentLibrary.a
END GROUP
START GROUP
LOAD c:/program files (x86)/cypress/psoc creator/4.4/psoc creator/import/gnu/arm/5.4.1/bin/../lib/gcc/arm-none-eabi/5.4.1/armv7-m\libgcc.a
LOAD c:/program files (x86)/cypress/psoc creator/4.4/psoc creator/import/gnu/arm/5.4.1/bin/../lib/gcc/arm-none-eabi/5.4.1/../../../../arm-none-eabi/lib/armv7-m\libg_nano.a
LOAD c:/program files (x86)/cypress/psoc creator/4.4/psoc creator/import/gnu/arm/5.4.1/bin/../lib/gcc/arm-none-eabi/5.4.1/../../../../arm-none-eabi/lib/armv7-m\libc_nano.a
END GROUP
START GROUP
LOAD c:/program files (x86)/cypress/psoc creator/4.4/psoc creator/import/gnu/arm/5.4.1/bin/../lib/gcc/arm-none-eabi/5.4.1/armv7-m\libgcc.a
LOAD c:/program files (x86)/cypress/psoc creator/4.4/psoc creator/import/gnu/arm/5.4.1/bin/../lib/gcc/arm-none-eabi/5.4.1/../../../../arm-none-eabi/lib/armv7-m\libc_nano.a
END GROUP
LOAD c:/program files (x86)/cypress/psoc creator/4.4/psoc creator/import/gnu/arm/5.4.1/bin/../lib/gcc/arm-none-eabi/5.4.1/armv7-m/crtend.o
LOAD c:/program files (x86)/cypress/psoc creator/4.4/psoc creator/import/gnu/arm/5.4.1/bin/../lib/gcc/arm-none-eabi/5.4.1/armv7-m/crtn.o
START GROUP
LOAD c:/program files (x86)/cypress/psoc creator/4.4/psoc creator/import/gnu/arm/5.4.1/bin/../lib/gcc/arm-none-eabi/5.4.1/armv7-m\libgcc.a
LOAD c:/program files (x86)/cypress/psoc creator/4.4/psoc creator/import/gnu/arm/5.4.1/bin/../lib/gcc/arm-none-eabi/5.4.1/../../../../arm-none-eabi/lib/armv7-m\libc.a
LOAD c:/program files (x86)/cypress/psoc creator/4.4/psoc creator/import/gnu/arm/5.4.1/bin/../lib/gcc/arm-none-eabi/5.4.1/../../../../arm-none-eabi/lib/armv7-m\libnosys.a
END GROUP
                0x00000000                CY_APPL_ORIGIN = 0x0
                0x00000100                CY_FLASH_ROW_SIZE = 0x100
                0x00000020                CY_ECC_ROW_SIZE = 0x20
                0x00000000                CY_EE_IN_BTLDR = 0x0
                0x00000000                CY_APPL_LOADABLE = 0x0
                0x00000800                CY_EE_SIZE = 0x800
                0x00000001                CY_APPL_NUM = 0x1
                0x00000001                CY_APPL_MAX = 0x1
                0x00000040                CY_METADATA_SIZE = 0x40
                0x00000000                CY_APPL_LOADABLE = 0x0
                0x00000000                CY_CHECKSUM_EXCLUDE_SIZE = ALIGN (0x0, CY_FLASH_ROW_SIZE)
                [!provide]                PROVIDE (__cy_heap_start, _end)
                0x00000001                PROVIDE (__cy_region_num, ((__cy_regions_end - __cy_regions) / 0x10))
                0x20008000                PROVIDE (__cy_stack, (ORIGIN (ram) + LENGTH (ram)))
                [!provide]                PROVIDE (__cy_heap_end, (__cy_stack - 0x800))

.cybootloader   0x00000000        0x0
 *(.cybootloader)
                0x00000000                appl1_start = CY_APPL_ORIGIN?CY_APPL_ORIGIN:ALIGN (CY_FLASH_ROW_SIZE)
                0x0001ff00                appl2_start = (appl1_start + ALIGN ((((LENGTH (rom) - appl1_start) - (0x2 * CY_FLASH_ROW_SIZE)) / 0x2), CY_FLASH_ROW_SIZE))
                0x00000000                appl_start = (CY_APPL_NUM == 0x1)?appl1_start:appl2_start
                0x00000000                ecc_offset = ((appl_start / CY_FLASH_ROW_SIZE) * CY_ECC_ROW_SIZE)
                0x00000000                ee_offset = (CY_APPL_LOADABLE && ! (CY_EE_IN_BTLDR))?((CY_EE_SIZE / CY_APPL_MAX) * (CY_APPL_NUM - 0x1)):0x0
                0x00000800                ee_size = (CY_APPL_LOADABLE && ! (CY_EE_IN_BTLDR))?(CY_EE_SIZE / CY_APPL_MAX):CY_EE_SIZE
                [!provide]                PROVIDE (CY_ECC_OFFSET, ecc_offset)

.text           0x00000000     0x2308
 CREATE_OBJECT_SYMBOLS
                0x00000000                PROVIDE (__cy_interrupt_vector, RomVectors)
 *(.romvectors)
 .romvectors    0x00000000       0x10 .\CortexM3\ARM_GCC_541\Debug\Cm3Start.o
                0x00000000                RomVectors
                0x00000001                ASSERT ((. != __cy_interrupt_vector), No interrupt vector)
                0x00000001                ASSERT (CY_APPL_ORIGIN?(SIZEOF (.cybootloader) <= CY_APPL_ORIGIN):0x1, Wrong image location)
                0x00000010                PROVIDE (__cy_reset, Reset)
 *(.text.Reset)
 .text.Reset    0x00000010       0x18 .\CortexM3\ARM_GCC_541\Debug\Cm3Start.o
                0x00000010                Reset
                0x00000001                ASSERT ((. != __cy_reset), No reset code)
 *(.dma_init)
                0x00000001                ASSERT ((((appl_start + .) <= 0x10000) || 0x1), DMA Init must be within the first 64k of flash)
 *(.text .text.* .gnu.linkonce.t.*)
 .text          0x00000028       0x5c c:/program files (x86)/cypress/psoc creator/4.4/psoc creator/import/gnu/arm/5.4.1/bin/../lib/gcc/arm-none-eabi/5.4.1/armv7-m/crtbegin.o
 .text.my_isr_UART
                0x00000084       0xcc .\CortexM3\ARM_GCC_541\Debug\main.o
                0x00000084                my_isr_UART
 .text.my_isr_PWM
                0x00000150       0x4c .\CortexM3\ARM_GCC_541\Debug\main.o
                0x00000150                my_isr_PWM
 .text.main     0x0000019c       0x70 .\CortexM3\ARM_GCC_541\Debug\main.o
                0x0000019c                main
 .text.heating_control
                0x0000020c       0x2c .\CortexM3\ARM_GCC_541\Debug\main.o
                0x0000020c                heating_control
 .text.window_position_control
                0x00000238       0x68 .\CortexM3\ARM_GCC_541\Debug\main.o
                0x00000238                window_position_control
 .text.read_Room_Temp
                0x000002a0        0xc .\CortexM3\ARM_GCC_541\Debug\main.o
                0x000002a0                read_Room_Temp
 .text.my_isr_TIMER
                0x000002ac        0xc .\CortexM3\ARM_GCC_541\Debug\main.o
                0x000002ac                my_isr_TIMER
 .text.OW_Reset
                0x000002b8       0x30 .\CortexM3\ARM_GCC_541\Debug\OneWireLab.o
                0x000002b8                OW_Reset
 .text.OW_Write_Bit
                0x000002e8       0x34 .\CortexM3\ARM_GCC_541\Debug\OneWireLab.o
                0x000002e8                OW_Write_Bit
 .text.OW_Read_Bit
                0x0000031c       0x20 .\CortexM3\ARM_GCC_541\Debug\OneWireLab.o
                0x0000031c                OW_Read_Bit
 .text.OW_Write_Byte
                0x0000033c       0x1c .\CortexM3\ARM_GCC_541\Debug\OneWireLab.o
                0x0000033c                OW_Write_Byte
 .text.OneWire_start
                0x00000358       0x28 .\CortexM3\ARM_GCC_541\Debug\OneWireLab.o
                0x00000358                OneWire_start
 .text.OW_Read_Byte
                0x00000380       0x20 .\CortexM3\ARM_GCC_541\Debug\OneWireLab.o
                0x00000380                OW_Read_Byte
 .text.OneWire_read_data
                0x000003a0       0xa8 .\CortexM3\ARM_GCC_541\Debug\OneWireLab.o
                0x000003a0                OneWire_read_data
 .text.CyClockStartupError
                0x00000448        0x4 .\CortexM3\ARM_GCC_541\Debug\cyfitter_cfg.o
 .text.cfg_write_bytes32
                0x0000044c       0x34 .\CortexM3\ARM_GCC_541\Debug\cyfitter_cfg.o
 .text.AnalogSetDefault
                0x00000480       0x28 .\CortexM3\ARM_GCC_541\Debug\cyfitter_cfg.o
 .text.CYMEMZERO
                0x000004a8        0xc .\CortexM3\ARM_GCC_541\Debug\cyfitter_cfg.o
 .text.ClockSetup
                0x000004b4       0xd4 .\CortexM3\ARM_GCC_541\Debug\cyfitter_cfg.o
 .text.CYCONFIGCPY
                0x00000588        0x8 .\CortexM3\ARM_GCC_541\Debug\cyfitter_cfg.o
 .text.cyfitter_cfg
                0x00000590      0x120 .\CortexM3\ARM_GCC_541\Debug\cyfitter_cfg.o
                0x00000590                cyfitter_cfg
 .text.IntDefaultHandler
                0x000006b0       0x10 .\CortexM3\ARM_GCC_541\Debug\Cm3Start.o
                0x000006b0                IntDefaultHandler
 .text._sbrk    0x000006c0       0x30 .\CortexM3\ARM_GCC_541\Debug\Cm3Start.o
                0x000006c0                _sbrk
 .text.Start_c  0x000006f0       0x4c .\CortexM3\ARM_GCC_541\Debug\Cm3Start.o
                0x000006f0                Start_c
 .text.initialize_psoc
                0x0000073c       0x68 .\CortexM3\ARM_GCC_541\Debug\Cm3Start.o
                0x0000073c                initialize_psoc
 .text.CyHalt   0x000007a4        0x4 .\CortexM3\ARM_GCC_541\Debug\Green_House.a(CyLib.o)
                0x000007a4                CyHalt
 .text.CyDelayUs
                0x000007a8       0x14 .\CortexM3\ARM_GCC_541\Debug\Green_House.a(CyLib.o)
                0x000007a8                CyDelayUs
 .text.CyIntSetVector
                0x000007bc       0x28 .\CortexM3\ARM_GCC_541\Debug\Green_House.a(CyLib.o)
                0x000007bc                CyIntSetVector
 .text.CyIntSetPriority
                0x000007e4       0x30 .\CortexM3\ARM_GCC_541\Debug\Green_House.a(CyLib.o)
                0x000007e4                CyIntSetPriority
 .text.UART_Init
                0x00000814       0x28 .\CortexM3\ARM_GCC_541\Debug\Green_House.a(UART.o)
                0x00000814                UART_Init
 .text.UART_Enable
                0x0000083c       0x3c .\CortexM3\ARM_GCC_541\Debug\Green_House.a(UART.o)
                0x0000083c                UART_Enable
 .text.UART_Start
                0x00000878       0x1c .\CortexM3\ARM_GCC_541\Debug\Green_House.a(UART.o)
                0x00000878                UART_Start
 .text.UART_GetChar
                0x00000894       0x2c .\CortexM3\ARM_GCC_541\Debug\Green_House.a(UART.o)
                0x00000894                UART_GetChar
 .text.UART_ClearRxBuffer
                0x000008c0       0x24 .\CortexM3\ARM_GCC_541\Debug\Green_House.a(UART.o)
                0x000008c0                UART_ClearRxBuffer
 .text.UART_PutChar
                0x000008e4       0x18 .\CortexM3\ARM_GCC_541\Debug\Green_House.a(UART.o)
                0x000008e4                UART_PutChar
 .text.UART_PutString
                0x000008fc       0x24 .\CortexM3\ARM_GCC_541\Debug\Green_House.a(UART.o)
                0x000008fc                UART_PutString
 .text.isr_UART_SetVector
                0x00000920        0xc .\CortexM3\ARM_GCC_541\Debug\Green_House.a(isr_UART.o)
                0x00000920                isr_UART_SetVector
 .text.isr_UART_SetPriority
                0x0000092c       0x10 .\CortexM3\ARM_GCC_541\Debug\Green_House.a(isr_UART.o)
                0x0000092c                isr_UART_SetPriority
 .text.isr_UART_Enable
                0x0000093c        0xc .\CortexM3\ARM_GCC_541\Debug\Green_House.a(isr_UART.o)
                0x0000093c                isr_UART_Enable
 .text.isr_UART_Disable
                0x00000948        0xc .\CortexM3\ARM_GCC_541\Debug\Green_House.a(isr_UART.o)
                0x00000948                isr_UART_Disable
 .text.isr_UART_StartEx
                0x00000954       0x1c .\CortexM3\ARM_GCC_541\Debug\Green_House.a(isr_UART.o)
                0x00000954                isr_UART_StartEx
 .text.isr_UART_ClearPending
                0x00000970        0xc .\CortexM3\ARM_GCC_541\Debug\Green_House.a(isr_UART.o)
                0x00000970                isr_UART_ClearPending
 .text.UART_IntClock_Start
                0x0000097c       0x1c .\CortexM3\ARM_GCC_541\Debug\Green_House.a(UART_IntClock.o)
                0x0000097c                UART_IntClock_Start
 .text.I2C_RTC_Init
                0x00000998       0x68 .\CortexM3\ARM_GCC_541\Debug\Green_House.a(I2C_RTC.o)
                0x00000998                I2C_RTC_Init
 .text.I2C_RTC_Enable
                0x00000a00       0x24 .\CortexM3\ARM_GCC_541\Debug\Green_House.a(I2C_RTC.o)
                0x00000a00                I2C_RTC_Enable
 .text.I2C_RTC_Start
                0x00000a24       0x28 .\CortexM3\ARM_GCC_541\Debug\Green_House.a(I2C_RTC.o)
                0x00000a24                I2C_RTC_Start
 .text.I2C_RTC_ISR
                0x00000a4c      0x2d0 .\CortexM3\ARM_GCC_541\Debug\Green_House.a(I2C_RTC_INT.o)
                0x00000a4c                I2C_RTC_ISR
 .text.Timer_Enable
                0x00000d1c       0x10 .\CortexM3\ARM_GCC_541\Debug\Green_House.a(Timer.o)
                0x00000d1c                Timer_Enable
 .text.Timer_SetInterruptMode
                0x00000d2c        0xc .\CortexM3\ARM_GCC_541\Debug\Green_House.a(Timer.o)
                0x00000d2c                Timer_SetInterruptMode
 .text.Timer_ReadStatusRegister
                0x00000d38        0xc .\CortexM3\ARM_GCC_541\Debug\Green_House.a(Timer.o)
                0x00000d38                Timer_ReadStatusRegister
 .text.Timer_WritePeriod
                0x00000d44        0xc .\CortexM3\ARM_GCC_541\Debug\Green_House.a(Timer.o)
                0x00000d44                Timer_WritePeriod
 .text.Timer_ReadCapture
                0x00000d50        0xc .\CortexM3\ARM_GCC_541\Debug\Green_House.a(Timer.o)
                0x00000d50                Timer_ReadCapture
 .text.Timer_WriteCounter
                0x00000d5c        0xc .\CortexM3\ARM_GCC_541\Debug\Green_House.a(Timer.o)
                0x00000d5c                Timer_WriteCounter
 .text.Timer_ClearFIFO
                0x00000d68       0x14 .\CortexM3\ARM_GCC_541\Debug\Green_House.a(Timer.o)
                0x00000d68                Timer_ClearFIFO
 .text.Timer_Init
                0x00000d7c       0x30 .\CortexM3\ARM_GCC_541\Debug\Green_House.a(Timer.o)
                0x00000d7c                Timer_Init
 .text.Timer_Start
                0x00000dac       0x1c .\CortexM3\ARM_GCC_541\Debug\Green_House.a(Timer.o)
                0x00000dac                Timer_Start
 .text.PWM_Enable
                0x00000dc8       0x10 .\CortexM3\ARM_GCC_541\Debug\Green_House.a(PWM.o)
                0x00000dc8                PWM_Enable
 .text.PWM_WriteCounter
                0x00000dd8        0xc .\CortexM3\ARM_GCC_541\Debug\Green_House.a(PWM.o)
                0x00000dd8                PWM_WriteCounter
 .text.PWM_WritePeriod
                0x00000de4        0xc .\CortexM3\ARM_GCC_541\Debug\Green_House.a(PWM.o)
                0x00000de4                PWM_WritePeriod
 .text.PWM_WriteCompare
                0x00000df0        0xc .\CortexM3\ARM_GCC_541\Debug\Green_House.a(PWM.o)
                0x00000df0                PWM_WriteCompare
 .text.PWM_SetInterruptMode
                0x00000dfc        0xc .\CortexM3\ARM_GCC_541\Debug\Green_House.a(PWM.o)
                0x00000dfc                PWM_SetInterruptMode
 .text.PWM_ReadStatusRegister
                0x00000e08        0xc .\CortexM3\ARM_GCC_541\Debug\Green_House.a(PWM.o)
                0x00000e08                PWM_ReadStatusRegister
 .text.PWM_ReadCapture
                0x00000e14        0xc .\CortexM3\ARM_GCC_541\Debug\Green_House.a(PWM.o)
                0x00000e14                PWM_ReadCapture
 .text.PWM_ClearFIFO
                0x00000e20       0x14 .\CortexM3\ARM_GCC_541\Debug\Green_House.a(PWM.o)
                0x00000e20                PWM_ClearFIFO
 .text.PWM_Init
                0x00000e34       0x60 .\CortexM3\ARM_GCC_541\Debug\Green_House.a(PWM.o)
                0x00000e34                PWM_Init
 .text.PWM_Start
                0x00000e94       0x1c .\CortexM3\ARM_GCC_541\Debug\Green_House.a(PWM.o)
                0x00000e94                PWM_Start
 .text.isr_PWM_SetVector
                0x00000eb0        0xc .\CortexM3\ARM_GCC_541\Debug\Green_House.a(isr_PWM.o)
                0x00000eb0                isr_PWM_SetVector
 .text.isr_PWM_SetPriority
                0x00000ebc       0x10 .\CortexM3\ARM_GCC_541\Debug\Green_House.a(isr_PWM.o)
                0x00000ebc                isr_PWM_SetPriority
 .text.isr_PWM_Enable
                0x00000ecc        0xc .\CortexM3\ARM_GCC_541\Debug\Green_House.a(isr_PWM.o)
                0x00000ecc                isr_PWM_Enable
 .text.isr_PWM_Disable
                0x00000ed8        0xc .\CortexM3\ARM_GCC_541\Debug\Green_House.a(isr_PWM.o)
                0x00000ed8                isr_PWM_Disable
 .text.isr_PWM_StartEx
                0x00000ee4       0x1c .\CortexM3\ARM_GCC_541\Debug\Green_House.a(isr_PWM.o)
                0x00000ee4                isr_PWM_StartEx
 .text.isr_Timer_SetVector
                0x00000f00        0xc .\CortexM3\ARM_GCC_541\Debug\Green_House.a(isr_Timer.o)
                0x00000f00                isr_Timer_SetVector
 .text.isr_Timer_SetPriority
                0x00000f0c       0x10 .\CortexM3\ARM_GCC_541\Debug\Green_House.a(isr_Timer.o)
                0x00000f0c                isr_Timer_SetPriority
 .text.isr_Timer_Enable
                0x00000f1c        0xc .\CortexM3\ARM_GCC_541\Debug\Green_House.a(isr_Timer.o)
                0x00000f1c                isr_Timer_Enable
 .text.isr_Timer_Disable
                0x00000f28        0xc .\CortexM3\ARM_GCC_541\Debug\Green_House.a(isr_Timer.o)
                0x00000f28                isr_Timer_Disable
 .text.isr_Timer_StartEx
                0x00000f34       0x1c .\CortexM3\ARM_GCC_541\Debug\Green_House.a(isr_Timer.o)
                0x00000f34                isr_Timer_StartEx
 .text.LED_Heating_Write
                0x00000f50       0x18 .\CortexM3\ARM_GCC_541\Debug\Green_House.a(LED_Heating.o)
                0x00000f50                LED_Heating_Write
 .text.OneWirePin_Write
                0x00000f68       0x18 .\CortexM3\ARM_GCC_541\Debug\Green_House.a(OneWirePin.o)
                0x00000f68                OneWirePin_Write
 .text.OneWirePin_Read
                0x00000f80       0x10 .\CortexM3\ARM_GCC_541\Debug\Green_House.a(OneWirePin.o)
                0x00000f80                OneWirePin_Read
 .text          0x00000f90       0x20 .\CortexM3\ARM_GCC_541\Debug\Green_House.a(CyBootAsmGnu.o)
                0x00000f90                CyDelayCycles
                0x00000fa0                CyEnterCriticalSection
                0x00000fa8                CyExitCriticalSection
 .text          0x00000fb0      0x370 c:/program files (x86)/cypress/psoc creator/4.4/psoc creator/import/gnu/arm/5.4.1/bin/../lib/gcc/arm-none-eabi/5.4.1/armv7-m\libgcc.a(_arm_addsubdf3.o)
                0x00000fb0                __aeabi_drsub
                0x00000fb8                __aeabi_dsub
                0x00000fb8                __subdf3
                0x00000fbc                __aeabi_dadd
                0x00000fbc                __adddf3
                0x00001234                __floatunsidf
                0x00001234                __aeabi_ui2d
                0x00001254                __floatsidf
                0x00001254                __aeabi_i2d
                0x00001278                __aeabi_f2d
                0x00001278                __extendsfdf2
                0x000012b4                __floatundidf
                0x000012b4                __aeabi_ul2d
                0x000012c4                __floatdidf
                0x000012c4                __aeabi_l2d
 .text          0x00001320      0x424 c:/program files (x86)/cypress/psoc creator/4.4/psoc creator/import/gnu/arm/5.4.1/bin/../lib/gcc/arm-none-eabi/5.4.1/armv7-m\libgcc.a(_arm_muldivdf3.o)
                0x00001320                __aeabi_dmul
                0x00001320                __muldf3
                0x00001574                __divdf3
                0x00001574                __aeabi_ddiv
 .text          0x00001744       0xa0 c:/program files (x86)/cypress/psoc creator/4.4/psoc creator/import/gnu/arm/5.4.1/bin/../lib/gcc/arm-none-eabi/5.4.1/armv7-m\libgcc.a(_arm_truncdfsf2.o)
                0x00001744                __truncdfsf2
                0x00001744                __aeabi_d2f
 .text          0x000017e4      0x21c c:/program files (x86)/cypress/psoc creator/4.4/psoc creator/import/gnu/arm/5.4.1/bin/../lib/gcc/arm-none-eabi/5.4.1/armv7-m\libgcc.a(_arm_addsubsf3.o)
                0x000017e4                __aeabi_frsub
                0x000017ec                __subsf3
                0x000017ec                __aeabi_fsub
                0x000017f0                __aeabi_fadd
                0x000017f0                __addsf3
                0x00001950                __aeabi_ui2f
                0x00001950                __floatunsisf
                0x00001958                __aeabi_i2f
                0x00001958                __floatsisf
                0x00001974                __aeabi_ul2f
                0x00001974                __floatundisf
                0x00001984                __aeabi_l2f
                0x00001984                __floatdisf
 .text          0x00001a00       0x40 c:/program files (x86)/cypress/psoc creator/4.4/psoc creator/import/gnu/arm/5.4.1/bin/../lib/gcc/arm-none-eabi/5.4.1/armv7-m\libgcc.a(_arm_fixunssfsi.o)
                0x00001a00                __fixunssfsi
                0x00001a00                __aeabi_f2uiz
 .text.__errno  0x00001a40        0xc c:/program files (x86)/cypress/psoc creator/4.4/psoc creator/import/gnu/arm/5.4.1/bin/../lib/gcc/arm-none-eabi/5.4.1/../../../../arm-none-eabi/lib/armv7-m\libg_nano.a(lib_a-errno.o)
                0x00001a40                __errno
 .text.__libc_init_array
                0x00001a4c       0x4c c:/program files (x86)/cypress/psoc creator/4.4/psoc creator/import/gnu/arm/5.4.1/bin/../lib/gcc/arm-none-eabi/5.4.1/../../../../arm-none-eabi/lib/armv7-m\libg_nano.a(lib_a-init.o)
                0x00001a4c                __libc_init_array
 .text.memcpy   0x00001a98       0x16 c:/program files (x86)/cypress/psoc creator/4.4/psoc creator/import/gnu/arm/5.4.1/bin/../lib/gcc/arm-none-eabi/5.4.1/../../../../arm-none-eabi/lib/armv7-m\libg_nano.a(lib_a-memcpy-stub.o)
                0x00001a98                memcpy
 .text.memset   0x00001aae       0x10 c:/program files (x86)/cypress/psoc creator/4.4/psoc creator/import/gnu/arm/5.4.1/bin/../lib/gcc/arm-none-eabi/5.4.1/../../../../arm-none-eabi/lib/armv7-m\libg_nano.a(lib_a-memset.o)
                0x00001aae                memset
 *fill*         0x00001abe        0x2 
 .text.sprintf  0x00001ac0       0x48 c:/program files (x86)/cypress/psoc creator/4.4/psoc creator/import/gnu/arm/5.4.1/bin/../lib/gcc/arm-none-eabi/5.4.1/../../../../arm-none-eabi/lib/armv7-m\libg_nano.a(lib_a-sprintf.o)
                0x00001ac0                siprintf
                0x00001ac0                sprintf
 .text.__ssputs_r
                0x00001b08       0xb2 c:/program files (x86)/cypress/psoc creator/4.4/psoc creator/import/gnu/arm/5.4.1/bin/../lib/gcc/arm-none-eabi/5.4.1/../../../../arm-none-eabi/lib/armv7-m\libg_nano.a(lib_a-nano-svfprintf.o)
                0x00001b08                __ssputs_r
 *fill*         0x00001bba        0x2 
 .text._svfprintf_r
                0x00001bbc      0x1e8 c:/program files (x86)/cypress/psoc creator/4.4/psoc creator/import/gnu/arm/5.4.1/bin/../lib/gcc/arm-none-eabi/5.4.1/../../../../arm-none-eabi/lib/armv7-m\libg_nano.a(lib_a-nano-svfprintf.o)
                0x00001bbc                _svfiprintf_r
                0x00001bbc                _svfprintf_r
 .text._printf_common
                0x00001da4       0xec c:/program files (x86)/cypress/psoc creator/4.4/psoc creator/import/gnu/arm/5.4.1/bin/../lib/gcc/arm-none-eabi/5.4.1/../../../../arm-none-eabi/lib/armv7-m\libg_nano.a(lib_a-nano-vfprintf_i.o)
                0x00001da4                _printf_common
 .text._printf_i
                0x00001e90      0x24c c:/program files (x86)/cypress/psoc creator/4.4/psoc creator/import/gnu/arm/5.4.1/bin/../lib/gcc/arm-none-eabi/5.4.1/../../../../arm-none-eabi/lib/armv7-m\libg_nano.a(lib_a-nano-vfprintf_i.o)
                0x00001e90                _printf_i
 .text.memchr   0x000020dc       0x1c c:/program files (x86)/cypress/psoc creator/4.4/psoc creator/import/gnu/arm/5.4.1/bin/../lib/gcc/arm-none-eabi/5.4.1/../../../../arm-none-eabi/lib/armv7-m\libg_nano.a(lib_a-memchr-stub.o)
                0x000020dc                memchr
 .text.memmove  0x000020f8       0x36 c:/program files (x86)/cypress/psoc creator/4.4/psoc creator/import/gnu/arm/5.4.1/bin/../lib/gcc/arm-none-eabi/5.4.1/../../../../arm-none-eabi/lib/armv7-m\libg_nano.a(lib_a-memmove.o)
                0x000020f8                memmove
 *fill*         0x0000212e        0x2 
 .text._free_r  0x00002130       0x98 c:/program files (x86)/cypress/psoc creator/4.4/psoc creator/import/gnu/arm/5.4.1/bin/../lib/gcc/arm-none-eabi/5.4.1/../../../../arm-none-eabi/lib/armv7-m\libg_nano.a(lib_a-nano-freer.o)
                0x00002130                _free_r
 .text._malloc_r
                0x000021c8       0xbc c:/program files (x86)/cypress/psoc creator/4.4/psoc creator/import/gnu/arm/5.4.1/bin/../lib/gcc/arm-none-eabi/5.4.1/../../../../arm-none-eabi/lib/armv7-m\libg_nano.a(lib_a-nano-mallocr.o)
                0x000021c8                _malloc_r
 .text._realloc_r
                0x00002284       0x4c c:/program files (x86)/cypress/psoc creator/4.4/psoc creator/import/gnu/arm/5.4.1/bin/../lib/gcc/arm-none-eabi/5.4.1/../../../../arm-none-eabi/lib/armv7-m\libg_nano.a(lib_a-nano-reallocr.o)
                0x00002284                _realloc_r
 .text._sbrk_r  0x000022d0       0x20 c:/program files (x86)/cypress/psoc creator/4.4/psoc creator/import/gnu/arm/5.4.1/bin/../lib/gcc/arm-none-eabi/5.4.1/../../../../arm-none-eabi/lib/armv7-m\libg_nano.a(lib_a-sbrkr.o)
                0x000022d0                _sbrk_r
 .text.__malloc_lock
                0x000022f0        0x2 c:/program files (x86)/cypress/psoc creator/4.4/psoc creator/import/gnu/arm/5.4.1/bin/../lib/gcc/arm-none-eabi/5.4.1/../../../../arm-none-eabi/lib/armv7-m\libg_nano.a(lib_a-mlock.o)
                0x000022f0                __malloc_lock
 .text.__malloc_unlock
                0x000022f2        0x2 c:/program files (x86)/cypress/psoc creator/4.4/psoc creator/import/gnu/arm/5.4.1/bin/../lib/gcc/arm-none-eabi/5.4.1/../../../../arm-none-eabi/lib/armv7-m\libg_nano.a(lib_a-mlock.o)
                0x000022f2                __malloc_unlock
 .text._malloc_usable_size_r
                0x000022f4       0x14 c:/program files (x86)/cypress/psoc creator/4.4/psoc creator/import/gnu/arm/5.4.1/bin/../lib/gcc/arm-none-eabi/5.4.1/../../../../arm-none-eabi/lib/armv7-m\libg_nano.a(lib_a-nano-msizer.o)
                0x000022f4                _malloc_usable_size_r
 *(.plt)
 *(.gnu.warning)
 *(.glue_7t)
 .glue_7t       0x00002308        0x0 linker stubs
 *(.glue_7)
 .glue_7        0x00002308        0x0 linker stubs
 *(.vfp11_veneer)
 .vfp11_veneer  0x00002308        0x0 linker stubs
 *(.bootloader)
 *(.ARM.extab* .gnu.linkonce.armextab.*)
 *(.gcc_except_table)

.v4_bx          0x00002308        0x0
 .v4_bx         0x00002308        0x0 linker stubs

.iplt           0x00002308        0x0
 .iplt          0x00002308        0x0 c:/program files (x86)/cypress/psoc creator/4.4/psoc creator/import/gnu/arm/5.4.1/bin/../lib/gcc/arm-none-eabi/5.4.1/armv7-m/crtbegin.o

.eh_frame_hdr
 *(.eh_frame_hdr)

.eh_frame       0x00002308        0x4
 *(.eh_frame)
 .eh_frame      0x00002308        0x0 c:/program files (x86)/cypress/psoc creator/4.4/psoc creator/import/gnu/arm/5.4.1/bin/../lib/gcc/arm-none-eabi/5.4.1/armv7-m/crtbegin.o
 .eh_frame      0x00002308        0x4 c:/program files (x86)/cypress/psoc creator/4.4/psoc creator/import/gnu/arm/5.4.1/bin/../lib/gcc/arm-none-eabi/5.4.1/armv7-m/crtend.o
                [!provide]                PROVIDE (__exidx_start, .)

.ARM.exidx
 *(.ARM.exidx* .gnu.linkonce.armexidx.*)
                0x0000230c                __exidx_end = .

.rodata         0x0000230c      0x24c
 *(.rodata .rodata.* .gnu.linkonce.r.*)
 .rodata        0x0000230c       0x32 .\CortexM3\ARM_GCC_541\Debug\main.o
 *fill*         0x0000233e        0x2 
 .rodata.str1.4
                0x00002340      0x170 .\CortexM3\ARM_GCC_541\Debug\main.o
                                0x16f (size before relaxing)
 .rodata        0x000024b0       0x3a .\CortexM3\ARM_GCC_541\Debug\cyfitter_cfg.o
 .rodata.str1.1
                0x000024ea        0x2 c:/program files (x86)/cypress/psoc creator/4.4/psoc creator/import/gnu/arm/5.4.1/bin/../lib/gcc/arm-none-eabi/5.4.1/../../../../arm-none-eabi/lib/armv7-m\libg_nano.a(lib_a-impure.o)
 .rodata.str1.1
                0x000024ec       0x11 c:/program files (x86)/cypress/psoc creator/4.4/psoc creator/import/gnu/arm/5.4.1/bin/../lib/gcc/arm-none-eabi/5.4.1/../../../../arm-none-eabi/lib/armv7-m\libg_nano.a(lib_a-nano-svfprintf.o)
 .rodata.str1.1
                0x000024fd       0x22 c:/program files (x86)/cypress/psoc creator/4.4/psoc creator/import/gnu/arm/5.4.1/bin/../lib/gcc/arm-none-eabi/5.4.1/../../../../arm-none-eabi/lib/armv7-m\libg_nano.a(lib_a-nano-vfprintf_i.o)
                0x00002520                . = ALIGN (0x4)
 *fill*         0x0000251f        0x1 
 *(.init)
 .init          0x00002520        0x4 c:/program files (x86)/cypress/psoc creator/4.4/psoc creator/import/gnu/arm/5.4.1/bin/../lib/gcc/arm-none-eabi/5.4.1/armv7-m/crti.o
                0x00002520                _init
 .init          0x00002524        0x8 c:/program files (x86)/cypress/psoc creator/4.4/psoc creator/import/gnu/arm/5.4.1/bin/../lib/gcc/arm-none-eabi/5.4.1/armv7-m/crtn.o
                0x0000252c                . = ALIGN (0x4)
                0x0000252c                __preinit_array_start = .
 *(.preinit_array)
                0x0000252c                __preinit_array_end = .
                0x0000252c                . = ALIGN (0x4)
                0x0000252c                __init_array_start = .
 *(SORT(.init_array.*))
 *(.init_array)
 .init_array    0x0000252c        0x4 c:/program files (x86)/cypress/psoc creator/4.4/psoc creator/import/gnu/arm/5.4.1/bin/../lib/gcc/arm-none-eabi/5.4.1/armv7-m/crtbegin.o
 .init_array    0x00002530        0x4 .\CortexM3\ARM_GCC_541\Debug\Cm3Start.o
                0x00002534                __init_array_end = .
                0x00002534                . = ALIGN (0x4)
 *(.fini)
 .fini          0x00002534        0x4 c:/program files (x86)/cypress/psoc creator/4.4/psoc creator/import/gnu/arm/5.4.1/bin/../lib/gcc/arm-none-eabi/5.4.1/armv7-m/crti.o
                0x00002534                _fini
 .fini          0x00002538        0x8 c:/program files (x86)/cypress/psoc creator/4.4/psoc creator/import/gnu/arm/5.4.1/bin/../lib/gcc/arm-none-eabi/5.4.1/armv7-m/crtn.o
                0x00002540                . = ALIGN (0x4)
                0x00002540                __fini_array_start = .
 *(.fini_array)
 .fini_array    0x00002540        0x4 c:/program files (x86)/cypress/psoc creator/4.4/psoc creator/import/gnu/arm/5.4.1/bin/../lib/gcc/arm-none-eabi/5.4.1/armv7-m/crtbegin.o
 *(SORT(.fini_array.*))
                0x00002544                __fini_array_end = .
                0x00002544                . = ALIGN (0x4)
 *crtbegin.o(.ctors)
 *(EXCLUDE_FILE(*crtend.o) .ctors)
 *(SORT(.ctors.*))
 *crtend.o(.ctors)
                0x00002544                . = ALIGN (0x4)
 *crtbegin.o(.dtors)
 *(EXCLUDE_FILE(*crtend.o) .dtors)
 *(SORT(.dtors.*))
 *crtend.o(.dtors)
                0x00002544                . = ALIGN (0x4)
                0x00002544                __cy_regions = .
                0x00002544        0x4 LONG 0x2558 __cy_region_init_ram
                0x00002548        0x4 LONG 0x1fff80c8 __cy_region_start_data
                0x0000254c        0x4 LONG 0x90 __cy_region_init_size_ram
                0x00002550        0x4 LONG 0xa0 __cy_region_zero_size_ram
                0x00002554                __cy_regions_end = .
                0x00002558                . = ALIGN (0x8)
 *fill*         0x00002554        0x4 
                0x00002558                _etext = .

.cy_checksum_exclude
                0x00002558        0x0
 *(.cy_checksum_exclude)

.ramvectors     0x1fff8000       0xc0
                0x1fff8000                __cy_region_start_ram = .
 *(.ramvectors)
 .ramvectors    0x1fff8000       0xc0 .\CortexM3\ARM_GCC_541\Debug\Cm3Start.o
                0x1fff8000                CyRamVectors

.noinit         0x1fff80c0        0x1
 *(.noinit)
 .noinit        0x1fff80c0        0x1 .\CortexM3\ARM_GCC_541\Debug\Green_House.a(CyLib.o)
                0x1fff80c0                CyResetStatus

.data           0x1fff80c8       0x90 load address 0x00002558
                0x1fff80c8                __cy_region_start_data = .
 *(.jcr)
 .jcr           0x1fff80c8        0x0 c:/program files (x86)/cypress/psoc creator/4.4/psoc creator/import/gnu/arm/5.4.1/bin/../lib/gcc/arm-none-eabi/5.4.1/armv7-m/crtbegin.o
 .jcr           0x1fff80c8        0x4 c:/program files (x86)/cypress/psoc creator/4.4/psoc creator/import/gnu/arm/5.4.1/bin/../lib/gcc/arm-none-eabi/5.4.1/armv7-m/crtend.o
 *(.got.plt)
 *(.got)
 *(.shdata)
 *(.data .data.* .gnu.linkonce.d.*)
 .data          0x1fff80cc        0xe .\CortexM3\ARM_GCC_541\Debug\main.o
                0x1fff80cc                window_position
 *fill*         0x1fff80da        0x2 
 .data          0x1fff80dc        0x4 .\CortexM3\ARM_GCC_541\Debug\Cm3Start.o
 .data          0x1fff80e0       0x10 .\CortexM3\ARM_GCC_541\Debug\Green_House.a(CyLib.o)
                0x1fff80e0                cydelay_32k_ms
                0x1fff80e4                cydelay_freq_khz
                0x1fff80e8                cydelay_freq_mhz
                0x1fff80ec                cydelay_freq_hz
 .data.impure_data
                0x1fff80f0       0x60 c:/program files (x86)/cypress/psoc creator/4.4/psoc creator/import/gnu/arm/5.4.1/bin/../lib/gcc/arm-none-eabi/5.4.1/../../../../arm-none-eabi/lib/armv7-m\libg_nano.a(lib_a-impure.o)
 .data._impure_ptr
                0x1fff8150        0x4 c:/program files (x86)/cypress/psoc creator/4.4/psoc creator/import/gnu/arm/5.4.1/bin/../lib/gcc/arm-none-eabi/5.4.1/../../../../arm-none-eabi/lib/armv7-m\libg_nano.a(lib_a-impure.o)
                0x1fff8150                _impure_ptr
                0x1fff8158                . = ALIGN (0x8)
 *fill*         0x1fff8154        0x4 
 *(.ram)
                0x1fff8158                _edata = .

.igot.plt       0x1fff8158        0x0 load address 0x000025e8
 .igot.plt      0x1fff8158        0x0 c:/program files (x86)/cypress/psoc creator/4.4/psoc creator/import/gnu/arm/5.4.1/bin/../lib/gcc/arm-none-eabi/5.4.1/armv7-m/crtbegin.o

.bss            0x1fff8158       0xa0 load address 0x000025e8
                0x1fff8158                PROVIDE (__bss_start__, .)
 *(.shbss)
 *(.bss .bss.* .gnu.linkonce.b.*)
 .bss           0x1fff8158       0x1c c:/program files (x86)/cypress/psoc creator/4.4/psoc creator/import/gnu/arm/5.4.1/bin/../lib/gcc/arm-none-eabi/5.4.1/armv7-m/crtbegin.o
 .bss           0x1fff8174        0x5 .\CortexM3\ARM_GCC_541\Debug\main.o
                0x1fff8174                OneWireVal
                0x1fff8177                window_position_index
                0x1fff8178                room_temp
 *fill*         0x1fff8179        0x3 
 .bss           0x1fff817c       0x18 .\CortexM3\ARM_GCC_541\Debug\OneWireLab.o
                0x1fff817c                temp1_res
                0x1fff8180                OneWire1_sum
                0x1fff8184                OneWire1_cnt
                0x1fff8188                temp2_res
                0x1fff818c                OneWire2_cnt
                0x1fff8190                OneWire2_sum
 .bss           0x1fff8194        0x2 .\CortexM3\ARM_GCC_541\Debug\Green_House.a(UART.o)
                0x1fff8194                UART_initVar
 .bss           0x1fff8196        0x1 .\CortexM3\ARM_GCC_541\Debug\Green_House.a(I2C_RTC.o)
                0x1fff8196                I2C_RTC_initVar
 .bss           0x1fff8197        0x1 .\CortexM3\ARM_GCC_541\Debug\Green_House.a(Timer.o)
                0x1fff8197                Timer_initVar
 .bss           0x1fff8198        0x1 .\CortexM3\ARM_GCC_541\Debug\Green_House.a(PWM.o)
                0x1fff8198                PWM_initVar
 *fill*         0x1fff8199        0x3 
 .bss.__malloc_sbrk_start
                0x1fff819c        0x4 c:/program files (x86)/cypress/psoc creator/4.4/psoc creator/import/gnu/arm/5.4.1/bin/../lib/gcc/arm-none-eabi/5.4.1/../../../../arm-none-eabi/lib/armv7-m\libg_nano.a(lib_a-nano-mallocr.o)
                0x1fff819c                __malloc_sbrk_start
 .bss.__malloc_free_list
                0x1fff81a0        0x4 c:/program files (x86)/cypress/psoc creator/4.4/psoc creator/import/gnu/arm/5.4.1/bin/../lib/gcc/arm-none-eabi/5.4.1/../../../../arm-none-eabi/lib/armv7-m\libg_nano.a(lib_a-nano-mallocr.o)
                0x1fff81a0                __malloc_free_list
 *(COMMON)
 COMMON         0x1fff81a4       0x34 .\CortexM3\ARM_GCC_541\Debug\OneWireLab.o
                0x1fff81a4                temp_msb1
                0x1fff81a8                temp_lsb1
                0x1fff81ac                temp1x16
                0x1fff81b0                i
                0x1fff81b4                scratchpad2
                0x1fff81c0                temp_lsb2
                0x1fff81c4                temp2x16
                0x1fff81c8                scratchpad1
                0x1fff81d4                temp_msb2
 COMMON         0x1fff81d8        0x1 .\CortexM3\ARM_GCC_541\Debug\Green_House.a(I2C_RTC.o)
                0x1fff81d8                I2C_RTC_state
 *fill*         0x1fff81d9        0x3 
 COMMON         0x1fff81dc       0x13 .\CortexM3\ARM_GCC_541\Debug\Green_House.a(I2C_RTC_MASTER.o)
                0x1fff81dc                I2C_RTC_mstrWrBufSize
                0x1fff81e0                I2C_RTC_mstrWrBufPtr
                0x1fff81e4                I2C_RTC_mstrStatus
                0x1fff81e5                I2C_RTC_mstrRdBufSize
                0x1fff81e8                I2C_RTC_mstrRdBufPtr
                0x1fff81ec                I2C_RTC_mstrWrBufIndex
                0x1fff81ed                I2C_RTC_mstrControl
                0x1fff81ee                I2C_RTC_mstrRdBufIndex
 *fill*         0x1fff81ef        0x1 
 COMMON         0x1fff81f0        0x4 c:/program files (x86)/cypress/psoc creator/4.4/psoc creator/import/gnu/arm/5.4.1/bin/../lib/gcc/arm-none-eabi/5.4.1/../../../../arm-none-eabi/lib/armv7-m\libg_nano.a(lib_a-reent.o)
                0x1fff81f0                errno
                0x1fff81f8                . = ALIGN (0x8)
 *fill*         0x1fff81f4        0x4 
 *(.ram.b)
                0x1fff81f8                _end = .
                0x1fff81f8                __end = .
                0x1fff81f8                PROVIDE (end, .)
                0x1fff81f8                PROVIDE (__bss_end__, .)
                0x00002558                __cy_region_init_ram = LOADADDR (.data)
                0x00000090                __cy_region_init_size_ram = (_edata - ADDR (.data))
                0x000000a0                __cy_region_zero_size_ram = (_end - _edata)

.heap           0x1fff81f8       0x80 load address 0x000025e8
                0x1fff81f8                . = _end
                0x1fff8278                . = (. + 0x80)
 *fill*         0x1fff81f8       0x80 
                0x1fff8278                __cy_heap_limit = .

.stack          0x20007800      0x800
                0x20007800                __cy_stack_limit = .
                0x20008000                . = (. + 0x800)
 *fill*         0x20007800      0x800 
                0x00000001                ASSERT ((__cy_stack_limit >= __cy_heap_limit), region RAM overflowed with stack)
                0x00000000                cy_checksum_exclude_size = (CY_APPL_LOADABLE == 0x1)?SIZEOF (.cy_checksum_exclude):0x0
                0x00000001                ASSERT ((cy_checksum_exclude_size <= CY_CHECKSUM_EXCLUDE_SIZE), CY_BOOT: Section .cy_checksum_exclude size exceedes specified limit.)

.cyloadermeta
 *(.cyloadermeta)

.cyloadablemeta
 *(.cyloadablemeta)

.cyconfigecc    0x80000000      0x574
 *(.cyconfigecc)
 .cyconfigecc   0x80000000      0x574 .\CortexM3\ARM_GCC_541\Debug\cymetadata.o
                0x80000000                cy_meta_configecc

.cycustnvl      0x90000000        0x4
 *(.cycustnvl)
 .cycustnvl     0x90000000        0x4 .\CortexM3\ARM_GCC_541\Debug\cymetadata.o
                0x90000000                cy_meta_custnvl

.cywolatch      0x90100000        0x4
 *(.cywolatch)
 .cywolatch     0x90100000        0x4 .\CortexM3\ARM_GCC_541\Debug\cymetadata.o
                0x90100000                cy_meta_wonvl

.cyeeprom       0x90200000        0x0
 *(.cyeeprom)
                0x00000001                ASSERT ((. <= ((0x90200000 + ee_offset) + ee_size)), .cyeeprom data will not fit in EEPROM)

.cyflashprotect
                0x90400000      0x100
 *(.cyflashprotect)
 .cyflashprotect
                0x90400000      0x100 .\CortexM3\ARM_GCC_541\Debug\cymetadata.o
                0x90400000                cy_meta_flashprotect

.cymeta         0x90500000        0xc
 *(.cymeta)
 .cymeta        0x90500000        0xc .\CortexM3\ARM_GCC_541\Debug\cymetadata.o
                0x90500000                cy_metadata

.rel.dyn        0x000025e8        0x0 load address 0x9050000c
 .rel.iplt      0x000025e8        0x0 c:/program files (x86)/cypress/psoc creator/4.4/psoc creator/import/gnu/arm/5.4.1/bin/../lib/gcc/arm-none-eabi/5.4.1/armv7-m/crtbegin.o

.stab
 *(.stab)

.stabstr
 *(.stabstr)

.debug
 *(.debug)

.line
 *(.line)

.debug_srcinfo
 *(.debug_srcinfo)

.debug_sfnames
 *(.debug_sfnames)

.debug_aranges  0x00000000      0xb48
 *(.debug_aranges)
 .debug_aranges
                0x00000000       0x58 .\CortexM3\ARM_GCC_541\Debug\main.o
 .debug_aranges
                0x00000058       0x50 .\CortexM3\ARM_GCC_541\Debug\OneWireLab.o
 .debug_aranges
                0x000000a8       0x58 .\CortexM3\ARM_GCC_541\Debug\cyfitter_cfg.o
 .debug_aranges
                0x00000100       0x18 .\CortexM3\ARM_GCC_541\Debug\cymetadata.o
 .debug_aranges
                0x00000118       0x48 .\CortexM3\ARM_GCC_541\Debug\Cm3Start.o
 .debug_aranges
                0x00000160      0x2a0 .\CortexM3\ARM_GCC_541\Debug\Green_House.a(CyLib.o)
 .debug_aranges
                0x00000400       0x98 .\CortexM3\ARM_GCC_541\Debug\Green_House.a(cyPm.o)
 .debug_aranges
                0x00000498       0xf0 .\CortexM3\ARM_GCC_541\Debug\Green_House.a(UART.o)
 .debug_aranges
                0x00000588       0x80 .\CortexM3\ARM_GCC_541\Debug\Green_House.a(isr_UART.o)
 .debug_aranges
                0x00000608       0x70 .\CortexM3\ARM_GCC_541\Debug\Green_House.a(UART_IntClock.o)
 .debug_aranges
                0x00000678       0x38 .\CortexM3\ARM_GCC_541\Debug\Green_House.a(I2C_RTC.o)
 .debug_aranges
                0x000006b0       0x20 .\CortexM3\ARM_GCC_541\Debug\Green_House.a(I2C_RTC_INT.o)
 .debug_aranges
                0x000006d0       0x38 .\CortexM3\ARM_GCC_541\Debug\Green_House.a(I2C_RTC_PM.o)
 .debug_aranges
                0x00000708       0x80 .\CortexM3\ARM_GCC_541\Debug\Green_House.a(I2C_RTC_MASTER.o)
 .debug_aranges
                0x00000788       0x90 .\CortexM3\ARM_GCC_541\Debug\Green_House.a(Timer.o)
 .debug_aranges
                0x00000818       0x98 .\CortexM3\ARM_GCC_541\Debug\Green_House.a(PWM.o)
 .debug_aranges
                0x000008b0       0x80 .\CortexM3\ARM_GCC_541\Debug\Green_House.a(isr_PWM.o)
 .debug_aranges
                0x00000930       0x80 .\CortexM3\ARM_GCC_541\Debug\Green_House.a(isr_Timer.o)
 .debug_aranges
                0x000009b0       0x38 .\CortexM3\ARM_GCC_541\Debug\Green_House.a(LED_Heating.o)
 .debug_aranges
                0x000009e8       0x38 .\CortexM3\ARM_GCC_541\Debug\Green_House.a(OneWirePin.o)
 .debug_aranges
                0x00000a20       0x20 .\CortexM3\ARM_GCC_541\Debug\Green_House.a(CyBootAsmGnu.o)
 .debug_aranges
                0x00000a40       0x88 .\CortexM3\ARM_GCC_541\Debug\Green_House.a(CyFlash.o)
 .debug_aranges
                0x00000ac8       0x80 .\CortexM3\ARM_GCC_541\Debug\Green_House.a(CySpc.o)

.debug_pubnames
 *(.debug_pubnames)

.debug_info     0x00000000     0x63c9
 *(.debug_info .gnu.linkonce.wi.*)
 .debug_info    0x00000000      0x658 .\CortexM3\ARM_GCC_541\Debug\main.o
 .debug_info    0x00000658      0x54d .\CortexM3\ARM_GCC_541\Debug\OneWireLab.o
 .debug_info    0x00000ba5      0x5b9 .\CortexM3\ARM_GCC_541\Debug\cyfitter_cfg.o
 .debug_info    0x0000115e      0x136 .\CortexM3\ARM_GCC_541\Debug\cymetadata.o
 .debug_info    0x00001294      0x3bb .\CortexM3\ARM_GCC_541\Debug\Cm3Start.o
 .debug_info    0x0000164f     0x1374 .\CortexM3\ARM_GCC_541\Debug\Green_House.a(CyLib.o)
 .debug_info    0x000029c3      0xa2a .\CortexM3\ARM_GCC_541\Debug\Green_House.a(cyPm.o)
 .debug_info    0x000033ed      0x60c .\CortexM3\ARM_GCC_541\Debug\Green_House.a(UART.o)
 .debug_info    0x000039f9      0x2d2 .\CortexM3\ARM_GCC_541\Debug\Green_House.a(isr_UART.o)
 .debug_info    0x00003ccb      0x283 .\CortexM3\ARM_GCC_541\Debug\Green_House.a(UART_IntClock.o)
 .debug_info    0x00003f4e      0x2ad .\CortexM3\ARM_GCC_541\Debug\Green_House.a(I2C_RTC.o)
 .debug_info    0x000041fb      0x184 .\CortexM3\ARM_GCC_541\Debug\Green_House.a(I2C_RTC_INT.o)
 .debug_info    0x0000437f      0x207 .\CortexM3\ARM_GCC_541\Debug\Green_House.a(I2C_RTC_PM.o)
 .debug_info    0x00004586      0x407 .\CortexM3\ARM_GCC_541\Debug\Green_House.a(I2C_RTC_MASTER.o)
 .debug_info    0x0000498d      0x2d1 .\CortexM3\ARM_GCC_541\Debug\Green_House.a(Timer.o)
 .debug_info    0x00004c5e      0x354 .\CortexM3\ARM_GCC_541\Debug\Green_House.a(PWM.o)
 .debug_info    0x00004fb2      0x2d2 .\CortexM3\ARM_GCC_541\Debug\Green_House.a(isr_PWM.o)
 .debug_info    0x00005284      0x2d2 .\CortexM3\ARM_GCC_541\Debug\Green_House.a(isr_Timer.o)
 .debug_info    0x00005556      0x11f .\CortexM3\ARM_GCC_541\Debug\Green_House.a(LED_Heating.o)
 .debug_info    0x00005675      0x11f .\CortexM3\ARM_GCC_541\Debug\Green_House.a(OneWirePin.o)
 .debug_info    0x00005794       0x98 .\CortexM3\ARM_GCC_541\Debug\Green_House.a(CyBootAsmGnu.o)
 .debug_info    0x0000582c      0x64d .\CortexM3\ARM_GCC_541\Debug\Green_House.a(CyFlash.o)
 .debug_info    0x00005e79      0x550 .\CortexM3\ARM_GCC_541\Debug\Green_House.a(CySpc.o)

.debug_abbrev   0x00000000     0x1d24
 *(.debug_abbrev)
 .debug_abbrev  0x00000000      0x157 .\CortexM3\ARM_GCC_541\Debug\main.o
 .debug_abbrev  0x00000157      0x194 .\CortexM3\ARM_GCC_541\Debug\OneWireLab.o
 .debug_abbrev  0x000002eb      0x20d .\CortexM3\ARM_GCC_541\Debug\cyfitter_cfg.o
 .debug_abbrev  0x000004f8       0x77 .\CortexM3\ARM_GCC_541\Debug\cymetadata.o
 .debug_abbrev  0x0000056f      0x1e8 .\CortexM3\ARM_GCC_541\Debug\Cm3Start.o
 .debug_abbrev  0x00000757      0x254 .\CortexM3\ARM_GCC_541\Debug\Green_House.a(CyLib.o)
 .debug_abbrev  0x000009ab      0x1ab .\CortexM3\ARM_GCC_541\Debug\Green_House.a(cyPm.o)
 .debug_abbrev  0x00000b56      0x175 .\CortexM3\ARM_GCC_541\Debug\Green_House.a(UART.o)
 .debug_abbrev  0x00000ccb      0x173 .\CortexM3\ARM_GCC_541\Debug\Green_House.a(isr_UART.o)
 .debug_abbrev  0x00000e3e      0x139 .\CortexM3\ARM_GCC_541\Debug\Green_House.a(UART_IntClock.o)
 .debug_abbrev  0x00000f77      0x10a .\CortexM3\ARM_GCC_541\Debug\Green_House.a(I2C_RTC.o)
 .debug_abbrev  0x00001081       0xb6 .\CortexM3\ARM_GCC_541\Debug\Green_House.a(I2C_RTC_INT.o)
 .debug_abbrev  0x00001137       0xfe .\CortexM3\ARM_GCC_541\Debug\Green_House.a(I2C_RTC_PM.o)
 .debug_abbrev  0x00001235      0x13c .\CortexM3\ARM_GCC_541\Debug\Green_House.a(I2C_RTC_MASTER.o)
 .debug_abbrev  0x00001371      0x12b .\CortexM3\ARM_GCC_541\Debug\Green_House.a(Timer.o)
 .debug_abbrev  0x0000149c      0x133 .\CortexM3\ARM_GCC_541\Debug\Green_House.a(PWM.o)
 .debug_abbrev  0x000015cf      0x173 .\CortexM3\ARM_GCC_541\Debug\Green_House.a(isr_PWM.o)
 .debug_abbrev  0x00001742      0x173 .\CortexM3\ARM_GCC_541\Debug\Green_House.a(isr_Timer.o)
 .debug_abbrev  0x000018b5       0x90 .\CortexM3\ARM_GCC_541\Debug\Green_House.a(LED_Heating.o)
 .debug_abbrev  0x00001945       0x90 .\CortexM3\ARM_GCC_541\Debug\Green_House.a(OneWirePin.o)
 .debug_abbrev  0x000019d5       0x14 .\CortexM3\ARM_GCC_541\Debug\Green_House.a(CyBootAsmGnu.o)
 .debug_abbrev  0x000019e9      0x1a7 .\CortexM3\ARM_GCC_541\Debug\Green_House.a(CyFlash.o)
 .debug_abbrev  0x00001b90      0x194 .\CortexM3\ARM_GCC_541\Debug\Green_House.a(CySpc.o)

.debug_line     0x00000000     0x2c54
 *(.debug_line)
 .debug_line    0x00000000      0x373 .\CortexM3\ARM_GCC_541\Debug\main.o
 .debug_line    0x00000373      0x252 .\CortexM3\ARM_GCC_541\Debug\OneWireLab.o
 .debug_line    0x000005c5      0x1f8 .\CortexM3\ARM_GCC_541\Debug\cyfitter_cfg.o
 .debug_line    0x000007bd      0x141 .\CortexM3\ARM_GCC_541\Debug\cymetadata.o
 .debug_line    0x000008fe      0x234 .\CortexM3\ARM_GCC_541\Debug\Cm3Start.o
 .debug_line    0x00000b32      0x816 .\CortexM3\ARM_GCC_541\Debug\Green_House.a(CyLib.o)
 .debug_line    0x00001348      0x367 .\CortexM3\ARM_GCC_541\Debug\Green_House.a(cyPm.o)
 .debug_line    0x000016af      0x2bc .\CortexM3\ARM_GCC_541\Debug\Green_House.a(UART.o)
 .debug_line    0x0000196b      0x135 .\CortexM3\ARM_GCC_541\Debug\Green_House.a(isr_UART.o)
 .debug_line    0x00001aa0      0x17c .\CortexM3\ARM_GCC_541\Debug\Green_House.a(UART_IntClock.o)
 .debug_line    0x00001c1c       0xe5 .\CortexM3\ARM_GCC_541\Debug\Green_House.a(I2C_RTC.o)
 .debug_line    0x00001d01      0x11c .\CortexM3\ARM_GCC_541\Debug\Green_House.a(I2C_RTC_INT.o)
 .debug_line    0x00001e1d       0xc3 .\CortexM3\ARM_GCC_541\Debug\Green_House.a(I2C_RTC_PM.o)
 .debug_line    0x00001ee0      0x205 .\CortexM3\ARM_GCC_541\Debug\Green_House.a(I2C_RTC_MASTER.o)
 .debug_line    0x000020e5      0x170 .\CortexM3\ARM_GCC_541\Debug\Green_House.a(Timer.o)
 .debug_line    0x00002255      0x186 .\CortexM3\ARM_GCC_541\Debug\Green_House.a(PWM.o)
 .debug_line    0x000023db      0x134 .\CortexM3\ARM_GCC_541\Debug\Green_House.a(isr_PWM.o)
 .debug_line    0x0000250f      0x136 .\CortexM3\ARM_GCC_541\Debug\Green_House.a(isr_Timer.o)
 .debug_line    0x00002645       0x98 .\CortexM3\ARM_GCC_541\Debug\Green_House.a(LED_Heating.o)
 .debug_line    0x000026dd       0x97 .\CortexM3\ARM_GCC_541\Debug\Green_House.a(OneWirePin.o)
 .debug_line    0x00002774       0x66 .\CortexM3\ARM_GCC_541\Debug\Green_House.a(CyBootAsmGnu.o)
 .debug_line    0x000027da      0x21a .\CortexM3\ARM_GCC_541\Debug\Green_House.a(CyFlash.o)
 .debug_line    0x000029f4      0x260 .\CortexM3\ARM_GCC_541\Debug\Green_House.a(CySpc.o)

.debug_frame    0x00000000     0x1f34
 *(.debug_frame)
 .debug_frame   0x00000000       0xf0 .\CortexM3\ARM_GCC_541\Debug\main.o
 .debug_frame   0x000000f0       0xdc .\CortexM3\ARM_GCC_541\Debug\OneWireLab.o
 .debug_frame   0x000001cc       0xe4 .\CortexM3\ARM_GCC_541\Debug\cyfitter_cfg.o
 .debug_frame   0x000002b0       0xb8 .\CortexM3\ARM_GCC_541\Debug\Cm3Start.o
 .debug_frame   0x00000368      0x738 .\CortexM3\ARM_GCC_541\Debug\Green_House.a(CyLib.o)
 .debug_frame   0x00000aa0      0x1f8 .\CortexM3\ARM_GCC_541\Debug\Green_House.a(cyPm.o)
 .debug_frame   0x00000c98      0x250 .\CortexM3\ARM_GCC_541\Debug\Green_House.a(UART.o)
 .debug_frame   0x00000ee8      0x104 .\CortexM3\ARM_GCC_541\Debug\Green_House.a(isr_UART.o)
 .debug_frame   0x00000fec       0xe0 .\CortexM3\ARM_GCC_541\Debug\Green_House.a(UART_IntClock.o)
 .debug_frame   0x000010cc       0x94 .\CortexM3\ARM_GCC_541\Debug\Green_House.a(I2C_RTC.o)
 .debug_frame   0x00001160       0x30 .\CortexM3\ARM_GCC_541\Debug\Green_House.a(I2C_RTC_INT.o)
 .debug_frame   0x00001190       0x74 .\CortexM3\ARM_GCC_541\Debug\Green_House.a(I2C_RTC_PM.o)
 .debug_frame   0x00001204      0x138 .\CortexM3\ARM_GCC_541\Debug\Green_House.a(I2C_RTC_MASTER.o)
 .debug_frame   0x0000133c      0x124 .\CortexM3\ARM_GCC_541\Debug\Green_House.a(Timer.o)
 .debug_frame   0x00001460      0x134 .\CortexM3\ARM_GCC_541\Debug\Green_House.a(PWM.o)
 .debug_frame   0x00001594      0x104 .\CortexM3\ARM_GCC_541\Debug\Green_House.a(isr_PWM.o)
 .debug_frame   0x00001698      0x104 .\CortexM3\ARM_GCC_541\Debug\Green_House.a(isr_Timer.o)
 .debug_frame   0x0000179c       0x50 .\CortexM3\ARM_GCC_541\Debug\Green_House.a(LED_Heating.o)
 .debug_frame   0x000017ec       0x50 .\CortexM3\ARM_GCC_541\Debug\Green_House.a(OneWirePin.o)
 .debug_frame   0x0000183c      0x194 .\CortexM3\ARM_GCC_541\Debug\Green_House.a(CyFlash.o)
 .debug_frame   0x000019d0      0x180 .\CortexM3\ARM_GCC_541\Debug\Green_House.a(CySpc.o)
 .debug_frame   0x00001b50       0x20 c:/program files (x86)/cypress/psoc creator/4.4/psoc creator/import/gnu/arm/5.4.1/bin/../lib/gcc/arm-none-eabi/5.4.1/../../../../arm-none-eabi/lib/armv7-m\libg_nano.a(lib_a-errno.o)
 .debug_frame   0x00001b70       0x28 c:/program files (x86)/cypress/psoc creator/4.4/psoc creator/import/gnu/arm/5.4.1/bin/../lib/gcc/arm-none-eabi/5.4.1/../../../../arm-none-eabi/lib/armv7-m\libg_nano.a(lib_a-exit.o)
 .debug_frame   0x00001b98       0x2c c:/program files (x86)/cypress/psoc creator/4.4/psoc creator/import/gnu/arm/5.4.1/bin/../lib/gcc/arm-none-eabi/5.4.1/../../../../arm-none-eabi/lib/armv7-m\libg_nano.a(lib_a-init.o)
 .debug_frame   0x00001bc4       0x28 c:/program files (x86)/cypress/psoc creator/4.4/psoc creator/import/gnu/arm/5.4.1/bin/../lib/gcc/arm-none-eabi/5.4.1/../../../../arm-none-eabi/lib/armv7-m\libg_nano.a(lib_a-memcpy-stub.o)
 .debug_frame   0x00001bec       0x20 c:/program files (x86)/cypress/psoc creator/4.4/psoc creator/import/gnu/arm/5.4.1/bin/../lib/gcc/arm-none-eabi/5.4.1/../../../../arm-none-eabi/lib/armv7-m\libg_nano.a(lib_a-memset.o)
 .debug_frame   0x00001c0c       0x70 c:/program files (x86)/cypress/psoc creator/4.4/psoc creator/import/gnu/arm/5.4.1/bin/../lib/gcc/arm-none-eabi/5.4.1/../../../../arm-none-eabi/lib/armv7-m\libg_nano.a(lib_a-sprintf.o)
 .debug_frame   0x00001c7c       0x90 c:/program files (x86)/cypress/psoc creator/4.4/psoc creator/import/gnu/arm/5.4.1/bin/../lib/gcc/arm-none-eabi/5.4.1/../../../../arm-none-eabi/lib/armv7-m\libg_nano.a(lib_a-nano-svfprintf.o)
 .debug_frame   0x00001d0c       0x60 c:/program files (x86)/cypress/psoc creator/4.4/psoc creator/import/gnu/arm/5.4.1/bin/../lib/gcc/arm-none-eabi/5.4.1/../../../../arm-none-eabi/lib/armv7-m\libg_nano.a(lib_a-nano-vfprintf_i.o)
 .debug_frame   0x00001d6c       0x28 c:/program files (x86)/cypress/psoc creator/4.4/psoc creator/import/gnu/arm/5.4.1/bin/../lib/gcc/arm-none-eabi/5.4.1/../../../../arm-none-eabi/lib/armv7-m\libg_nano.a(lib_a-memchr-stub.o)
 .debug_frame   0x00001d94       0x28 c:/program files (x86)/cypress/psoc creator/4.4/psoc creator/import/gnu/arm/5.4.1/bin/../lib/gcc/arm-none-eabi/5.4.1/../../../../arm-none-eabi/lib/armv7-m\libg_nano.a(lib_a-memmove.o)
 .debug_frame   0x00001dbc       0x38 c:/program files (x86)/cypress/psoc creator/4.4/psoc creator/import/gnu/arm/5.4.1/bin/../lib/gcc/arm-none-eabi/5.4.1/../../../../arm-none-eabi/lib/armv7-m\libg_nano.a(lib_a-nano-freer.o)
 .debug_frame   0x00001df4       0x2c c:/program files (x86)/cypress/psoc creator/4.4/psoc creator/import/gnu/arm/5.4.1/bin/../lib/gcc/arm-none-eabi/5.4.1/../../../../arm-none-eabi/lib/armv7-m\libg_nano.a(lib_a-nano-mallocr.o)
 .debug_frame   0x00001e20       0x3c c:/program files (x86)/cypress/psoc creator/4.4/psoc creator/import/gnu/arm/5.4.1/bin/../lib/gcc/arm-none-eabi/5.4.1/../../../../arm-none-eabi/lib/armv7-m\libg_nano.a(lib_a-nano-reallocr.o)
 .debug_frame   0x00001e5c       0x2c c:/program files (x86)/cypress/psoc creator/4.4/psoc creator/import/gnu/arm/5.4.1/bin/../lib/gcc/arm-none-eabi/5.4.1/../../../../arm-none-eabi/lib/armv7-m\libg_nano.a(lib_a-sbrkr.o)
 .debug_frame   0x00001e88       0x30 c:/program files (x86)/cypress/psoc creator/4.4/psoc creator/import/gnu/arm/5.4.1/bin/../lib/gcc/arm-none-eabi/5.4.1/../../../../arm-none-eabi/lib/armv7-m\libg_nano.a(lib_a-mlock.o)
 .debug_frame   0x00001eb8       0x20 c:/program files (x86)/cypress/psoc creator/4.4/psoc creator/import/gnu/arm/5.4.1/bin/../lib/gcc/arm-none-eabi/5.4.1/../../../../arm-none-eabi/lib/armv7-m\libg_nano.a(lib_a-nano-msizer.o)
 .debug_frame   0x00001ed8       0x5c c:/program files (x86)/cypress/psoc creator/4.4/psoc creator/import/gnu/arm/5.4.1/bin/../lib/gcc/arm-none-eabi/5.4.1/../../../../arm-none-eabi/lib/armv7-m\libg_nano.a(lib_a-reent.o)

.debug_str      0x00000000     0x237f
 *(.debug_str)
 .debug_str     0x00000000      0x3e2 .\CortexM3\ARM_GCC_541\Debug\main.o
                                0x44b (size before relaxing)
 .debug_str     0x000003e2      0x12f .\CortexM3\ARM_GCC_541\Debug\OneWireLab.o
                                0x305 (size before relaxing)
 .debug_str     0x00000511      0x1af .\CortexM3\ARM_GCC_541\Debug\cyfitter_cfg.o
                                0x34c (size before relaxing)
 .debug_str     0x000006c0       0x7f .\CortexM3\ARM_GCC_541\Debug\cymetadata.o
                                0x1ec (size before relaxing)
 .debug_str     0x0000073f      0x144 .\CortexM3\ARM_GCC_541\Debug\Cm3Start.o
                                0x312 (size before relaxing)
 .debug_str     0x00000883      0x835 .\CortexM3\ARM_GCC_541\Debug\Green_House.a(CyLib.o)
                                0xa4f (size before relaxing)
 .debug_str     0x000010b8      0x365 .\CortexM3\ARM_GCC_541\Debug\Green_House.a(cyPm.o)
                                0x73b (size before relaxing)
 .debug_str     0x0000141d      0x24f .\CortexM3\ARM_GCC_541\Debug\Green_House.a(UART.o)
                                0x47d (size before relaxing)
 .debug_str     0x0000166c       0xe9 .\CortexM3\ARM_GCC_541\Debug\Green_House.a(isr_UART.o)
                                0x2d8 (size before relaxing)
 .debug_str     0x00001755      0x183 .\CortexM3\ARM_GCC_541\Debug\Green_House.a(UART_IntClock.o)
                                0x33e (size before relaxing)
 .debug_str     0x000018d8      0x105 .\CortexM3\ARM_GCC_541\Debug\Green_House.a(I2C_RTC.o)
                                0x319 (size before relaxing)
 .debug_str     0x000019dd       0xa2 .\CortexM3\ARM_GCC_541\Debug\Green_House.a(I2C_RTC_INT.o)
                                0x293 (size before relaxing)
 .debug_str     0x00001a7f       0x6a .\CortexM3\ARM_GCC_541\Debug\Green_House.a(I2C_RTC_PM.o)
                                0x2a9 (size before relaxing)
 .debug_str     0x00001ae9      0x130 .\CortexM3\ARM_GCC_541\Debug\Green_House.a(I2C_RTC_MASTER.o)
                                0x408 (size before relaxing)
 .debug_str     0x00001c19      0x136 .\CortexM3\ARM_GCC_541\Debug\Green_House.a(Timer.o)
                                0x336 (size before relaxing)
 .debug_str     0x00001d4f      0x106 .\CortexM3\ARM_GCC_541\Debug\Green_House.a(PWM.o)
                                0x340 (size before relaxing)
 .debug_str     0x00001e55       0xf2 .\CortexM3\ARM_GCC_541\Debug\Green_House.a(isr_PWM.o)
                                0x2ca (size before relaxing)
 .debug_str     0x00001f47      0x10c .\CortexM3\ARM_GCC_541\Debug\Green_House.a(isr_Timer.o)
                                0x2e6 (size before relaxing)
 .debug_str     0x00002053       0x72 .\CortexM3\ARM_GCC_541\Debug\Green_House.a(LED_Heating.o)
                                0x208 (size before relaxing)
 .debug_str     0x000020c5       0x53 .\CortexM3\ARM_GCC_541\Debug\Green_House.a(OneWirePin.o)
                                0x203 (size before relaxing)
 .debug_str     0x00002118      0x1bb .\CortexM3\ARM_GCC_541\Debug\Green_House.a(CyFlash.o)
                                0x3c8 (size before relaxing)
 .debug_str     0x000022d3       0xac .\CortexM3\ARM_GCC_541\Debug\Green_House.a(CySpc.o)
                                0x340 (size before relaxing)

.debug_loc      0x00000000     0x26b5
 *(.debug_loc)
 .debug_loc     0x00000000       0xb4 .\CortexM3\ARM_GCC_541\Debug\main.o
 .debug_loc     0x000000b4       0xd5 .\CortexM3\ARM_GCC_541\Debug\OneWireLab.o
 .debug_loc     0x00000189      0x259 .\CortexM3\ARM_GCC_541\Debug\cyfitter_cfg.o
 .debug_loc     0x000003e2      0x144 .\CortexM3\ARM_GCC_541\Debug\Cm3Start.o
 .debug_loc     0x00000526      0xa11 .\CortexM3\ARM_GCC_541\Debug\Green_House.a(CyLib.o)
 .debug_loc     0x00000f37      0x1e4 .\CortexM3\ARM_GCC_541\Debug\Green_House.a(cyPm.o)
 .debug_loc     0x0000111b      0x258 .\CortexM3\ARM_GCC_541\Debug\Green_House.a(UART.o)
 .debug_loc     0x00001373       0x56 .\CortexM3\ARM_GCC_541\Debug\Green_House.a(isr_UART.o)
 .debug_loc     0x000013c9      0x128 .\CortexM3\ARM_GCC_541\Debug\Green_House.a(UART_IntClock.o)
 .debug_loc     0x000014f1       0x39 .\CortexM3\ARM_GCC_541\Debug\Green_House.a(I2C_RTC.o)
 .debug_loc     0x0000152a       0x29 .\CortexM3\ARM_GCC_541\Debug\Green_House.a(I2C_RTC_INT.o)
 .debug_loc     0x00001553       0x13 .\CortexM3\ARM_GCC_541\Debug\Green_House.a(I2C_RTC_PM.o)
 .debug_loc     0x00001566      0x52f .\CortexM3\ARM_GCC_541\Debug\Green_House.a(I2C_RTC_MASTER.o)
 .debug_loc     0x00001a95       0x13 .\CortexM3\ARM_GCC_541\Debug\Green_House.a(Timer.o)
 .debug_loc     0x00001aa8       0x26 .\CortexM3\ARM_GCC_541\Debug\Green_House.a(PWM.o)
 .debug_loc     0x00001ace       0x56 .\CortexM3\ARM_GCC_541\Debug\Green_House.a(isr_PWM.o)
 .debug_loc     0x00001b24       0x56 .\CortexM3\ARM_GCC_541\Debug\Green_House.a(isr_Timer.o)
 .debug_loc     0x00001b7a       0x42 .\CortexM3\ARM_GCC_541\Debug\Green_House.a(LED_Heating.o)
 .debug_loc     0x00001bbc       0x42 .\CortexM3\ARM_GCC_541\Debug\Green_House.a(OneWirePin.o)
 .debug_loc     0x00001bfe      0x3b2 .\CortexM3\ARM_GCC_541\Debug\Green_House.a(CyFlash.o)
 .debug_loc     0x00001fb0      0x705 .\CortexM3\ARM_GCC_541\Debug\Green_House.a(CySpc.o)

.debug_macinfo
 *(.debug_macinfo)

.debug_ranges   0x00000000      0x9c0
 *(.debug_ranges)
 .debug_ranges  0x00000000       0x48 .\CortexM3\ARM_GCC_541\Debug\main.o
 .debug_ranges  0x00000048       0x40 .\CortexM3\ARM_GCC_541\Debug\OneWireLab.o
 .debug_ranges  0x00000088       0x48 .\CortexM3\ARM_GCC_541\Debug\cyfitter_cfg.o
 .debug_ranges  0x000000d0       0x38 .\CortexM3\ARM_GCC_541\Debug\Cm3Start.o
 .debug_ranges  0x00000108      0x290 .\CortexM3\ARM_GCC_541\Debug\Green_House.a(CyLib.o)
 .debug_ranges  0x00000398       0x88 .\CortexM3\ARM_GCC_541\Debug\Green_House.a(cyPm.o)
 .debug_ranges  0x00000420       0xe0 .\CortexM3\ARM_GCC_541\Debug\Green_House.a(UART.o)
 .debug_ranges  0x00000500       0x70 .\CortexM3\ARM_GCC_541\Debug\Green_House.a(isr_UART.o)
 .debug_ranges  0x00000570       0x60 .\CortexM3\ARM_GCC_541\Debug\Green_House.a(UART_IntClock.o)
 .debug_ranges  0x000005d0       0x28 .\CortexM3\ARM_GCC_541\Debug\Green_House.a(I2C_RTC.o)
 .debug_ranges  0x000005f8       0x10 .\CortexM3\ARM_GCC_541\Debug\Green_House.a(I2C_RTC_INT.o)
 .debug_ranges  0x00000608       0x28 .\CortexM3\ARM_GCC_541\Debug\Green_House.a(I2C_RTC_PM.o)
 .debug_ranges  0x00000630       0x70 .\CortexM3\ARM_GCC_541\Debug\Green_House.a(I2C_RTC_MASTER.o)
 .debug_ranges  0x000006a0       0x80 .\CortexM3\ARM_GCC_541\Debug\Green_House.a(Timer.o)
 .debug_ranges  0x00000720       0x88 .\CortexM3\ARM_GCC_541\Debug\Green_House.a(PWM.o)
 .debug_ranges  0x000007a8       0x70 .\CortexM3\ARM_GCC_541\Debug\Green_House.a(isr_PWM.o)
 .debug_ranges  0x00000818       0x70 .\CortexM3\ARM_GCC_541\Debug\Green_House.a(isr_Timer.o)
 .debug_ranges  0x00000888       0x28 .\CortexM3\ARM_GCC_541\Debug\Green_House.a(LED_Heating.o)
 .debug_ranges  0x000008b0       0x28 .\CortexM3\ARM_GCC_541\Debug\Green_House.a(OneWirePin.o)
 .debug_ranges  0x000008d8       0x78 .\CortexM3\ARM_GCC_541\Debug\Green_House.a(CyFlash.o)
 .debug_ranges  0x00000950       0x70 .\CortexM3\ARM_GCC_541\Debug\Green_House.a(CySpc.o)

.comment        0x00000000       0x6e
 .comment       0x00000000       0x6e .\CortexM3\ARM_GCC_541\Debug\main.o
                                 0x6f (size before relaxing)
 .comment       0x0000006e       0x6f .\CortexM3\ARM_GCC_541\Debug\OneWireLab.o
 .comment       0x0000006e       0x6f .\CortexM3\ARM_GCC_541\Debug\cyfitter_cfg.o
 .comment       0x0000006e       0x6f .\CortexM3\ARM_GCC_541\Debug\cymetadata.o
 .comment       0x0000006e       0x6f .\CortexM3\ARM_GCC_541\Debug\Cm3Start.o
 .comment       0x0000006e       0x6f .\CortexM3\ARM_GCC_541\Debug\Green_House.a(CyLib.o)
 .comment       0x0000006e       0x6f .\CortexM3\ARM_GCC_541\Debug\Green_House.a(cyPm.o)
 .comment       0x0000006e       0x6f .\CortexM3\ARM_GCC_541\Debug\Green_House.a(UART.o)
 .comment       0x0000006e       0x6f .\CortexM3\ARM_GCC_541\Debug\Green_House.a(isr_UART.o)
 .comment       0x0000006e       0x6f .\CortexM3\ARM_GCC_541\Debug\Green_House.a(UART_IntClock.o)
 .comment       0x0000006e       0x6f .\CortexM3\ARM_GCC_541\Debug\Green_House.a(I2C_RTC.o)
 .comment       0x0000006e       0x6f .\CortexM3\ARM_GCC_541\Debug\Green_House.a(I2C_RTC_INT.o)
 .comment       0x0000006e       0x6f .\CortexM3\ARM_GCC_541\Debug\Green_House.a(I2C_RTC_PM.o)
 .comment       0x0000006e       0x6f .\CortexM3\ARM_GCC_541\Debug\Green_House.a(I2C_RTC_MASTER.o)
 .comment       0x0000006e       0x6f .\CortexM3\ARM_GCC_541\Debug\Green_House.a(Timer.o)
 .comment       0x0000006e       0x6f .\CortexM3\ARM_GCC_541\Debug\Green_House.a(PWM.o)
 .comment       0x0000006e       0x6f .\CortexM3\ARM_GCC_541\Debug\Green_House.a(isr_PWM.o)
 .comment       0x0000006e       0x6f .\CortexM3\ARM_GCC_541\Debug\Green_House.a(isr_Timer.o)
 .comment       0x0000006e       0x6f .\CortexM3\ARM_GCC_541\Debug\Green_House.a(LED_Heating.o)
 .comment       0x0000006e       0x6f .\CortexM3\ARM_GCC_541\Debug\Green_House.a(OneWirePin.o)
 .comment       0x0000006e       0x6f .\CortexM3\ARM_GCC_541\Debug\Green_House.a(CyFlash.o)
 .comment       0x0000006e       0x6f .\CortexM3\ARM_GCC_541\Debug\Green_House.a(CySpc.o)

.debug_weaknames
 *(.debug_weaknames)

.debug_funcnames
 *(.debug_funcnames)

.debug_typenames
 *(.debug_typenames)

.debug_varnames
 *(.debug_varnames)

.note.gnu.arm.ident
 *(.note.gnu.arm.ident)

.ARM.attributes
                0x00000000       0x29
 *(.ARM.attributes)
 .ARM.attributes
                0x00000000       0x1d c:/program files (x86)/cypress/psoc creator/4.4/psoc creator/import/gnu/arm/5.4.1/bin/../lib/gcc/arm-none-eabi/5.4.1/armv7-m/crti.o
 .ARM.attributes
                0x0000001d       0x2d c:/program files (x86)/cypress/psoc creator/4.4/psoc creator/import/gnu/arm/5.4.1/bin/../lib/gcc/arm-none-eabi/5.4.1/armv7-m/crtbegin.o
 .ARM.attributes
                0x0000004a       0x1b c:/program files (x86)/cypress/psoc creator/4.4/psoc creator/import/gnu/arm/5.4.1/bin/../lib/gcc/arm-none-eabi/5.4.1/../../../../arm-none-eabi/lib/armv7-m/crt0.o
 .ARM.attributes
                0x00000065       0x33 .\CortexM3\ARM_GCC_541\Debug\main.o
 .ARM.attributes
                0x00000098       0x33 .\CortexM3\ARM_GCC_541\Debug\OneWireLab.o
 .ARM.attributes
                0x000000cb       0x33 .\CortexM3\ARM_GCC_541\Debug\cyfitter_cfg.o
 .ARM.attributes
                0x000000fe       0x33 .\CortexM3\ARM_GCC_541\Debug\cymetadata.o
 .ARM.attributes
                0x00000131       0x33 .\CortexM3\ARM_GCC_541\Debug\Cm3Start.o
 .ARM.attributes
                0x00000164       0x33 .\CortexM3\ARM_GCC_541\Debug\Green_House.a(CyLib.o)
 .ARM.attributes
                0x00000197       0x33 .\CortexM3\ARM_GCC_541\Debug\Green_House.a(cyPm.o)
 .ARM.attributes
                0x000001ca       0x33 .\CortexM3\ARM_GCC_541\Debug\Green_House.a(UART.o)
 .ARM.attributes
                0x000001fd       0x33 .\CortexM3\ARM_GCC_541\Debug\Green_House.a(isr_UART.o)
 .ARM.attributes
                0x00000230       0x33 .\CortexM3\ARM_GCC_541\Debug\Green_House.a(UART_IntClock.o)
 .ARM.attributes
                0x00000263       0x33 .\CortexM3\ARM_GCC_541\Debug\Green_House.a(I2C_RTC.o)
 .ARM.attributes
                0x00000296       0x33 .\CortexM3\ARM_GCC_541\Debug\Green_House.a(I2C_RTC_INT.o)
 .ARM.attributes
                0x000002c9       0x33 .\CortexM3\ARM_GCC_541\Debug\Green_House.a(I2C_RTC_PM.o)
 .ARM.attributes
                0x000002fc       0x33 .\CortexM3\ARM_GCC_541\Debug\Green_House.a(I2C_RTC_MASTER.o)
 .ARM.attributes
                0x0000032f       0x33 .\CortexM3\ARM_GCC_541\Debug\Green_House.a(Timer.o)
 .ARM.attributes
                0x00000362       0x33 .\CortexM3\ARM_GCC_541\Debug\Green_House.a(PWM.o)
 .ARM.attributes
                0x00000395       0x33 .\CortexM3\ARM_GCC_541\Debug\Green_House.a(isr_PWM.o)
 .ARM.attributes
                0x000003c8       0x33 .\CortexM3\ARM_GCC_541\Debug\Green_House.a(isr_Timer.o)
 .ARM.attributes
                0x000003fb       0x33 .\CortexM3\ARM_GCC_541\Debug\Green_House.a(LED_Heating.o)
 .ARM.attributes
                0x0000042e       0x33 .\CortexM3\ARM_GCC_541\Debug\Green_House.a(OneWirePin.o)
 .ARM.attributes
                0x00000461       0x21 .\CortexM3\ARM_GCC_541\Debug\Green_House.a(CyBootAsmGnu.o)
 .ARM.attributes
                0x00000482       0x33 .\CortexM3\ARM_GCC_541\Debug\Green_House.a(CyFlash.o)
 .ARM.attributes
                0x000004b5       0x33 .\CortexM3\ARM_GCC_541\Debug\Green_House.a(CySpc.o)
 .ARM.attributes
                0x000004e8       0x1d c:/program files (x86)/cypress/psoc creator/4.4/psoc creator/import/gnu/arm/5.4.1/bin/../lib/gcc/arm-none-eabi/5.4.1/armv7-m\libgcc.a(_arm_addsubdf3.o)
 .ARM.attributes
                0x00000505       0x1d c:/program files (x86)/cypress/psoc creator/4.4/psoc creator/import/gnu/arm/5.4.1/bin/../lib/gcc/arm-none-eabi/5.4.1/armv7-m\libgcc.a(_arm_muldivdf3.o)
 .ARM.attributes
                0x00000522       0x1d c:/program files (x86)/cypress/psoc creator/4.4/psoc creator/import/gnu/arm/5.4.1/bin/../lib/gcc/arm-none-eabi/5.4.1/armv7-m\libgcc.a(_arm_truncdfsf2.o)
 .ARM.attributes
                0x0000053f       0x1d c:/program files (x86)/cypress/psoc creator/4.4/psoc creator/import/gnu/arm/5.4.1/bin/../lib/gcc/arm-none-eabi/5.4.1/armv7-m\libgcc.a(_arm_addsubsf3.o)
 .ARM.attributes
                0x0000055c       0x1d c:/program files (x86)/cypress/psoc creator/4.4/psoc creator/import/gnu/arm/5.4.1/bin/../lib/gcc/arm-none-eabi/5.4.1/armv7-m\libgcc.a(_arm_fixunssfsi.o)
 .ARM.attributes
                0x00000579       0x2d c:/program files (x86)/cypress/psoc creator/4.4/psoc creator/import/gnu/arm/5.4.1/bin/../lib/gcc/arm-none-eabi/5.4.1/../../../../arm-none-eabi/lib/armv7-m\libg_nano.a(lib_a-errno.o)
 .ARM.attributes
                0x000005a6       0x2d c:/program files (x86)/cypress/psoc creator/4.4/psoc creator/import/gnu/arm/5.4.1/bin/../lib/gcc/arm-none-eabi/5.4.1/../../../../arm-none-eabi/lib/armv7-m\libg_nano.a(lib_a-exit.o)
 .ARM.attributes
                0x000005d3       0x2d c:/program files (x86)/cypress/psoc creator/4.4/psoc creator/import/gnu/arm/5.4.1/bin/../lib/gcc/arm-none-eabi/5.4.1/../../../../arm-none-eabi/lib/armv7-m\libg_nano.a(lib_a-impure.o)
 .ARM.attributes
                0x00000600       0x2d c:/program files (x86)/cypress/psoc creator/4.4/psoc creator/import/gnu/arm/5.4.1/bin/../lib/gcc/arm-none-eabi/5.4.1/../../../../arm-none-eabi/lib/armv7-m\libg_nano.a(lib_a-init.o)
 .ARM.attributes
                0x0000062d       0x2d c:/program files (x86)/cypress/psoc creator/4.4/psoc creator/import/gnu/arm/5.4.1/bin/../lib/gcc/arm-none-eabi/5.4.1/../../../../arm-none-eabi/lib/armv7-m\libg_nano.a(lib_a-memcpy-stub.o)
 .ARM.attributes
                0x0000065a       0x2d c:/program files (x86)/cypress/psoc creator/4.4/psoc creator/import/gnu/arm/5.4.1/bin/../lib/gcc/arm-none-eabi/5.4.1/../../../../arm-none-eabi/lib/armv7-m\libg_nano.a(lib_a-memset.o)
 .ARM.attributes
                0x00000687       0x2d c:/program files (x86)/cypress/psoc creator/4.4/psoc creator/import/gnu/arm/5.4.1/bin/../lib/gcc/arm-none-eabi/5.4.1/../../../../arm-none-eabi/lib/armv7-m\libg_nano.a(lib_a-sprintf.o)
 .ARM.attributes
                0x000006b4       0x2d c:/program files (x86)/cypress/psoc creator/4.4/psoc creator/import/gnu/arm/5.4.1/bin/../lib/gcc/arm-none-eabi/5.4.1/../../../../arm-none-eabi/lib/armv7-m\libg_nano.a(lib_a-nano-svfprintf.o)
 .ARM.attributes
                0x000006e1       0x2d c:/program files (x86)/cypress/psoc creator/4.4/psoc creator/import/gnu/arm/5.4.1/bin/../lib/gcc/arm-none-eabi/5.4.1/../../../../arm-none-eabi/lib/armv7-m\libg_nano.a(lib_a-nano-vfprintf_i.o)
 .ARM.attributes
                0x0000070e       0x2d c:/program files (x86)/cypress/psoc creator/4.4/psoc creator/import/gnu/arm/5.4.1/bin/../lib/gcc/arm-none-eabi/5.4.1/../../../../arm-none-eabi/lib/armv7-m\libg_nano.a(lib_a-memchr-stub.o)
 .ARM.attributes
                0x0000073b       0x2d c:/program files (x86)/cypress/psoc creator/4.4/psoc creator/import/gnu/arm/5.4.1/bin/../lib/gcc/arm-none-eabi/5.4.1/../../../../arm-none-eabi/lib/armv7-m\libg_nano.a(lib_a-memmove.o)
 .ARM.attributes
                0x00000768       0x2d c:/program files (x86)/cypress/psoc creator/4.4/psoc creator/import/gnu/arm/5.4.1/bin/../lib/gcc/arm-none-eabi/5.4.1/../../../../arm-none-eabi/lib/armv7-m\libg_nano.a(lib_a-nano-freer.o)
 .ARM.attributes
                0x00000795       0x2d c:/program files (x86)/cypress/psoc creator/4.4/psoc creator/import/gnu/arm/5.4.1/bin/../lib/gcc/arm-none-eabi/5.4.1/../../../../arm-none-eabi/lib/armv7-m\libg_nano.a(lib_a-nano-mallocr.o)
 .ARM.attributes
                0x000007c2       0x2d c:/program files (x86)/cypress/psoc creator/4.4/psoc creator/import/gnu/arm/5.4.1/bin/../lib/gcc/arm-none-eabi/5.4.1/../../../../arm-none-eabi/lib/armv7-m\libg_nano.a(lib_a-nano-reallocr.o)
 .ARM.attributes
                0x000007ef       0x2d c:/program files (x86)/cypress/psoc creator/4.4/psoc creator/import/gnu/arm/5.4.1/bin/../lib/gcc/arm-none-eabi/5.4.1/../../../../arm-none-eabi/lib/armv7-m\libg_nano.a(lib_a-sbrkr.o)
 .ARM.attributes
                0x0000081c       0x2d c:/program files (x86)/cypress/psoc creator/4.4/psoc creator/import/gnu/arm/5.4.1/bin/../lib/gcc/arm-none-eabi/5.4.1/../../../../arm-none-eabi/lib/armv7-m\libg_nano.a(lib_a-mlock.o)
 .ARM.attributes
                0x00000849       0x2d c:/program files (x86)/cypress/psoc creator/4.4/psoc creator/import/gnu/arm/5.4.1/bin/../lib/gcc/arm-none-eabi/5.4.1/../../../../arm-none-eabi/lib/armv7-m\libg_nano.a(lib_a-nano-msizer.o)
 .ARM.attributes
                0x00000876       0x2d c:/program files (x86)/cypress/psoc creator/4.4/psoc creator/import/gnu/arm/5.4.1/bin/../lib/gcc/arm-none-eabi/5.4.1/../../../../arm-none-eabi/lib/armv7-m\libg_nano.a(lib_a-reent.o)
 .ARM.attributes
                0x000008a3       0x2d c:/program files (x86)/cypress/psoc creator/4.4/psoc creator/import/gnu/arm/5.4.1/bin/../lib/gcc/arm-none-eabi/5.4.1/armv7-m/crtend.o
 .ARM.attributes
                0x000008d0       0x1d c:/program files (x86)/cypress/psoc creator/4.4/psoc creator/import/gnu/arm/5.4.1/bin/../lib/gcc/arm-none-eabi/5.4.1/armv7-m/crtn.o

/DISCARD/
 *(.note.GNU-stack)
OUTPUT(C:\Users\Arold\Documents\GitHub\Green-House\Green_House\Green_House.cydsn\CortexM3\ARM_GCC_541\Debug\Green_House.elf elf32-littlearm)
